<html>
<body>
<pre>
<h1>µVision Build Log</h1>
<h2>Tool Versions:</h2>
IDE-Version: µVision V5.28.0.0
Copyright (C) 2019 ARM Ltd and ARM Germany GmbH. All rights reserved.
License Information: MinhNhan ADMIN, STM34, LIC=----
 
Tool Versions:
Toolchain:       MDK-Lite  Version: 5.28.0.0
Toolchain Path:  C:\Keil_v5\ARM\ARMCC\Bin
C Compiler:      Armcc.exe V5.06 update 6 (build 750)
Assembler:       Armasm.exe V5.06 update 6 (build 750)
Linker/Locator:  ArmLink.exe V5.06 update 6 (build 750)
Library Manager: ArmAr.exe V5.06 update 6 (build 750)
Hex Converter:   FromElf.exe V5.06 update 6 (build 750)
CPU DLL:         SARMCM3.DLL V5.28.0.0
Dialog DLL:      DCM.DLL V1.17.3.0
Target DLL:      STLink\ST-LINKIII-KEIL_SWO.dll V3.0.6.0
Dialog DLL:      TCM.DLL V1.36.2.0
 
<h2>Project:</h2>
D:\Automative\STM32\GPIO\DIO_3LED\DIO_3LED.uvprojx
Project File Date:  06/13/2023

<h2>Output:</h2>
*** Using Compiler 'V5.06 update 6 (build 750)', folder: 'C:\Keil_v5\ARM\ARMCC\Bin'
Rebuild target 'Target 1'
compiling BasicMathFunctionsF16.c...
compiling BayesFunctions.c...
compiling BayesFunctionsF16.c...
compiling BasicMathFunctions.c...
compiling main.c...
..\DIO_3LED\Dio.h(24): warning:  #1295-D: Deprecated declaration config - give arg types
  void config();
..\DIO_3LED\Dio.h(27): warning:  #1295-D: Deprecated declaration delay - give arg types
  void delay();
..\DIO_3LED\Dio.h(28): warning:  #1295-D: Deprecated declaration BlinkLED - give arg types
  void BlinkLED();
..\DIO_3LED\Dio.h(29): warning:  #1295-D: Deprecated declaration LED - give arg types
  void LED();
..\DIO_3LED\Dio.h(30): warning:  #1295-D: Deprecated declaration LED1 - give arg types
  void LED1();
..\DIO_3LED\Dio.h(31): warning:  #1295-D: Deprecated declaration program - give arg types
  void program();
..\DIO_3LED\Dio.h(32): warning:  #1-D: last line of file ends without a newline
  #endif
main.c: 7 warnings, 0 errors
compiling Dio.c...
..\DIO_3LED\Dio.h(24): warning:  #1295-D: Deprecated declaration config - give arg types
  void config();
..\DIO_3LED\Dio.h(27): warning:  #1295-D: Deprecated declaration delay - give arg types
  void delay();
..\DIO_3LED\Dio.h(28): warning:  #1295-D: Deprecated declaration BlinkLED - give arg types
  void BlinkLED();
..\DIO_3LED\Dio.h(29): warning:  #1295-D: Deprecated declaration LED - give arg types
  void LED();
..\DIO_3LED\Dio.h(30): warning:  #1295-D: Deprecated declaration LED1 - give arg types
  void LED1();
..\DIO_3LED\Dio.h(31): warning:  #1295-D: Deprecated declaration program - give arg types
  void program();
..\DIO_3LED\Dio.h(32): warning:  #1-D: last line of file ends without a newline
  #endif
Dio.c(278): warning:  #1-D: last line of file ends without a newline
  		}
Dio.c: 8 warnings, 0 errors
compiling CommonTablesF16.c...
compiling ComplexMathFunctionsF16.c...
compiling ComplexMathFunctions.c...
compiling ControllerFunctions.c...
compiling DistanceFunctionsF16.c...
compiling FastMathFunctionsF16.c...
C:\Users\ADMIN\AppData\Local\Arm\Packs\ARM\CMSIS-DSP\1.14.2\Source\FastMathFunctions\arm_vexp_f16.c(96): warning:  #1-D: last line of file ends without a newline
   */
C:\Users\ADMIN\AppData\Local\Arm\Packs\ARM\CMSIS-DSP\1.14.2\Source\FastMathFunctions\FastMathFunctionsF16.c: 1 warning, 0 errors
compiling DistanceFunctions.c...
compiling FastMathFunctions.c...
C:\Users\ADMIN\AppData\Local\Arm\Packs\ARM\CMSIS-DSP\1.14.2\Source\FastMathFunctions\arm_vexp_f32.c(123): warning:  #1-D: last line of file ends without a newline
   */
C:\Users\ADMIN\AppData\Local\Arm\Packs\ARM\CMSIS-DSP\1.14.2\Source\FastMathFunctions\FastMathFunctions.c: 1 warning, 0 errors
compiling FilteringFunctionsF16.c...
compiling InterpolationFunctionsF16.c...
compiling InterpolationFunctions.c...
compiling MatrixFunctionsF16.c...
C:\Users\ADMIN\AppData\Local\Arm\Packs\ARM\CMSIS-DSP\1.14.2\Source\MatrixFunctions\MatrixFunctionsF16.c(43): warning:  #1-D: last line of file ends without a newline
  #include "arm_householder_f16.c"
C:\Users\ADMIN\AppData\Local\Arm\Packs\ARM\CMSIS-DSP\1.14.2\Source\MatrixFunctions\MatrixFunctionsF16.c: 1 warning, 0 errors
compiling CommonTables.c...
compiling SVMFunctions.c...
compiling QuaternionMathFunctions.c...
compiling SVMFunctionsF16.c...
compiling StatisticsFunctionsF16.c...
compiling SupportFunctionsF16.c...
compiling SupportFunctions.c...
compiling StatisticsFunctions.c...
compiling TransformFunctionsF16.c...
compiling MatrixFunctions.c...
assembling startup_stm32f10x_md.s...
compiling misc.c...
compiling stm32f10x_gpio.c...
compiling system_stm32f10x.c...
compiling stm32f10x_rcc.c...
compiling FilteringFunctions.c...
compiling TransformFunctions.c...
linking...
Program Size: Code=1892 RO-data=252 RW-data=0 ZI-data=1792  
FromELF: creating hex file...
".\Objects\DIO_3LED.axf" - 0 Error(s), 18 Warning(s).

<h2>Software Packages used:</h2>

Package Vendor: ARM
                http://www.keil.com/pack/ARM.CMSIS.5.9.0.pack
                ARM.CMSIS.5.9.0
                CMSIS (Common Microcontroller Software Interface Standard)
   * Component: CORE Version: 5.6.0

Package Vendor: ARM
                https://www.keil.com/pack/ARM.CMSIS-DSP.1.14.2.pack
                ARM.CMSIS-DSP.1.14.2
                CMSIS Embedded Compute Library
   * Component: DSP Variant: Source Version: 1.14.2

Package Vendor: Keil
                https://www.keil.com/pack/Keil.STM32F1xx_DFP.2.4.1.pack
                Keil.STM32F1xx_DFP.2.4.1
                STMicroelectronics STM32F1 Series Device Support, Drivers and Examples
   * Component: Startup Version: 1.0.0
   * Component: Framework Version: 3.6.0
   * Component: GPIO Version: 3.6.0
   * Component: RCC Version: 3.6.0

<h2>Collection of Component include folders:</h2>
  .\RTE\Device\STM32F103C8
  .\RTE\_Target_1
  C:\Users\ADMIN\AppData\Local\Arm\Packs\ARM\CMSIS-DSP\1.14.2\Include
  C:\Users\ADMIN\AppData\Local\Arm\Packs\ARM\CMSIS-DSP\1.14.2\PrivateInclude
  C:\Users\ADMIN\AppData\Local\Arm\Packs\ARM\CMSIS\5.9.0\CMSIS\Core\Include
  C:\Users\ADMIN\AppData\Local\Arm\Packs\Keil\STM32F1xx_DFP\2.4.1\Device\Include
  C:\Users\ADMIN\AppData\Local\Arm\Packs\Keil\STM32F1xx_DFP\2.4.1\Device\StdPeriph_Driver\inc

<h2>Collection of Component Files used:</h2>

   * Component: ARM::CMSIS:CORE:5.6.0

   * Component: ARM::CMSIS:DSP:Source:1.14.2
      Source file:   Source\MatrixFunctions\MatrixFunctions.c
      Include file:  Include\arm_math.h
      Source file:   Source\ComplexMathFunctions\ComplexMathFunctions.c
      Source file:   Source\SVMFunctions\SVMFunctions.c
      Source file:   Source\TransformFunctions\TransformFunctions.c
      Include file:  Include\arm_const_structs.h
      Include file:  Include\arm_common_tables_f16.h
      Include file:  Include\arm_const_structs_f16.h
      Source file:   Source\ControllerFunctions\ControllerFunctions.c
      Source file:   Source\DistanceFunctions\DistanceFunctions.c
      Source file:   Source\QuaternionMathFunctions\QuaternionMathFunctions.c
      Source file:   Source\CommonTables\CommonTables.c
      Source file:   Source\FastMathFunctions\FastMathFunctions.c
      Source file:   Source\StatisticsFunctions\StatisticsFunctions.c
      Source file:   Source\BasicMathFunctions\BasicMathFunctions.c
      Source file:   Source\BayesFunctions\BayesFunctions.c
      Source file:   Source\SupportFunctions\SupportFunctions.c
      Source file:   Source\FilteringFunctions\FilteringFunctions.c
      Include file:  Include\arm_math_f16.h
      Include file:  Include\arm_common_tables.h
      Source file:   Source\FastMathFunctions\FastMathFunctionsF16.c
      Source file:   Source\DistanceFunctions\DistanceFunctionsF16.c
      Source file:   Source\InterpolationFunctions\InterpolationFunctions.c
      Source file:   Source\BasicMathFunctions\BasicMathFunctionsF16.c
      Source file:   Source\SVMFunctions\SVMFunctionsF16.c
      Source file:   Source\MatrixFunctions\MatrixFunctionsF16.c
      Source file:   Source\ComplexMathFunctions\ComplexMathFunctionsF16.c
      Source file:   Source\CommonTables\CommonTablesF16.c
      Source file:   Source\SupportFunctions\SupportFunctionsF16.c
      Source file:   Source\TransformFunctions\TransformFunctionsF16.c
      Source file:   Source\InterpolationFunctions\InterpolationFunctionsF16.c
      Source file:   Source\BayesFunctions\BayesFunctionsF16.c
      Source file:   Source\FilteringFunctions\FilteringFunctionsF16.c
      Source file:   Source\StatisticsFunctions\StatisticsFunctionsF16.c

   * Component: Keil::Device:Startup:1.0.0
      Source file:   Device\Source\system_stm32f10x.c
      Include file:  RTE_Driver\Config\RTE_Device.h
      Source file:   Device\Source\ARM\STM32F1xx_OPT.s
      Source file:   Device\Source\ARM\startup_stm32f10x_md.s

   * Component: Keil::Device:StdPeriph Drivers:Framework:3.6.0
      Source file:   Device\StdPeriph_Driver\templates\stm32f10x_conf.h
      Include file:  Device\StdPeriph_Driver\templates\stm32f10x_it.h
      Source file:   Device\StdPeriph_Driver\src\misc.c
      Include file:  Device\StdPeriph_Driver\inc\misc.h
      Source file:   Device\StdPeriph_Driver\templates\stm32f10x_it.c

   * Component: Keil::Device:StdPeriph Drivers:GPIO:3.6.0
      Include file:  Device\StdPeriph_Driver\inc\stm32f10x_gpio.h
      Source file:   Device\StdPeriph_Driver\src\stm32f10x_gpio.c

   * Component: Keil::Device:StdPeriph Drivers:RCC:3.6.0
      Include file:  Device\StdPeriph_Driver\inc\stm32f10x_rcc.h
      Source file:   Device\StdPeriph_Driver\src\stm32f10x_rcc.c
Build Time Elapsed:  00:00:05
</pre>
</body>
</html>
