<html>
<body>
<pre>
<h1>µVision Build Log</h1>
<h2>Tool Versions:</h2>
IDE-Version: µVision V5.33.0.0
Copyright (C) 2020 ARM Ltd and ARM Germany GmbH. All rights reserved.
License Information: MinhNhan ADMIN, STM34, LIC=EXJT4-FMX9F-VEVHA-14ZYS-S74G7-NMRR5
 
Tool Versions:
Toolchain:       MDK-ARM Plus  Version: 5.33.0.0
Toolchain Path:  C:\Keil_v5\ARM\ARMCC\Bin
C Compiler:      Armcc.exe V5.06 update 7 (build 960)
Assembler:       Armasm.exe V5.06 update 7 (build 960)
Linker/Locator:  ArmLink.exe V5.06 update 7 (build 960)
Library Manager: ArmAr.exe V5.06 update 7 (build 960)
Hex Converter:   FromElf.exe V5.06 update 7 (build 960)
CPU DLL:         SARMCM3.DLL V5.33.0.0
Dialog DLL:      DCM.DLL V1.17.3.0
Target DLL:      STLink\ST-LINKIII-KEIL_SWO.dll V3.0.8.0
Dialog DLL:      TCM.DLL V1.48.0.0
 
<h2>Project:</h2>
D:\Automotive\STM32\STM32F103C8T6\I2C\master\master.uvprojx
Project File Date:  01/09/2024

<h2>Output:</h2>
*** Using Compiler 'V5.06 update 7 (build 960)', folder: 'C:\Keil_v5\ARM\ARMCC\Bin'
Build target 'Target 1'
assembling startup_stm32f10x_md.s...
compiling system_stm32f10x.c...
compiling stm32f10x_gpio.c...
compiling main.c...
..\master\delay.h(10): warning:  #1295-D: Deprecated declaration Init_TIMER - give arg types
  void Init_TIMER();
..\master\delay.h(11): warning:  #1295-D: Deprecated declaration Delay_1ms - give arg types
  void Delay_1ms();
..\master\delay.h(15): warning:  #1-D: last line of file ends without a newline
  #endif
main.c(9): warning:  #1295-D: Deprecated declaration I2C_Start - give arg types
  static void I2C_Start();
main.c(10): warning:  #1295-D: Deprecated declaration I2C_Stop - give arg types
  static void I2C_Stop();
main.c(12): warning:  #1295-D: Deprecated declaration Clock - give arg types
  static void Clock();
main.c(14): warning:  #1295-D: Deprecated declaration ACK_NACK - give arg types
  static bool  ACK_NACK();
main.c(15): warning:  #1295-D: Deprecated declaration config1 - give arg types
  static void config1();
main.c(8): warning:  #177-D: function "I2C_Data"  was declared but never referenced
  static void I2C_Data(uint8_t data);
main.c(45): warning:  #177-D: function "I2C_Start"  was declared but never referenced
  static void I2C_Start(){
main.c(10): warning:  #177-D: function "I2C_Stop"  was declared but never referenced
  static void I2C_Stop();
main.c(61): warning:  #177-D: function "I2C_ReadorWrite"  was declared but never referenced
  static bool I2C_ReadorWrite(bool check){
main.c(53): warning:  #177-D: function "Clock"  was declared but never referenced
  static void Clock(){
main.c(68): warning:  #177-D: function "I2C_Address"  was declared but never referenced
  static void I2C_Address(uint8_t address){
main.c(14): warning:  #177-D: function "ACK_NACK"  was declared but never referenced
  static bool  ACK_NACK();
main.c: 15 warnings, 0 errors
compiling misc.c...
compiling stm32f10x_rcc.c...
compiling delay.c...
..\master\delay.h(10): warning:  #1295-D: Deprecated declaration Init_TIMER - give arg types
  void Init_TIMER();
..\master\delay.h(11): warning:  #1295-D: Deprecated declaration Delay_1ms - give arg types
  void Delay_1ms();
..\master\delay.h(15): warning:  #1-D: last line of file ends without a newline
  #endif
delay.c(54): warning:  #1-D: last line of file ends without a newline
  			}
delay.c: 4 warnings, 0 errors
compiling stm32f10x_tim.c...
linking...
Program Size: Code=1040 RO-data=252 RW-data=0 ZI-data=1632  
FromELF: creating hex file...
".\Objects\master.axf" - 0 Error(s), 19 Warning(s).

<h2>Software Packages used:</h2>

Package Vendor: ARM
                http://www.keil.com/pack/ARM.CMSIS.5.9.0.pack
                ARM.CMSIS.5.9.0
                CMSIS (Common Microcontroller Software Interface Standard)
   * Component: CORE Version: 5.6.0

Package Vendor: Keil
                https://www.keil.com/pack/Keil.STM32F1xx_DFP.2.4.1.pack
                Keil.STM32F1xx_DFP.2.4.1
                STMicroelectronics STM32F1 Series Device Support, Drivers and Examples
   * Component: Startup Version: 1.0.0
   * Component: Framework Version: 3.6.0
   * Component: GPIO Version: 3.6.0
   * Component: RCC Version: 3.6.0
   * Component: TIM Version: 3.6.0

<h2>Collection of Component include folders:</h2>
  .\RTE\Device\STM32F103C8
  .\RTE\_Target_1
  C:\Users\ADMIN\AppData\Local\Arm\Packs\ARM\CMSIS\5.9.0\CMSIS\Core\Include
  C:\Users\ADMIN\AppData\Local\Arm\Packs\Keil\STM32F1xx_DFP\2.4.1\Device\Include
  C:\Users\ADMIN\AppData\Local\Arm\Packs\Keil\STM32F1xx_DFP\2.4.1\Device\StdPeriph_Driver\inc

<h2>Collection of Component Files used:</h2>

   * Component: ARM::CMSIS:CORE:5.6.0

   * Component: Keil::Device:Startup:1.0.0
      Source file:   Device\Source\ARM\STM32F1xx_OPT.s
      Source file:   Device\Source\system_stm32f10x.c
      Include file:  RTE_Driver\Config\RTE_Device.h
      Source file:   Device\Source\ARM\startup_stm32f10x_md.s

   * Component: Keil::Device:StdPeriph Drivers:Framework:3.6.0
      Include file:  Device\StdPeriph_Driver\inc\misc.h
      Source file:   Device\StdPeriph_Driver\src\misc.c
      Source file:   Device\StdPeriph_Driver\templates\stm32f10x_conf.h
      Include file:  Device\StdPeriph_Driver\templates\stm32f10x_it.h
      Source file:   Device\StdPeriph_Driver\templates\stm32f10x_it.c

   * Component: Keil::Device:StdPeriph Drivers:GPIO:3.6.0
      Include file:  Device\StdPeriph_Driver\inc\stm32f10x_gpio.h
      Source file:   Device\StdPeriph_Driver\src\stm32f10x_gpio.c

   * Component: Keil::Device:StdPeriph Drivers:RCC:3.6.0
      Source file:   Device\StdPeriph_Driver\src\stm32f10x_rcc.c
      Include file:  Device\StdPeriph_Driver\inc\stm32f10x_rcc.h

   * Component: Keil::Device:StdPeriph Drivers:TIM:3.6.0
      Source file:   Device\StdPeriph_Driver\src\stm32f10x_tim.c
      Include file:  Device\StdPeriph_Driver\inc\stm32f10x_tim.h
Build Time Elapsed:  00:00:02
</pre>
</body>
</html>
