ARM Linker, 5.03 [Build 76] [MDK-ARM Standard]

==============================================================================

Section Cross References

    system_stm32f10x.o(.text) refers to system_stm32f10x.o(.data) for SystemCoreClock
    startup_stm32f10x_md.o(RESET) refers to startup_stm32f10x_md.o(STACK) for __initial_sp
    startup_stm32f10x_md.o(RESET) refers to startup_stm32f10x_md.o(.text) for Reset_Handler
    startup_stm32f10x_md.o(.text) refers to system_stm32f10x.o(.text) for SystemInit
    startup_stm32f10x_md.o(.text) refers to entry.o(.ARM.Collect$$$$00000000) for __main
    main.o(.text) refers to stm32f10x_rcc.o(.text) for RCC_APB2PeriphClockCmd
    main.o(.text) refers to stm32f10x_gpio.o(.text) for GPIO_Init
    main.o(.text) refers to delay.o(.text) for Delay_Init
    main.o(.text) refers to ff.o(.text) for f_mount
    main.o(.text) refers to main.o(.bss) for FatFs
    delay.o(.text) refers to stm32f10x_rcc.o(.text) for RCC_APB1PeriphClockCmd
    delay.o(.text) refers to stm32f10x_tim.o(.text) for TIM_TimeBaseInit
    delay.o(.text) refers to system_stm32f10x.o(.data) for SystemCoreClock
    spi.o(.text) refers to stm32f10x_rcc.o(.text) for RCC_APB2PeriphClockCmd
    spi.o(.text) refers to stm32f10x_gpio.o(.text) for GPIO_Init
    spi.o(.text) refers to stm32f10x_spi.o(.text) for SPI_Init
    ff.o(.text) refers to sdmm.o(.text) for disk_write
    ff.o(.text) refers to ff.o(.constdata) for DbcTbl
    ff.o(.text) refers to ff.o(.data) for FatFs
    sdmm.o(.text) refers to delay.o(.text) for Delay_Us
    sdmm.o(.text) refers to spi.o(.text) for My_SPI_Exchange
    sdmm.o(.text) refers to stm32f10x_gpio.o(.text) for GPIO_SetBits
    sdmm.o(.text) refers to sdmm.o(.data) for Stat
    stm32f10x_rcc.o(.text) refers to stm32f10x_rcc.o(.data) for APBAHBPrescTable
    stm32f10x_gpio.o(.text) refers to stm32f10x_rcc.o(.text) for RCC_APB2PeriphResetCmd
    stm32f10x_spi.o(.text) refers to stm32f10x_rcc.o(.text) for RCC_APB2PeriphResetCmd
    stm32f10x_tim.o(.text) refers to stm32f10x_rcc.o(.text) for RCC_APB2PeriphResetCmd
    entry.o(.ARM.Collect$$$$00000000) refers (Special) to entry10a.o(.ARM.Collect$$$$0000000D) for __rt_final_cpp
    entry.o(.ARM.Collect$$$$00000000) refers (Special) to entry11a.o(.ARM.Collect$$$$0000000F) for __rt_final_exit
    entry.o(.ARM.Collect$$$$00000000) refers (Special) to entry7b.o(.ARM.Collect$$$$00000008) for _main_clock
    entry.o(.ARM.Collect$$$$00000000) refers (Special) to entry8b.o(.ARM.Collect$$$$0000000A) for _main_cpp_init
    entry.o(.ARM.Collect$$$$00000000) refers (Special) to entry9a.o(.ARM.Collect$$$$0000000B) for _main_init
    entry.o(.ARM.Collect$$$$00000000) refers (Special) to entry5.o(.ARM.Collect$$$$00000004) for _main_scatterload
    entry.o(.ARM.Collect$$$$00000000) refers (Special) to entry2.o(.ARM.Collect$$$$00000001) for _main_stk
    entry2.o(.ARM.Collect$$$$00000001) refers to entry2.o(.ARM.Collect$$$$00002712) for __lit__00000000
    entry2.o(.ARM.Collect$$$$00002712) refers to startup_stm32f10x_md.o(STACK) for __initial_sp
    entry2.o(__vectab_stack_and_reset_area) refers to startup_stm32f10x_md.o(STACK) for __initial_sp
    entry2.o(__vectab_stack_and_reset_area) refers to entry.o(.ARM.Collect$$$$00000000) for __main
    entry5.o(.ARM.Collect$$$$00000004) refers to init.o(.text) for __scatterload
    entry9a.o(.ARM.Collect$$$$0000000B) refers to main.o(.text) for main
    entry9b.o(.ARM.Collect$$$$0000000C) refers to main.o(.text) for main
    init.o(.text) refers to entry5.o(.ARM.Collect$$$$00000004) for __main_after_scatterload


==============================================================================

Removing Unused input sections from the image.

    Removing system_stm32f10x.o(.rev16_text), (4 bytes).
    Removing system_stm32f10x.o(.revsh_text), (4 bytes).
    Removing startup_stm32f10x_md.o(HEAP), (512 bytes).
    Removing stm32f10x_it.o(.rev16_text), (4 bytes).
    Removing stm32f10x_it.o(.revsh_text), (4 bytes).
    Removing main.o(.rev16_text), (4 bytes).
    Removing main.o(.revsh_text), (4 bytes).
    Removing delay.o(.rev16_text), (4 bytes).
    Removing delay.o(.revsh_text), (4 bytes).
    Removing spi.o(.rev16_text), (4 bytes).
    Removing spi.o(.revsh_text), (4 bytes).
    Removing sdmm.o(.rev16_text), (4 bytes).
    Removing sdmm.o(.revsh_text), (4 bytes).
    Removing misc.o(.rev16_text), (4 bytes).
    Removing misc.o(.revsh_text), (4 bytes).
    Removing misc.o(.text), (220 bytes).
    Removing stm32f10x_rcc.o(.rev16_text), (4 bytes).
    Removing stm32f10x_rcc.o(.revsh_text), (4 bytes).
    Removing stm32f10x_gpio.o(.rev16_text), (4 bytes).
    Removing stm32f10x_gpio.o(.revsh_text), (4 bytes).
    Removing stm32f10x_spi.o(.rev16_text), (4 bytes).
    Removing stm32f10x_spi.o(.revsh_text), (4 bytes).
    Removing stm32f10x_tim.o(.rev16_text), (4 bytes).
    Removing stm32f10x_tim.o(.revsh_text), (4 bytes).

24 unused section(s) (total 820 bytes) removed from the image.

==============================================================================

Image Symbol Table

    Local Symbols

    Symbol Name                              Value     Ov Type        Size  Object(Section)

    ../clib/microlib/init/entry.s            0x00000000   Number         0  entry7a.o ABSOLUTE
    ../clib/microlib/init/entry.s            0x00000000   Number         0  entry11b.o ABSOLUTE
    ../clib/microlib/init/entry.s            0x00000000   Number         0  entry11a.o ABSOLUTE
    ../clib/microlib/init/entry.s            0x00000000   Number         0  entry10b.o ABSOLUTE
    ../clib/microlib/init/entry.s            0x00000000   Number         0  entry10a.o ABSOLUTE
    ../clib/microlib/init/entry.s            0x00000000   Number         0  entry9b.o ABSOLUTE
    ../clib/microlib/init/entry.s            0x00000000   Number         0  entry8b.o ABSOLUTE
    ../clib/microlib/init/entry.s            0x00000000   Number         0  entry.o ABSOLUTE
    ../clib/microlib/init/entry.s            0x00000000   Number         0  entry2.o ABSOLUTE
    ../clib/microlib/init/entry.s            0x00000000   Number         0  entry9a.o ABSOLUTE
    ../clib/microlib/init/entry.s            0x00000000   Number         0  entry8a.o ABSOLUTE
    ../clib/microlib/init/entry.s            0x00000000   Number         0  entry5.o ABSOLUTE
    ../clib/microlib/init/entry.s            0x00000000   Number         0  entry7b.o ABSOLUTE
    ..\..\STM32F10x_StdPeriph_Lib_V3.5.0\Libraries\CMSIS\CM3\DeviceSupport\ST\STM32F10x\startup\arm\startup_stm32f10x_md.s 0x00000000   Number         0  startup_stm32f10x_md.o ABSOLUTE
    ..\..\STM32F10x_StdPeriph_Lib_V3.5.0\Libraries\STM32F10x_StdPeriph_Driver\src\misc.c 0x00000000   Number         0  misc.o ABSOLUTE
    ..\..\STM32F10x_StdPeriph_Lib_V3.5.0\Libraries\STM32F10x_StdPeriph_Driver\src\stm32f10x_gpio.c 0x00000000   Number         0  stm32f10x_gpio.o ABSOLUTE
    ..\..\STM32F10x_StdPeriph_Lib_V3.5.0\Libraries\STM32F10x_StdPeriph_Driver\src\stm32f10x_rcc.c 0x00000000   Number         0  stm32f10x_rcc.o ABSOLUTE
    ..\..\STM32F10x_StdPeriph_Lib_V3.5.0\Libraries\STM32F10x_StdPeriph_Driver\src\stm32f10x_spi.c 0x00000000   Number         0  stm32f10x_spi.o ABSOLUTE
    ..\..\STM32F10x_StdPeriph_Lib_V3.5.0\Libraries\STM32F10x_StdPeriph_Driver\src\stm32f10x_tim.c 0x00000000   Number         0  stm32f10x_tim.o ABSOLUTE
    ..\\..\\STM32F10x_StdPeriph_Lib_V3.5.0\\Libraries\\STM32F10x_StdPeriph_Driver\\src\\misc.c 0x00000000   Number         0  misc.o ABSOLUTE
    ..\\..\\STM32F10x_StdPeriph_Lib_V3.5.0\\Libraries\\STM32F10x_StdPeriph_Driver\\src\\stm32f10x_gpio.c 0x00000000   Number         0  stm32f10x_gpio.o ABSOLUTE
    ..\\..\\STM32F10x_StdPeriph_Lib_V3.5.0\\Libraries\\STM32F10x_StdPeriph_Driver\\src\\stm32f10x_rcc.c 0x00000000   Number         0  stm32f10x_rcc.o ABSOLUTE
    ..\\..\\STM32F10x_StdPeriph_Lib_V3.5.0\\Libraries\\STM32F10x_StdPeriph_Driver\\src\\stm32f10x_spi.c 0x00000000   Number         0  stm32f10x_spi.o ABSOLUTE
    ..\\..\\STM32F10x_StdPeriph_Lib_V3.5.0\\Libraries\\STM32F10x_StdPeriph_Driver\\src\\stm32f10x_tim.c 0x00000000   Number         0  stm32f10x_tim.o ABSOLUTE
    dc.s                                     0x00000000   Number         0  dc.o ABSOLUTE
    delay.c                                  0x00000000   Number         0  delay.o ABSOLUTE
    delay.c                                  0x00000000   Number         0  delay.o ABSOLUTE
    ff.c                                     0x00000000   Number         0  ff.o ABSOLUTE
    handlers.s                               0x00000000   Number         0  handlers.o ABSOLUTE
    init.s                                   0x00000000   Number         0  init.o ABSOLUTE
    main.c                                   0x00000000   Number         0  main.o ABSOLUTE
    main.c                                   0x00000000   Number         0  main.o ABSOLUTE
    sdmm.c                                   0x00000000   Number         0  sdmm.o ABSOLUTE
    sdmm.c                                   0x00000000   Number         0  sdmm.o ABSOLUTE
    spi.c                                    0x00000000   Number         0  spi.o ABSOLUTE
    spi.c                                    0x00000000   Number         0  spi.o ABSOLUTE
    stm32f10x_it.c                           0x00000000   Number         0  stm32f10x_it.o ABSOLUTE
    stm32f10x_it.c                           0x00000000   Number         0  stm32f10x_it.o ABSOLUTE
    system_stm32f10x.c                       0x00000000   Number         0  system_stm32f10x.o ABSOLUTE
    system_stm32f10x.c                       0x00000000   Number         0  system_stm32f10x.o ABSOLUTE
    RESET                                    0x08002000   Section      236  startup_stm32f10x_md.o(RESET)
    .ARM.Collect$$$$00000000                 0x080020ec   Section        0  entry.o(.ARM.Collect$$$$00000000)
    .ARM.Collect$$$$00000001                 0x080020ec   Section        4  entry2.o(.ARM.Collect$$$$00000001)
    .ARM.Collect$$$$00000004                 0x080020f0   Section        4  entry5.o(.ARM.Collect$$$$00000004)
    .ARM.Collect$$$$00000008                 0x080020f4   Section        0  entry7b.o(.ARM.Collect$$$$00000008)
    .ARM.Collect$$$$0000000A                 0x080020f4   Section        0  entry8b.o(.ARM.Collect$$$$0000000A)
    .ARM.Collect$$$$0000000B                 0x080020f4   Section        8  entry9a.o(.ARM.Collect$$$$0000000B)
    .ARM.Collect$$$$0000000D                 0x080020fc   Section        0  entry10a.o(.ARM.Collect$$$$0000000D)
    .ARM.Collect$$$$0000000F                 0x080020fc   Section        0  entry11a.o(.ARM.Collect$$$$0000000F)
    .ARM.Collect$$$$00002712                 0x080020fc   Section        4  entry2.o(.ARM.Collect$$$$00002712)
    __lit__00000000                          0x080020fc   Data           4  entry2.o(.ARM.Collect$$$$00002712)
    .text                                    0x08002100   Section        0  system_stm32f10x.o(.text)
    SetSysClockTo72                          0x08002101   Thumb Code   212  system_stm32f10x.o(.text)
    SetSysClock                              0x080021d5   Thumb Code     8  system_stm32f10x.o(.text)
    .text                                    0x080022e0   Section       36  startup_stm32f10x_md.o(.text)
    .text                                    0x08002304   Section        0  main.o(.text)
    .text                                    0x080023e0   Section        0  delay.o(.text)
    Timer_Init                               0x080023e1   Thumb Code    66  delay.o(.text)
    .text                                    0x08002468   Section        0  spi.o(.text)
    .text                                    0x08002548   Section        0  ff.o(.text)
    ld_word                                  0x08002549   Thumb Code    12  ff.o(.text)
    ld_dword                                 0x08002555   Thumb Code    24  ff.o(.text)
    st_word                                  0x0800256d   Thumb Code    12  ff.o(.text)
    st_dword                                 0x08002579   Thumb Code    24  ff.o(.text)
    mem_cpy                                  0x08002591   Thumb Code    26  ff.o(.text)
    mem_set                                  0x080025ab   Thumb Code    18  ff.o(.text)
    mem_cmp                                  0x080025bd   Thumb Code    36  ff.o(.text)
    chk_chr                                  0x080025e1   Thumb Code    20  ff.o(.text)
    dbc_1st                                  0x080025f5   Thumb Code    46  ff.o(.text)
    dbc_2nd                                  0x08002623   Thumb Code    66  ff.o(.text)
    sync_window                              0x08002665   Thumb Code    74  ff.o(.text)
    move_window                              0x080026af   Thumb Code    52  ff.o(.text)
    sync_fs                                  0x080026e3   Thumb Code   134  ff.o(.text)
    clst2sect                                0x08002769   Thumb Code    26  ff.o(.text)
    get_fat                                  0x08002783   Thumb Code   224  ff.o(.text)
    put_fat                                  0x08002863   Thumb Code   316  ff.o(.text)
    remove_chain                             0x0800299f   Thumb Code   166  ff.o(.text)
    create_chain                             0x08002a45   Thumb Code   288  ff.o(.text)
    dir_clear                                0x08002b65   Thumb Code    96  ff.o(.text)
    dir_sdi                                  0x08002bc5   Thumb Code   154  ff.o(.text)
    dir_next                                 0x08002c5f   Thumb Code   200  ff.o(.text)
    dir_alloc                                0x08002d27   Thumb Code    96  ff.o(.text)
    ld_clust                                 0x08002d87   Thumb Code    38  ff.o(.text)
    st_clust                                 0x08002dad   Thumb Code    36  ff.o(.text)
    dir_read                                 0x08002dd1   Thumb Code   116  ff.o(.text)
    dir_find                                 0x08002e45   Thumb Code   108  ff.o(.text)
    dir_register                             0x08002eb1   Thumb Code    60  ff.o(.text)
    dir_remove                               0x08002eed   Thumb Code    32  ff.o(.text)
    get_fileinfo                             0x08002f0d   Thumb Code   142  ff.o(.text)
    create_name                              0x08002f9b   Thumb Code   244  ff.o(.text)
    follow_path                              0x0800308f   Thumb Code   158  ff.o(.text)
    get_ldnumber                             0x0800312d   Thumb Code    78  ff.o(.text)
    check_fs                                 0x0800317b   Thumb Code   114  ff.o(.text)
    find_volume                              0x080031ed   Thumb Code   120  ff.o(.text)
    mount_volume                             0x08003265   Thumb Code   694  ff.o(.text)
    validate                                 0x0800351b   Thumb Code    60  ff.o(.text)
    .text                                    0x080041e0   Section        0  sdmm.o(.text)
    dly_us                                   0x080041e1   Thumb Code    12  sdmm.o(.text)
    xmit_mmc                                 0x080041ed   Thumb Code    26  sdmm.o(.text)
    rcvr_mmc                                 0x08004207   Thumb Code    26  sdmm.o(.text)
    wait_ready                               0x08004221   Thumb Code    50  sdmm.o(.text)
    deselect                                 0x08004253   Thumb Code    20  sdmm.o(.text)
    select                                   0x08004267   Thumb Code    36  sdmm.o(.text)
    rcvr_datablock                           0x0800428b   Thumb Code    76  sdmm.o(.text)
    xmit_datablock                           0x080042d7   Thumb Code    78  sdmm.o(.text)
    send_cmd                                 0x08004325   Thumb Code   156  sdmm.o(.text)
    .text                                    0x080046e0   Section        0  stm32f10x_rcc.o(.text)
    .text                                    0x08004a84   Section        0  stm32f10x_gpio.o(.text)
    .text                                    0x08004ddc   Section        0  stm32f10x_spi.o(.text)
    .text                                    0x080050e8   Section        0  stm32f10x_tim.o(.text)
    TI4_Config                               0x0800558f   Thumb Code   130  stm32f10x_tim.o(.text)
    TI3_Config                               0x08005623   Thumb Code   122  stm32f10x_tim.o(.text)
    TI2_Config                               0x080056b7   Thumb Code   130  stm32f10x_tim.o(.text)
    TI1_Config                               0x0800574b   Thumb Code   108  stm32f10x_tim.o(.text)
    .text                                    0x08005f04   Section       36  init.o(.text)
    i.__scatterload_copy                     0x08005f28   Section       14  handlers.o(i.__scatterload_copy)
    i.__scatterload_null                     0x08005f36   Section        2  handlers.o(i.__scatterload_null)
    i.__scatterload_zeroinit                 0x08005f38   Section       14  handlers.o(i.__scatterload_zeroinit)
    .constdata                               0x08005f46   Section       10  ff.o(.constdata)
    DbcTbl                                   0x08005f46   Data          10  ff.o(.constdata)
    .data                                    0x20000000   Section       20  system_stm32f10x.o(.data)
    .data                                    0x20000014   Section        6  ff.o(.data)
    FatFs                                    0x20000014   Data           4  ff.o(.data)
    Fsid                                     0x20000018   Data           2  ff.o(.data)
    .data                                    0x2000001a   Section        2  sdmm.o(.data)
    Stat                                     0x2000001a   Data           1  sdmm.o(.data)
    CardType                                 0x2000001b   Data           1  sdmm.o(.data)
    .data                                    0x2000001c   Section       20  stm32f10x_rcc.o(.data)
    APBAHBPrescTable                         0x2000001c   Data          16  stm32f10x_rcc.o(.data)
    ADCPrescTable                            0x2000002c   Data           4  stm32f10x_rcc.o(.data)
    .bss                                     0x20000030   Section      600  main.o(.bss)
    STACK                                    0x20000288   Section     1024  startup_stm32f10x_md.o(STACK)

    Global Symbols

    Symbol Name                              Value     Ov Type        Size  Object(Section)

    BuildAttributes$$THM_ISAv4$P$D$K$B$S$PE$A:L22UL41UL21$X:L11$S22US41US21$IEEE1$IW$USESV6$~STKCKD$USESV7$~SHL$OSPACE$EBA8$MICROLIB$REQ8$PRES8$EABIv2 0x00000000   Number         0  anon$$obj.o ABSOLUTE
    __ARM_use_no_argv                        0x00000000   Number         0  main.o ABSOLUTE
    __cpp_initialize__aeabi_                  - Undefined Weak Reference
    __cxa_finalize                            - Undefined Weak Reference
    __decompress                              - Undefined Weak Reference
    _clock_init                               - Undefined Weak Reference
    _microlib_exit                            - Undefined Weak Reference
    __Vectors_Size                           0x000000ec   Number         0  startup_stm32f10x_md.o ABSOLUTE
    __Vectors                                0x08002000   Data           4  startup_stm32f10x_md.o(RESET)
    __Vectors_End                            0x080020ec   Data           0  startup_stm32f10x_md.o(RESET)
    __main                                   0x080020ed   Thumb Code     0  entry.o(.ARM.Collect$$$$00000000)
    _main_stk                                0x080020ed   Thumb Code     0  entry2.o(.ARM.Collect$$$$00000001)
    _main_scatterload                        0x080020f1   Thumb Code     0  entry5.o(.ARM.Collect$$$$00000004)
    __main_after_scatterload                 0x080020f5   Thumb Code     0  entry5.o(.ARM.Collect$$$$00000004)
    _main_clock                              0x080020f5   Thumb Code     0  entry7b.o(.ARM.Collect$$$$00000008)
    _main_cpp_init                           0x080020f5   Thumb Code     0  entry8b.o(.ARM.Collect$$$$0000000A)
    _main_init                               0x080020f5   Thumb Code     0  entry9a.o(.ARM.Collect$$$$0000000B)
    __rt_final_cpp                           0x080020fd   Thumb Code     0  entry10a.o(.ARM.Collect$$$$0000000D)
    __rt_final_exit                          0x080020fd   Thumb Code     0  entry11a.o(.ARM.Collect$$$$0000000F)
    SystemInit                               0x080021dd   Thumb Code    76  system_stm32f10x.o(.text)
    SystemCoreClockUpdate                    0x08002229   Thumb Code   142  system_stm32f10x.o(.text)
    Reset_Handler                            0x080022e1   Thumb Code     8  startup_stm32f10x_md.o(.text)
    NMI_Handler                              0x080022e9   Thumb Code     2  startup_stm32f10x_md.o(.text)
    HardFault_Handler                        0x080022eb   Thumb Code     2  startup_stm32f10x_md.o(.text)
    MemManage_Handler                        0x080022ed   Thumb Code     2  startup_stm32f10x_md.o(.text)
    BusFault_Handler                         0x080022ef   Thumb Code     2  startup_stm32f10x_md.o(.text)
    UsageFault_Handler                       0x080022f1   Thumb Code     2  startup_stm32f10x_md.o(.text)
    SVC_Handler                              0x080022f3   Thumb Code     2  startup_stm32f10x_md.o(.text)
    DebugMon_Handler                         0x080022f5   Thumb Code     2  startup_stm32f10x_md.o(.text)
    PendSV_Handler                           0x080022f7   Thumb Code     2  startup_stm32f10x_md.o(.text)
    SysTick_Handler                          0x080022f9   Thumb Code     2  startup_stm32f10x_md.o(.text)
    ADC1_2_IRQHandler                        0x080022fb   Thumb Code     0  startup_stm32f10x_md.o(.text)
    CAN1_RX1_IRQHandler                      0x080022fb   Thumb Code     0  startup_stm32f10x_md.o(.text)
    CAN1_SCE_IRQHandler                      0x080022fb   Thumb Code     0  startup_stm32f10x_md.o(.text)
    DMA1_Channel1_IRQHandler                 0x080022fb   Thumb Code     0  startup_stm32f10x_md.o(.text)
    DMA1_Channel2_IRQHandler                 0x080022fb   Thumb Code     0  startup_stm32f10x_md.o(.text)
    DMA1_Channel3_IRQHandler                 0x080022fb   Thumb Code     0  startup_stm32f10x_md.o(.text)
    DMA1_Channel4_IRQHandler                 0x080022fb   Thumb Code     0  startup_stm32f10x_md.o(.text)
    DMA1_Channel5_IRQHandler                 0x080022fb   Thumb Code     0  startup_stm32f10x_md.o(.text)
    DMA1_Channel6_IRQHandler                 0x080022fb   Thumb Code     0  startup_stm32f10x_md.o(.text)
    DMA1_Channel7_IRQHandler                 0x080022fb   Thumb Code     0  startup_stm32f10x_md.o(.text)
    EXTI0_IRQHandler                         0x080022fb   Thumb Code     0  startup_stm32f10x_md.o(.text)
    EXTI15_10_IRQHandler                     0x080022fb   Thumb Code     0  startup_stm32f10x_md.o(.text)
    EXTI1_IRQHandler                         0x080022fb   Thumb Code     0  startup_stm32f10x_md.o(.text)
    EXTI2_IRQHandler                         0x080022fb   Thumb Code     0  startup_stm32f10x_md.o(.text)
    EXTI3_IRQHandler                         0x080022fb   Thumb Code     0  startup_stm32f10x_md.o(.text)
    EXTI4_IRQHandler                         0x080022fb   Thumb Code     0  startup_stm32f10x_md.o(.text)
    EXTI9_5_IRQHandler                       0x080022fb   Thumb Code     0  startup_stm32f10x_md.o(.text)
    FLASH_IRQHandler                         0x080022fb   Thumb Code     0  startup_stm32f10x_md.o(.text)
    I2C1_ER_IRQHandler                       0x080022fb   Thumb Code     0  startup_stm32f10x_md.o(.text)
    I2C1_EV_IRQHandler                       0x080022fb   Thumb Code     0  startup_stm32f10x_md.o(.text)
    I2C2_ER_IRQHandler                       0x080022fb   Thumb Code     0  startup_stm32f10x_md.o(.text)
    I2C2_EV_IRQHandler                       0x080022fb   Thumb Code     0  startup_stm32f10x_md.o(.text)
    PVD_IRQHandler                           0x080022fb   Thumb Code     0  startup_stm32f10x_md.o(.text)
    RCC_IRQHandler                           0x080022fb   Thumb Code     0  startup_stm32f10x_md.o(.text)
    RTCAlarm_IRQHandler                      0x080022fb   Thumb Code     0  startup_stm32f10x_md.o(.text)
    RTC_IRQHandler                           0x080022fb   Thumb Code     0  startup_stm32f10x_md.o(.text)
    SPI1_IRQHandler                          0x080022fb   Thumb Code     0  startup_stm32f10x_md.o(.text)
    SPI2_IRQHandler                          0x080022fb   Thumb Code     0  startup_stm32f10x_md.o(.text)
    TAMPER_IRQHandler                        0x080022fb   Thumb Code     0  startup_stm32f10x_md.o(.text)
    TIM1_BRK_IRQHandler                      0x080022fb   Thumb Code     0  startup_stm32f10x_md.o(.text)
    TIM1_CC_IRQHandler                       0x080022fb   Thumb Code     0  startup_stm32f10x_md.o(.text)
    TIM1_TRG_COM_IRQHandler                  0x080022fb   Thumb Code     0  startup_stm32f10x_md.o(.text)
    TIM1_UP_IRQHandler                       0x080022fb   Thumb Code     0  startup_stm32f10x_md.o(.text)
    TIM2_IRQHandler                          0x080022fb   Thumb Code     0  startup_stm32f10x_md.o(.text)
    TIM3_IRQHandler                          0x080022fb   Thumb Code     0  startup_stm32f10x_md.o(.text)
    TIM4_IRQHandler                          0x080022fb   Thumb Code     0  startup_stm32f10x_md.o(.text)
    USART1_IRQHandler                        0x080022fb   Thumb Code     0  startup_stm32f10x_md.o(.text)
    USART2_IRQHandler                        0x080022fb   Thumb Code     0  startup_stm32f10x_md.o(.text)
    USART3_IRQHandler                        0x080022fb   Thumb Code     0  startup_stm32f10x_md.o(.text)
    USBWakeUp_IRQHandler                     0x080022fb   Thumb Code     0  startup_stm32f10x_md.o(.text)
    USB_HP_CAN1_TX_IRQHandler                0x080022fb   Thumb Code     0  startup_stm32f10x_md.o(.text)
    USB_LP_CAN1_RX0_IRQHandler               0x080022fb   Thumb Code     0  startup_stm32f10x_md.o(.text)
    WWDG_IRQHandler                          0x080022fb   Thumb Code     0  startup_stm32f10x_md.o(.text)
    My_GPIO_Init                             0x08002305   Thumb Code    40  main.o(.text)
    main                                     0x0800232d   Thumb Code   138  main.o(.text)
    Delay_Init                               0x08002423   Thumb Code     8  delay.o(.text)
    Delay_Us                                 0x0800242b   Thumb Code    26  delay.o(.text)
    Delay_Ms                                 0x08002445   Thumb Code    22  delay.o(.text)
    My_SPI_Init                              0x08002469   Thumb Code   180  spi.o(.text)
    My_SPI_Exchange                          0x0800251d   Thumb Code    36  spi.o(.text)
    f_mount                                  0x08003557   Thumb Code    80  ff.o(.text)
    f_open                                   0x080035a7   Thumb Code   444  ff.o(.text)
    f_read                                   0x08003763   Thumb Code   378  ff.o(.text)
    f_write                                  0x080038dd   Thumb Code   464  ff.o(.text)
    f_sync                                   0x08003aad   Thumb Code   114  ff.o(.text)
    f_close                                  0x08003b1f   Thumb Code    34  ff.o(.text)
    f_lseek                                  0x08003b41   Thumb Code   324  ff.o(.text)
    f_opendir                                0x08003c85   Thumb Code   108  ff.o(.text)
    f_closedir                               0x08003cf1   Thumb Code    24  ff.o(.text)
    f_readdir                                0x08003d09   Thumb Code    78  ff.o(.text)
    f_stat                                   0x08003d57   Thumb Code    62  ff.o(.text)
    f_getfree                                0x08003d95   Thumb Code   246  ff.o(.text)
    f_truncate                               0x08003e8b   Thumb Code   142  ff.o(.text)
    f_unlink                                 0x08003f19   Thumb Code   170  ff.o(.text)
    f_mkdir                                  0x08003fc3   Thumb Code   256  ff.o(.text)
    f_rename                                 0x080040c3   Thumb Code   282  ff.o(.text)
    disk_status                              0x080043c1   Thumb Code    14  sdmm.o(.text)
    disk_initialize                          0x080043cf   Thumb Code   280  sdmm.o(.text)
    disk_read                                0x080044e7   Thumb Code   122  sdmm.o(.text)
    disk_write                               0x08004561   Thumb Code   152  sdmm.o(.text)
    disk_ioctl                               0x080045f9   Thumb Code   232  sdmm.o(.text)
    RCC_DeInit                               0x080046e1   Thumb Code    64  stm32f10x_rcc.o(.text)
    RCC_HSEConfig                            0x08004721   Thumb Code    70  stm32f10x_rcc.o(.text)
    RCC_GetFlagStatus                        0x08004767   Thumb Code    56  stm32f10x_rcc.o(.text)
    RCC_WaitForHSEStartUp                    0x0800479f   Thumb Code    56  stm32f10x_rcc.o(.text)
    RCC_AdjustHSICalibrationValue            0x080047d7   Thumb Code    20  stm32f10x_rcc.o(.text)
    RCC_HSICmd                               0x080047eb   Thumb Code     6  stm32f10x_rcc.o(.text)
    RCC_PLLConfig                            0x080047f1   Thumb Code    24  stm32f10x_rcc.o(.text)
    RCC_PLLCmd                               0x08004809   Thumb Code     6  stm32f10x_rcc.o(.text)
    RCC_SYSCLKConfig                         0x0800480f   Thumb Code    18  stm32f10x_rcc.o(.text)
    RCC_GetSYSCLKSource                      0x08004821   Thumb Code    10  stm32f10x_rcc.o(.text)
    RCC_HCLKConfig                           0x0800482b   Thumb Code    18  stm32f10x_rcc.o(.text)
    RCC_PCLK1Config                          0x0800483d   Thumb Code    18  stm32f10x_rcc.o(.text)
    RCC_PCLK2Config                          0x0800484f   Thumb Code    20  stm32f10x_rcc.o(.text)
    RCC_ITConfig                             0x08004863   Thumb Code    26  stm32f10x_rcc.o(.text)
    RCC_USBCLKConfig                         0x0800487d   Thumb Code     6  stm32f10x_rcc.o(.text)
    RCC_ADCCLKConfig                         0x08004883   Thumb Code    18  stm32f10x_rcc.o(.text)
    RCC_LSEConfig                            0x08004895   Thumb Code    44  stm32f10x_rcc.o(.text)
    RCC_LSICmd                               0x080048c1   Thumb Code     6  stm32f10x_rcc.o(.text)
    RCC_RTCCLKConfig                         0x080048c7   Thumb Code    12  stm32f10x_rcc.o(.text)
    RCC_RTCCLKCmd                            0x080048d3   Thumb Code     8  stm32f10x_rcc.o(.text)
    RCC_GetClocksFreq                        0x080048db   Thumb Code   192  stm32f10x_rcc.o(.text)
    RCC_AHBPeriphClockCmd                    0x0800499b   Thumb Code    26  stm32f10x_rcc.o(.text)
    RCC_APB2PeriphClockCmd                   0x080049b5   Thumb Code    26  stm32f10x_rcc.o(.text)
    RCC_APB1PeriphClockCmd                   0x080049cf   Thumb Code    26  stm32f10x_rcc.o(.text)
    RCC_APB2PeriphResetCmd                   0x080049e9   Thumb Code    26  stm32f10x_rcc.o(.text)
    RCC_APB1PeriphResetCmd                   0x08004a03   Thumb Code    26  stm32f10x_rcc.o(.text)
    RCC_BackupResetCmd                       0x08004a1d   Thumb Code     8  stm32f10x_rcc.o(.text)
    RCC_ClockSecuritySystemCmd               0x08004a25   Thumb Code     6  stm32f10x_rcc.o(.text)
    RCC_MCOConfig                            0x08004a2b   Thumb Code     6  stm32f10x_rcc.o(.text)
    RCC_ClearFlag                            0x08004a31   Thumb Code    14  stm32f10x_rcc.o(.text)
    RCC_GetITStatus                          0x08004a3f   Thumb Code    20  stm32f10x_rcc.o(.text)
    RCC_ClearITPendingBit                    0x08004a53   Thumb Code     6  stm32f10x_rcc.o(.text)
    GPIO_DeInit                              0x08004a85   Thumb Code   172  stm32f10x_gpio.o(.text)
    GPIO_AFIODeInit                          0x08004b31   Thumb Code    20  stm32f10x_gpio.o(.text)
    GPIO_Init                                0x08004b45   Thumb Code   274  stm32f10x_gpio.o(.text)
    GPIO_StructInit                          0x08004c57   Thumb Code    16  stm32f10x_gpio.o(.text)
    GPIO_ReadInputDataBit                    0x08004c67   Thumb Code    18  stm32f10x_gpio.o(.text)
    GPIO_ReadInputData                       0x08004c79   Thumb Code     8  stm32f10x_gpio.o(.text)
    GPIO_ReadOutputDataBit                   0x08004c81   Thumb Code    18  stm32f10x_gpio.o(.text)
    GPIO_ReadOutputData                      0x08004c93   Thumb Code     8  stm32f10x_gpio.o(.text)
    GPIO_SetBits                             0x08004c9b   Thumb Code     4  stm32f10x_gpio.o(.text)
    GPIO_ResetBits                           0x08004c9f   Thumb Code     4  stm32f10x_gpio.o(.text)
    GPIO_WriteBit                            0x08004ca3   Thumb Code    10  stm32f10x_gpio.o(.text)
    GPIO_Write                               0x08004cad   Thumb Code     4  stm32f10x_gpio.o(.text)
    GPIO_PinLockConfig                       0x08004cb1   Thumb Code    18  stm32f10x_gpio.o(.text)
    GPIO_EventOutputConfig                   0x08004cc3   Thumb Code    26  stm32f10x_gpio.o(.text)
    GPIO_EventOutputCmd                      0x08004cdd   Thumb Code     6  stm32f10x_gpio.o(.text)
    GPIO_PinRemapConfig                      0x08004ce3   Thumb Code   138  stm32f10x_gpio.o(.text)
    GPIO_EXTILineConfig                      0x08004d6d   Thumb Code    66  stm32f10x_gpio.o(.text)
    GPIO_ETH_MediaInterfaceConfig            0x08004daf   Thumb Code     6  stm32f10x_gpio.o(.text)
    SPI_I2S_DeInit                           0x08004ddd   Thumb Code    76  stm32f10x_spi.o(.text)
    SPI_Init                                 0x08004e29   Thumb Code    60  stm32f10x_spi.o(.text)
    I2S_Init                                 0x08004e65   Thumb Code   226  stm32f10x_spi.o(.text)
    SPI_StructInit                           0x08004f47   Thumb Code    24  stm32f10x_spi.o(.text)
    I2S_StructInit                           0x08004f5f   Thumb Code    20  stm32f10x_spi.o(.text)
    SPI_Cmd                                  0x08004f73   Thumb Code    24  stm32f10x_spi.o(.text)
    I2S_Cmd                                  0x08004f8b   Thumb Code    24  stm32f10x_spi.o(.text)
    SPI_I2S_ITConfig                         0x08004fa3   Thumb Code    32  stm32f10x_spi.o(.text)
    SPI_I2S_DMACmd                           0x08004fc3   Thumb Code    18  stm32f10x_spi.o(.text)
    SPI_I2S_SendData                         0x08004fd5   Thumb Code     4  stm32f10x_spi.o(.text)
    SPI_I2S_ReceiveData                      0x08004fd9   Thumb Code     6  stm32f10x_spi.o(.text)
    SPI_NSSInternalSoftwareConfig            0x08004fdf   Thumb Code    30  stm32f10x_spi.o(.text)
    SPI_SSOutputCmd                          0x08004ffd   Thumb Code    24  stm32f10x_spi.o(.text)
    SPI_DataSizeConfig                       0x08005015   Thumb Code    18  stm32f10x_spi.o(.text)
    SPI_TransmitCRC                          0x08005027   Thumb Code    10  stm32f10x_spi.o(.text)
    SPI_CalculateCRC                         0x08005031   Thumb Code    24  stm32f10x_spi.o(.text)
    SPI_GetCRC                               0x08005049   Thumb Code    16  stm32f10x_spi.o(.text)
    SPI_GetCRCPolynomial                     0x08005059   Thumb Code     6  stm32f10x_spi.o(.text)
    SPI_BiDirectionalLineConfig              0x0800505f   Thumb Code    28  stm32f10x_spi.o(.text)
    SPI_I2S_GetFlagStatus                    0x0800507b   Thumb Code    18  stm32f10x_spi.o(.text)
    SPI_I2S_ClearFlag                        0x0800508d   Thumb Code     6  stm32f10x_spi.o(.text)
    SPI_I2S_GetITStatus                      0x08005093   Thumb Code    52  stm32f10x_spi.o(.text)
    SPI_I2S_ClearITPendingBit                0x080050c7   Thumb Code    20  stm32f10x_spi.o(.text)
    TIM_DeInit                               0x080050e9   Thumb Code   424  stm32f10x_tim.o(.text)
    TIM_TimeBaseInit                         0x08005291   Thumb Code   122  stm32f10x_tim.o(.text)
    TIM_OC1Init                              0x0800530b   Thumb Code   132  stm32f10x_tim.o(.text)
    TIM_OC2Init                              0x0800538f   Thumb Code   154  stm32f10x_tim.o(.text)
    TIM_OC3Init                              0x08005429   Thumb Code   150  stm32f10x_tim.o(.text)
    TIM_OC4Init                              0x080054bf   Thumb Code   182  stm32f10x_tim.o(.text)
    TIM_SetIC4Prescaler                      0x08005575   Thumb Code    26  stm32f10x_tim.o(.text)
    TIM_SetIC3Prescaler                      0x08005611   Thumb Code    18  stm32f10x_tim.o(.text)
    TIM_SetIC2Prescaler                      0x0800569d   Thumb Code    26  stm32f10x_tim.o(.text)
    TIM_SetIC1Prescaler                      0x08005739   Thumb Code    18  stm32f10x_tim.o(.text)
    TIM_ICInit                               0x080057b7   Thumb Code   150  stm32f10x_tim.o(.text)
    TIM_PWMIConfig                           0x0800584d   Thumb Code   124  stm32f10x_tim.o(.text)
    TIM_BDTRConfig                           0x080058c9   Thumb Code    32  stm32f10x_tim.o(.text)
    TIM_TimeBaseStructInit                   0x080058e9   Thumb Code    18  stm32f10x_tim.o(.text)
    TIM_OCStructInit                         0x080058fb   Thumb Code    20  stm32f10x_tim.o(.text)
    TIM_ICStructInit                         0x0800590f   Thumb Code    18  stm32f10x_tim.o(.text)
    TIM_BDTRStructInit                       0x08005921   Thumb Code    40  stm32f10x_tim.o(.text)
    TIM_Cmd                                  0x08005949   Thumb Code    24  stm32f10x_tim.o(.text)
    TIM_CtrlPWMOutputs                       0x08005961   Thumb Code    30  stm32f10x_tim.o(.text)
    TIM_ITConfig                             0x0800597f   Thumb Code    18  stm32f10x_tim.o(.text)
    TIM_GenerateEvent                        0x08005991   Thumb Code     4  stm32f10x_tim.o(.text)
    TIM_DMAConfig                            0x08005995   Thumb Code    10  stm32f10x_tim.o(.text)
    TIM_DMACmd                               0x0800599f   Thumb Code    18  stm32f10x_tim.o(.text)
    TIM_InternalClockConfig                  0x080059b1   Thumb Code    12  stm32f10x_tim.o(.text)
    TIM_SelectInputTrigger                   0x080059bd   Thumb Code    18  stm32f10x_tim.o(.text)
    TIM_ITRxExternalClockConfig              0x080059cf   Thumb Code    24  stm32f10x_tim.o(.text)
    TIM_TIxExternalClockConfig               0x080059e7   Thumb Code    62  stm32f10x_tim.o(.text)
    TIM_ETRConfig                            0x08005a25   Thumb Code    28  stm32f10x_tim.o(.text)
    TIM_ETRClockMode1Config                  0x08005a41   Thumb Code    54  stm32f10x_tim.o(.text)
    TIM_ETRClockMode2Config                  0x08005a77   Thumb Code    32  stm32f10x_tim.o(.text)
    TIM_PrescalerConfig                      0x08005a97   Thumb Code     6  stm32f10x_tim.o(.text)
    TIM_CounterModeConfig                    0x08005a9d   Thumb Code    18  stm32f10x_tim.o(.text)
    TIM_EncoderInterfaceConfig               0x08005aaf   Thumb Code    66  stm32f10x_tim.o(.text)
    TIM_ForcedOC1Config                      0x08005af1   Thumb Code    18  stm32f10x_tim.o(.text)
    TIM_ForcedOC2Config                      0x08005b03   Thumb Code    26  stm32f10x_tim.o(.text)
    TIM_ForcedOC3Config                      0x08005b1d   Thumb Code    18  stm32f10x_tim.o(.text)
    TIM_ForcedOC4Config                      0x08005b2f   Thumb Code    26  stm32f10x_tim.o(.text)
    TIM_ARRPreloadConfig                     0x08005b49   Thumb Code    24  stm32f10x_tim.o(.text)
    TIM_SelectCOM                            0x08005b61   Thumb Code    24  stm32f10x_tim.o(.text)
    TIM_SelectCCDMA                          0x08005b79   Thumb Code    24  stm32f10x_tim.o(.text)
    TIM_CCPreloadControl                     0x08005b91   Thumb Code    24  stm32f10x_tim.o(.text)
    TIM_OC1PreloadConfig                     0x08005ba9   Thumb Code    18  stm32f10x_tim.o(.text)
    TIM_OC2PreloadConfig                     0x08005bbb   Thumb Code    26  stm32f10x_tim.o(.text)
    TIM_OC3PreloadConfig                     0x08005bd5   Thumb Code    18  stm32f10x_tim.o(.text)
    TIM_OC4PreloadConfig                     0x08005be7   Thumb Code    26  stm32f10x_tim.o(.text)
    TIM_OC1FastConfig                        0x08005c01   Thumb Code    18  stm32f10x_tim.o(.text)
    TIM_OC2FastConfig                        0x08005c13   Thumb Code    26  stm32f10x_tim.o(.text)
    TIM_OC3FastConfig                        0x08005c2d   Thumb Code    18  stm32f10x_tim.o(.text)
    TIM_OC4FastConfig                        0x08005c3f   Thumb Code    26  stm32f10x_tim.o(.text)
    TIM_ClearOC1Ref                          0x08005c59   Thumb Code    18  stm32f10x_tim.o(.text)
    TIM_ClearOC2Ref                          0x08005c6b   Thumb Code    24  stm32f10x_tim.o(.text)
    TIM_ClearOC3Ref                          0x08005c83   Thumb Code    18  stm32f10x_tim.o(.text)
    TIM_ClearOC4Ref                          0x08005c95   Thumb Code    24  stm32f10x_tim.o(.text)
    TIM_OC1PolarityConfig                    0x08005cad   Thumb Code    18  stm32f10x_tim.o(.text)
    TIM_OC1NPolarityConfig                   0x08005cbf   Thumb Code    18  stm32f10x_tim.o(.text)
    TIM_OC2PolarityConfig                    0x08005cd1   Thumb Code    26  stm32f10x_tim.o(.text)
    TIM_OC2NPolarityConfig                   0x08005ceb   Thumb Code    26  stm32f10x_tim.o(.text)
    TIM_OC3PolarityConfig                    0x08005d05   Thumb Code    26  stm32f10x_tim.o(.text)
    TIM_OC3NPolarityConfig                   0x08005d1f   Thumb Code    26  stm32f10x_tim.o(.text)
    TIM_OC4PolarityConfig                    0x08005d39   Thumb Code    26  stm32f10x_tim.o(.text)
    TIM_CCxCmd                               0x08005d53   Thumb Code    30  stm32f10x_tim.o(.text)
    TIM_CCxNCmd                              0x08005d71   Thumb Code    30  stm32f10x_tim.o(.text)
    TIM_SelectOCxM                           0x08005d8f   Thumb Code    82  stm32f10x_tim.o(.text)
    TIM_UpdateDisableConfig                  0x08005de1   Thumb Code    24  stm32f10x_tim.o(.text)
    TIM_UpdateRequestConfig                  0x08005df9   Thumb Code    24  stm32f10x_tim.o(.text)
    TIM_SelectHallSensor                     0x08005e11   Thumb Code    24  stm32f10x_tim.o(.text)
    TIM_SelectOnePulseMode                   0x08005e29   Thumb Code    18  stm32f10x_tim.o(.text)
    TIM_SelectOutputTrigger                  0x08005e3b   Thumb Code    18  stm32f10x_tim.o(.text)
    TIM_SelectSlaveMode                      0x08005e4d   Thumb Code    18  stm32f10x_tim.o(.text)
    TIM_SelectMasterSlaveMode                0x08005e5f   Thumb Code    18  stm32f10x_tim.o(.text)
    TIM_SetCounter                           0x08005e71   Thumb Code     4  stm32f10x_tim.o(.text)
    TIM_SetAutoreload                        0x08005e75   Thumb Code     4  stm32f10x_tim.o(.text)
    TIM_SetCompare1                          0x08005e79   Thumb Code     4  stm32f10x_tim.o(.text)
    TIM_SetCompare2                          0x08005e7d   Thumb Code     4  stm32f10x_tim.o(.text)
    TIM_SetCompare3                          0x08005e81   Thumb Code     4  stm32f10x_tim.o(.text)
    TIM_SetCompare4                          0x08005e85   Thumb Code     6  stm32f10x_tim.o(.text)
    TIM_SetClockDivision                     0x08005e8b   Thumb Code    18  stm32f10x_tim.o(.text)
    TIM_GetCapture1                          0x08005e9d   Thumb Code     6  stm32f10x_tim.o(.text)
    TIM_GetCapture2                          0x08005ea3   Thumb Code     6  stm32f10x_tim.o(.text)
    TIM_GetCapture3                          0x08005ea9   Thumb Code     6  stm32f10x_tim.o(.text)
    TIM_GetCapture4                          0x08005eaf   Thumb Code     8  stm32f10x_tim.o(.text)
    TIM_GetCounter                           0x08005eb7   Thumb Code     6  stm32f10x_tim.o(.text)
    TIM_GetPrescaler                         0x08005ebd   Thumb Code     6  stm32f10x_tim.o(.text)
    TIM_GetFlagStatus                        0x08005ec3   Thumb Code    18  stm32f10x_tim.o(.text)
    TIM_ClearFlag                            0x08005ed5   Thumb Code     6  stm32f10x_tim.o(.text)
    TIM_GetITStatus                          0x08005edb   Thumb Code    34  stm32f10x_tim.o(.text)
    TIM_ClearITPendingBit                    0x08005efd   Thumb Code     6  stm32f10x_tim.o(.text)
    __scatterload                            0x08005f05   Thumb Code    28  init.o(.text)
    __scatterload_rt2                        0x08005f05   Thumb Code     0  init.o(.text)
    __scatterload_copy                       0x08005f29   Thumb Code    14  handlers.o(i.__scatterload_copy)
    __scatterload_null                       0x08005f37   Thumb Code     2  handlers.o(i.__scatterload_null)
    __scatterload_zeroinit                   0x08005f39   Thumb Code    14  handlers.o(i.__scatterload_zeroinit)
    Region$$Table$$Base                      0x08005f50   Number         0  anon$$obj.o(Region$$Table)
    Region$$Table$$Limit                     0x08005f70   Number         0  anon$$obj.o(Region$$Table)
    SystemCoreClock                          0x20000000   Data           4  system_stm32f10x.o(.data)
    AHBPrescTable                            0x20000004   Data          16  system_stm32f10x.o(.data)
    FatFs                                    0x20000030   Data         560  main.o(.bss)
    Fil                                      0x20000260   Data          40  main.o(.bss)
    __initial_sp                             0x20000688   Data           0  startup_stm32f10x_md.o(STACK)



==============================================================================

Memory Map of the image

  Image Entry point : 0x080020ed

  Load Region LR_IROM1 (Base: 0x08002000, Size: 0x00003fa0, Max: 0x0000e000, ABSOLUTE)

    Execution Region ER_IROM1 (Base: 0x08002000, Size: 0x00003f70, Max: 0x0000e000, ABSOLUTE)

    Base Addr    Size         Type   Attr      Idx    E Section Name        Object

    0x08002000   0x000000ec   Data   RO          120    RESET               startup_stm32f10x_md.o
    0x080020ec   0x00000000   Code   RO          363  * .ARM.Collect$$$$00000000  mc_w.l(entry.o)
    0x080020ec   0x00000004   Code   RO          366    .ARM.Collect$$$$00000001  mc_w.l(entry2.o)
    0x080020f0   0x00000004   Code   RO          369    .ARM.Collect$$$$00000004  mc_w.l(entry5.o)
    0x080020f4   0x00000000   Code   RO          371    .ARM.Collect$$$$00000008  mc_w.l(entry7b.o)
    0x080020f4   0x00000000   Code   RO          373    .ARM.Collect$$$$0000000A  mc_w.l(entry8b.o)
    0x080020f4   0x00000008   Code   RO          374    .ARM.Collect$$$$0000000B  mc_w.l(entry9a.o)
    0x080020fc   0x00000000   Code   RO          376    .ARM.Collect$$$$0000000D  mc_w.l(entry10a.o)
    0x080020fc   0x00000000   Code   RO          378    .ARM.Collect$$$$0000000F  mc_w.l(entry11a.o)
    0x080020fc   0x00000004   Code   RO          367    .ARM.Collect$$$$00002712  mc_w.l(entry2.o)
    0x08002100   0x000001e0   Code   RO            3    .text               system_stm32f10x.o
    0x080022e0   0x00000024   Code   RO          121    .text               startup_stm32f10x_md.o
    0x08002304   0x000000dc   Code   RO          148    .text               main.o
    0x080023e0   0x00000088   Code   RO          180    .text               delay.o
    0x08002468   0x000000e0   Code   RO          200    .text               spi.o
    0x08002548   0x00001c98   Code   RO          221    .text               ff.o
    0x080041e0   0x00000500   Code   RO          241    .text               sdmm.o
    0x080046e0   0x000003a4   Code   RO          283    .text               stm32f10x_rcc.o
    0x08004a84   0x00000358   Code   RO          305    .text               stm32f10x_gpio.o
    0x08004ddc   0x0000030c   Code   RO          325    .text               stm32f10x_spi.o
    0x080050e8   0x00000e1a   Code   RO          345    .text               stm32f10x_tim.o
    0x08005f02   0x00000002   PAD
    0x08005f04   0x00000024   Code   RO          380    .text               mc_w.l(init.o)
    0x08005f28   0x0000000e   Code   RO          384    i.__scatterload_copy  mc_w.l(handlers.o)
    0x08005f36   0x00000002   Code   RO          385    i.__scatterload_null  mc_w.l(handlers.o)
    0x08005f38   0x0000000e   Code   RO          386    i.__scatterload_zeroinit  mc_w.l(handlers.o)
    0x08005f46   0x0000000a   Data   RO          222    .constdata          ff.o
    0x08005f50   0x00000020   Data   RO          382    Region$$Table       anon$$obj.o


    Execution Region RW_IRAM1 (Base: 0x20000000, Size: 0x00000688, Max: 0x00005000, ABSOLUTE)

    Base Addr    Size         Type   Attr      Idx    E Section Name        Object

    0x20000000   0x00000014   Data   RW            4    .data               system_stm32f10x.o
    0x20000014   0x00000006   Data   RW          223    .data               ff.o
    0x2000001a   0x00000002   Data   RW          242    .data               sdmm.o
    0x2000001c   0x00000014   Data   RW          284    .data               stm32f10x_rcc.o
    0x20000030   0x00000258   Zero   RW          149    .bss                main.o
    0x20000288   0x00000400   Zero   RW          118    STACK               startup_stm32f10x_md.o


==============================================================================

Image component sizes


      Code (inc. data)   RO Data    RW Data    ZI Data      Debug   Object Name

       136         14          0          0          0        867   delay.o
      7320         78         10          6          0      36904   ff.o
       220         42          0          0        600       3088   main.o
      1280         12          0          2          0       5670   sdmm.o
       224          8          0          0          0        726   spi.o
        36          8        236          0       1024        908   startup_stm32f10x_md.o
       856         40          0          0          0       5805   stm32f10x_gpio.o
       932         44          0         20          0       8976   stm32f10x_rcc.o
       780         14          0          0          0       6694   stm32f10x_spi.o
      3610         88          0          0          0      22296   stm32f10x_tim.o
       480         42          0         20          0     252135   system_stm32f10x.o

    ----------------------------------------------------------------------
     15876        390        278         48       1624     344069   Object Totals
         0          0         32          0          0          0   (incl. Generated)
         2          0          0          0          0          0   (incl. Padding)

    ----------------------------------------------------------------------

      Code (inc. data)   RO Data    RW Data    ZI Data      Debug   Library Member Name

         0          0          0          0          0          0   entry.o
         0          0          0          0          0          0   entry10a.o
         0          0          0          0          0          0   entry11a.o
         8          4          0          0          0          0   entry2.o
         4          0          0          0          0          0   entry5.o
         0          0          0          0          0          0   entry7b.o
         0          0          0          0          0          0   entry8b.o
         8          4          0          0          0          0   entry9a.o
        30          0          0          0          0          0   handlers.o
        36          8          0          0          0         68   init.o

    ----------------------------------------------------------------------
        86         16          0          0          0         68   Library Totals
         0          0          0          0          0          0   (incl. Padding)

    ----------------------------------------------------------------------

      Code (inc. data)   RO Data    RW Data    ZI Data      Debug   Library Name

        86         16          0          0          0         68   mc_w.l

    ----------------------------------------------------------------------
        86         16          0          0          0         68   Library Totals

    ----------------------------------------------------------------------

==============================================================================


      Code (inc. data)   RO Data    RW Data    ZI Data      Debug   

     15962        406        278         48       1624     343253   Grand Totals
     15962        406        278         48       1624     343253   ELF Image Totals
     15962        406        278         48          0          0   ROM Totals

==============================================================================

    Total RO  Size (Code + RO Data)                16240 (  15.86kB)
    Total RW  Size (RW Data + ZI Data)              1672 (   1.63kB)
    Total ROM Size (Code + RO Data + RW Data)      16288 (  15.91kB)

==============================================================================

