<html>
<body>
<pre>
<h1>µVision Build Log</h1>
<h2>Tool Versions:</h2>
IDE-Version: µVision V5.33.0.0
Copyright (C) 2020 ARM Ltd and ARM Germany GmbH. All rights reserved.
License Information: MinhNhan ADMIN, STM34, LIC=EXJT4-FMX9F-VEVHA-14ZYS-S74G7-NMRR5
 
Tool Versions:
Toolchain:       MDK-ARM Plus  Version: 5.33.0.0
Toolchain Path:  C:\Keil_v5\ARM\ARMCC\Bin
C Compiler:      Armcc.exe V5.06 update 7 (build 960)
Assembler:       Armasm.exe V5.06 update 7 (build 960)
Linker/Locator:  ArmLink.exe V5.06 update 7 (build 960)
Library Manager: ArmAr.exe V5.06 update 7 (build 960)
Hex Converter:   FromElf.exe V5.06 update 7 (build 960)
CPU DLL:         SARMCM3.DLL V5.33.0.0
Dialog DLL:      DCM.DLL V1.17.3.0
Target DLL:      STLink\ST-LINKIII-KEIL_SWO.dll V3.0.8.0
Dialog DLL:      TCM.DLL V1.48.0.0
 
<h2>Project:</h2>
D:\Automotive\STM32\STM32F103C8T6_HAL\PROJECT_SD_CARD\STM32F1_HAL_SDCARD_FATFS-master\STM32F1_HAL_SDCARD_FATFS-master\MDK-ARM\SD_FATFS.uvprojx
Project File Date:  12/11/2023

<h2>Output:</h2>
*** Using Compiler 'V5.06 update 7 (build 960)', folder: 'C:\Keil_v5\ARM\ARMCC\Bin'
Build target 'SD_FATFS'
assembling startup_stm32f103xb.s...
compiling ccsbcs.c...
compiling syscall.c...
compiling diskio.c...
compiling system_stm32f1xx.c...
compiling ff_gen_drv.c...
compiling stm32f1xx_hal_rcc.c...
compiling ff.c...
compiling stm32f1xx_hal_rcc_ex.c...
compiling stm32f1xx_hal_gpio_ex.c...
compiling stm32f1xx_hal_spi_ex.c...
compiling stm32f1xx_hal_pwr.c...
compiling stm32f1xx_hal_dma.c...
compiling stm32f1xx_hal.c...
compiling stm32f1xx_hal_tim.c...
compiling stm32f1xx_hal_cortex.c...
compiling stm32f1xx_hal_gpio.c...
compiling stm32f1xx_hal_flash.c...
compiling stm32f1xx_hal_flash_ex.c...
compiling stm32f1xx_hal_uart.c...
compiling stm32f1xx_hal_tim_ex.c...
compiling stm32f1xx_hal_spi.c...
compiling stm32f1xx_hal_msp.c...
compiling fatfs.c...
compiling stm32f1xx_it.c...
compiling user_diskio.c...
../Src/user_diskio.c(173): warning:  #111-D: statement is unreachable
  			return RES_OK;
../Src/user_diskio.c: 1 warning, 0 errors
compiling main.c...
../Src/main.c(129): warning:  #177-D: variable "i"  was declared but never referenced
  	uint16_t i;
../Src/main.c(132): warning:  #177-D: variable "fileInfo"  was declared but never referenced
  	FILINFO fileInfo;
../Src/main.c(133): warning:  #177-D: variable "fn"  was declared but never referenced
  	char *fn;
../Src/main.c(134): warning:  #177-D: variable "dir"  was declared but never referenced
  	DIR dir;
../Src/main.c(135): warning:  #177-D: variable "fre_clust"  was declared but never referenced
  	DWORD fre_clust, fre_sect, tot_sect;
../Src/main.c(135): warning:  #177-D: variable "fre_sect"  was declared but never referenced
  	DWORD fre_clust, fre_sect, tot_sect;
../Src/main.c(135): warning:  #177-D: variable "tot_sect"  was declared but never referenced
  	DWORD fre_clust, fre_sect, tot_sect;
../Src/main.c: 7 warnings, 0 errors
compiling sd.c...
..\Src\sd.c(221): warning:  #1-D: last line of file ends without a newline
  //-----------------------------------------------
..\Src\sd.c: 1 warning, 0 errors
linking...
Program Size: Code=16650 RO-data=1694 RW-data=68 ZI-data=10644  
FromELF: creating hex file...
"SD_FATFS\SD_FATFS.axf" - 0 Error(s), 9 Warning(s).

<h2>Software Packages used:</h2>

Package Vendor: ARM
                http://www.keil.com/pack/ARM.CMSIS.5.9.0.pack
                ARM.CMSIS.5.9.0
                CMSIS (Common Microcontroller Software Interface Standard)
   * Component: CORE Version: 5.6.0

Package Vendor: Keil
                https://www.keil.com/pack/Keil.STM32F1xx_DFP.2.4.1.pack
                Keil.STM32F1xx_DFP.2.4.1
                STMicroelectronics STM32F1 Series Device Support, Drivers and Examples

<h2>Collection of Component include folders:</h2>
  .\RTE\_SD_FATFS
  C:\Users\ADMIN\AppData\Local\Arm\Packs\ARM\CMSIS\5.9.0\CMSIS\Core\Include
  C:\Users\ADMIN\AppData\Local\Arm\Packs\Keil\STM32F1xx_DFP\2.4.1\Device\Include

<h2>Collection of Component Files used:</h2>

   * Component: ARM::CMSIS:CORE:5.6.0
Build Time Elapsed:  00:00:08
</pre>
</body>
</html>
