<html>
<body>
<pre>
<h1>µVision Build Log</h1>
<h2>Tool Versions:</h2>
IDE-Version: µVision V5.28.0.0
Copyright (C) 2019 ARM Ltd and ARM Germany GmbH. All rights reserved.
License Information: MinhNhan ADMIN, STM34, LIC=----
 
Tool Versions:
Toolchain:       MDK-Lite  Version: 5.28.0.0
Toolchain Path:  C:\Keil_v5\ARM\ARMCC\Bin
C Compiler:      Armcc.exe V5.06 update 6 (build 750)
Assembler:       Armasm.exe V5.06 update 6 (build 750)
Linker/Locator:  ArmLink.exe V5.06 update 6 (build 750)
Library Manager: ArmAr.exe V5.06 update 6 (build 750)
Hex Converter:   FromElf.exe V5.06 update 6 (build 750)
CPU DLL:         SARMCM3.DLL V5.28.0.0
Dialog DLL:      DCM.DLL V1.17.3.0
Target DLL:      STLink\ST-LINKIII-KEIL_SWO.dll V3.0.6.0
Dialog DLL:      TCM.DLL V1.36.2.0
 
<h2>Project:</h2>
D:\Automotive\STM32\STM32F103C8T6\ADC\HC_SR04\HC_SR04.uvprojx
Project File Date:  09/24/2023

<h2>Output:</h2>
*** Using Compiler 'V5.06 update 6 (build 750)', folder: 'C:\Keil_v5\ARM\ARMCC\Bin'
Rebuild target 'Target 1'
compiling delay.c...
..\HC_SR04\delay.h(10): warning:  #1295-D: Deprecated declaration Init_TIMER - give arg types
  void Init_TIMER();
..\HC_SR04\delay.h(11): warning:  #1295-D: Deprecated declaration Delay_1ms - give arg types
  void Delay_1ms();
..\HC_SR04\delay.h(15): warning:  #1-D: last line of file ends without a newline
  #endif
delay.c(54): warning:  #1-D: last line of file ends without a newline
  			}
delay.c: 4 warnings, 0 errors
compiling lcd.c...
..\HC_SR04\delay.h(10): warning:  #1295-D: Deprecated declaration Init_TIMER - give arg types
  void Init_TIMER();
..\HC_SR04\delay.h(11): warning:  #1295-D: Deprecated declaration Delay_1ms - give arg types
  void Delay_1ms();
..\HC_SR04\delay.h(15): warning:  #1-D: last line of file ends without a newline
  #endif
..\HC_SR04\lcd.h(24): warning:  #1295-D: Deprecated declaration LCD_Clear - give arg types
  void LCD_Clear();
..\HC_SR04\lcd.h(25): warning:  #1295-D: Deprecated declaration LCD_Init - give arg types
  void LCD_Init();
..\HC_SR04\lcd.h(33): warning:  #1-D: last line of file ends without a newline
  #endif
lcd.c(27): warning:  #188-D: enumerated type mixed with another type
  GPIO_WriteBit(GPIOA, LCD_D4|LCD_D5|LCD_D5|LCD_D7, 0);
lcd.c(28): warning:  #188-D: enumerated type mixed with another type
  GPIO_WriteBit(GPIOC, LCD_RS|LCD_RW|LCD_EN, 0);
lcd.c(63): warning:  #188-D: enumerated type mixed with another type
     GPIO_WriteBit(GPIOA, LCD_D4, Data & 0x01);
lcd.c(64): warning:  #188-D: enumerated type mixed with another type
     GPIO_WriteBit(GPIOA, LCD_D5, (Data>>1)&1);
lcd.c(65): warning:  #188-D: enumerated type mixed with another type
     GPIO_WriteBit(GPIOA, LCD_D6, (Data>>2)&1);
lcd.c(66): warning:  #188-D: enumerated type mixed with another type
     GPIO_WriteBit(GPIOA, LCD_D7, (Data>>3)&1);
lcd.c(111): warning:  #188-D: enumerated type mixed with another type
  GPIO_WriteBit(GPIOC, LCD_RS, 0);
lcd.c: 13 warnings, 0 errors
compiling misc.c...
compiling stm32f10x_gpio.c...
compiling hc_sr04.c...
..\HC_SR04\HC_SR04.h(38): warning:  #1295-D: Deprecated declaration EnableHCSR04PeriphClock - give arg types
  void EnableHCSR04PeriphClock();
..\HC_SR04\HC_SR04.h(43): warning:  #1295-D: Deprecated declaration InitHCSR04 - give arg types
  void InitHCSR04();
..\HC_SR04\HC_SR04.h(48): warning:  #1295-D: Deprecated declaration HCSR04GetDistance - give arg types
  int32_t HCSR04GetDistance();
..\HC_SR04\HC_SR04.h(50): warning:  #1-D: last line of file ends without a newline
  #endif /* STM32F10X_HC_SR04_H_ */
hc_sr04.c(3): warning:  #1295-D: Deprecated declaration EnableHCSR04PeriphClock - give arg types
  extern void EnableHCSR04PeriphClock();
hc_sr04.c: 5 warnings, 0 errors
compiling main.c...
..\HC_SR04\HC_SR04.h(38): warning:  #1295-D: Deprecated declaration EnableHCSR04PeriphClock - give arg types
  void EnableHCSR04PeriphClock();
..\HC_SR04\HC_SR04.h(43): warning:  #1295-D: Deprecated declaration InitHCSR04 - give arg types
  void InitHCSR04();
..\HC_SR04\HC_SR04.h(48): warning:  #1295-D: Deprecated declaration HCSR04GetDistance - give arg types
  int32_t HCSR04GetDistance();
..\HC_SR04\HC_SR04.h(50): warning:  #1-D: last line of file ends without a newline
  #endif /* STM32F10X_HC_SR04_H_ */
..\HC_SR04\delay.h(10): warning:  #1295-D: Deprecated declaration Init_TIMER - give arg types
  void Init_TIMER();
..\HC_SR04\delay.h(11): warning:  #1295-D: Deprecated declaration Delay_1ms - give arg types
  void Delay_1ms();
..\HC_SR04\delay.h(15): warning:  #1-D: last line of file ends without a newline
  #endif
..\HC_SR04\lcd.h(24): warning:  #1295-D: Deprecated declaration LCD_Clear - give arg types
  void LCD_Clear();
..\HC_SR04\lcd.h(25): warning:  #1295-D: Deprecated declaration LCD_Init - give arg types
  void LCD_Init();
..\HC_SR04\lcd.h(33): warning:  #1-D: last line of file ends without a newline
  #endif
main.c(131): warning:  #1-D: last line of file ends without a newline
  } 
main.c: 11 warnings, 0 errors
compiling stm32f10x_adc.c...
assembling startup_stm32f10x_md.s...
compiling system_stm32f10x.c...
compiling stm32f10x_rcc.c...
compiling stm32f10x_tim.c...
linking...
Program Size: Code=4200 RO-data=268 RW-data=24 ZI-data=1632  
FromELF: creating hex file...
".\Objects\HC_SR04.axf" - 0 Error(s), 33 Warning(s).

<h2>Software Packages used:</h2>

Package Vendor: ARM
                http://www.keil.com/pack/ARM.CMSIS.5.9.0.pack
                ARM.CMSIS.5.9.0
                CMSIS (Common Microcontroller Software Interface Standard)
   * Component: CORE Version: 5.6.0

Package Vendor: Keil
                https://www.keil.com/pack/Keil.STM32F1xx_DFP.2.4.1.pack
                Keil.STM32F1xx_DFP.2.4.1
                STMicroelectronics STM32F1 Series Device Support, Drivers and Examples
   * Component: Startup Version: 1.0.0
   * Component: ADC Version: 3.6.0
   * Component: Framework Version: 3.6.0
   * Component: GPIO Version: 3.6.0
   * Component: RCC Version: 3.6.0
   * Component: TIM Version: 3.6.0

<h2>Collection of Component include folders:</h2>
  .\RTE\Device\STM32F103C8
  .\RTE\_Target_1
  C:\Users\ADMIN\AppData\Local\Arm\Packs\ARM\CMSIS\5.9.0\CMSIS\Core\Include
  C:\Users\ADMIN\AppData\Local\Arm\Packs\Keil\STM32F1xx_DFP\2.4.1\Device\Include
  C:\Users\ADMIN\AppData\Local\Arm\Packs\Keil\STM32F1xx_DFP\2.4.1\Device\StdPeriph_Driver\inc

<h2>Collection of Component Files used:</h2>

   * Component: ARM::CMSIS:CORE:5.6.0

   * Component: Keil::Device:Startup:1.0.0
      Source file:   Device\Source\ARM\startup_stm32f10x_md.s
      Include file:  RTE_Driver\Config\RTE_Device.h
      Source file:   Device\Source\ARM\STM32F1xx_OPT.s
      Source file:   Device\Source\system_stm32f10x.c

   * Component: Keil::Device:StdPeriph Drivers:ADC:3.6.0
      Include file:  Device\StdPeriph_Driver\inc\stm32f10x_adc.h
      Source file:   Device\StdPeriph_Driver\src\stm32f10x_adc.c

   * Component: Keil::Device:StdPeriph Drivers:Framework:3.6.0
      Source file:   Device\StdPeriph_Driver\src\misc.c
      Include file:  Device\StdPeriph_Driver\templates\stm32f10x_it.h
      Source file:   Device\StdPeriph_Driver\templates\stm32f10x_it.c
      Source file:   Device\StdPeriph_Driver\templates\stm32f10x_conf.h
      Include file:  Device\StdPeriph_Driver\inc\misc.h

   * Component: Keil::Device:StdPeriph Drivers:GPIO:3.6.0
      Include file:  Device\StdPeriph_Driver\inc\stm32f10x_gpio.h
      Source file:   Device\StdPeriph_Driver\src\stm32f10x_gpio.c

   * Component: Keil::Device:StdPeriph Drivers:RCC:3.6.0
      Include file:  Device\StdPeriph_Driver\inc\stm32f10x_rcc.h
      Source file:   Device\StdPeriph_Driver\src\stm32f10x_rcc.c

   * Component: Keil::Device:StdPeriph Drivers:TIM:3.6.0
      Include file:  Device\StdPeriph_Driver\inc\stm32f10x_tim.h
      Source file:   Device\StdPeriph_Driver\src\stm32f10x_tim.c
Build Time Elapsed:  00:00:02
</pre>
</body>
</html>
