<html>
<body>
<pre>
<h1>µVision Build Log</h1>
<h2>Project:</h2>
D:\Arm\STM32F103\Appz103c8t6\SD_Card wBL\Template.uvproj
Project File Date:  01/29/2020

<h2>Output:</h2>
Build target 'Template'
linking...
Program Size: Code=7284 RO-data=268 RW-data=40 ZI-data=1024  
FromELF: creating hex file...
After Build - User command #1: fromelf --bin ".\out\Template.axf" --output ".\out\Template.bin"
".\Out\Template.axf" - 0 Errors, 0 Warning(s).
Build target 'Template'
compiling ff.c...
compiling sdmm.c...
sdmm.c(135): warning:  #177-D: variable "r" was declared but never referenced
sdmm.c(346): error:  #20: identifier "DDRB" is undefined
sdmm.c(347): error:  #20: identifier "PORTB" is undefined
".\Out\Template.axf" - 2 Errors, 1 Warning(s).
Target not created
Build target 'Template'
compiling ff.c...
compiling sdmm.c...
sdmm.c(135): warning:  #177-D: variable "r" was declared but never referenced
linking...
Program Size: Code=7284 RO-data=268 RW-data=40 ZI-data=1024  
FromELF: creating hex file...
After Build - User command #1: fromelf --bin ".\out\Template.axf" --output ".\out\Template.bin"
".\Out\Template.axf" - 0 Errors, 1 Warning(s).
Build target 'Template'
compiling main.c...
compiling sdmm.c...
sdmm.c(135): warning:  #177-D: variable "r" was declared but never referenced
linking...
Program Size: Code=15962 RO-data=278 RW-data=48 ZI-data=1624  
FromELF: creating hex file...
After Build - User command #1: fromelf --bin ".\out\Template.axf" --output ".\out\Template.bin"
".\Out\Template.axf" - 0 Errors, 1 Warning(s).
Rebuild target 'Template'
compiling system_stm32f10x.c...
assembling startup_stm32f10x_md.s...
compiling stm32f10x_it.c...
compiling main.c...
compiling delay.c...
compiling spi.c...
compiling ff.c...
compiling sdmm.c...
compiling misc.c...
compiling stm32f10x_rcc.c...
compiling stm32f10x_gpio.c...
compiling stm32f10x_spi.c...
compiling stm32f10x_tim.c...
linking...
Program Size: Code=15962 RO-data=278 RW-data=48 ZI-data=1624  
FromELF: creating hex file...
After Build - User command #1: fromelf --bin ".\out\Template.axf" --output ".\out\Template.bin"
".\Out\Template.axf" - 0 Errors, 0 Warning(s).
Build target 'Template'
compiling spi.c...
linking...
Program Size: Code=15962 RO-data=278 RW-data=48 ZI-data=1624  
FromELF: creating hex file...
After Build - User command #1: fromelf --bin ".\out\Template.axf" --output ".\out\Template.bin"
".\Out\Template.axf" - 0 Errors, 0 Warning(s).
Build target 'Template'
compiling spi.c...
compiling sdmm.c...
linking...
Program Size: Code=15962 RO-data=278 RW-data=48 ZI-data=1624  
FromELF: creating hex file...
After Build - User command #1: fromelf --bin ".\out\Template.axf" --output ".\out\Template.bin"
".\Out\Template.axf" - 0 Errors, 0 Warning(s).
