Component: ARM Compiler 5.06 update 7 (build 960) Tool: armlink [4d3601]

==============================================================================

Section Cross References

    fatfs_sd.o(i.DESELECT) refers to stm32f1xx_hal_gpio.o(i.HAL_GPIO_WritePin) for HAL_GPIO_WritePin
    fatfs_sd.o(i.SD_PowerOn) refers to fatfs_sd.o(i.DESELECT) for DESELECT
    fatfs_sd.o(i.SD_PowerOn) refers to fatfs_sd.o(i.SPI_TxByte) for SPI_TxByte
    fatfs_sd.o(i.SD_PowerOn) refers to fatfs_sd.o(i.SELECT) for SELECT
    fatfs_sd.o(i.SD_PowerOn) refers to fatfs_sd.o(i.SPI_RxByte) for SPI_RxByte
    fatfs_sd.o(i.SD_PowerOn) refers to fatfs_sd.o(.data) for .data
    fatfs_sd.o(i.SD_ReadyWait) refers to fatfs_sd.o(i.SPI_RxByte) for SPI_RxByte
    fatfs_sd.o(i.SD_ReadyWait) refers to stm32f1xx_it.o(.data) for Timer2
    fatfs_sd.o(i.SD_RxDataBlock) refers to fatfs_sd.o(i.SPI_RxByte) for SPI_RxByte
    fatfs_sd.o(i.SD_RxDataBlock) refers to stm32f1xx_it.o(.data) for Timer1
    fatfs_sd.o(i.SD_SendCmd) refers to fatfs_sd.o(i.SD_ReadyWait) for SD_ReadyWait
    fatfs_sd.o(i.SD_SendCmd) refers to fatfs_sd.o(i.SPI_TxByte) for SPI_TxByte
    fatfs_sd.o(i.SD_SendCmd) refers to fatfs_sd.o(i.SPI_RxByte) for SPI_RxByte
    fatfs_sd.o(i.SD_TxDataBlock) refers to fatfs_sd.o(i.SD_ReadyWait) for SD_ReadyWait
    fatfs_sd.o(i.SD_TxDataBlock) refers to fatfs_sd.o(i.SPI_TxByte) for SPI_TxByte
    fatfs_sd.o(i.SD_TxDataBlock) refers to fatfs_sd.o(i.SPI_RxByte) for SPI_RxByte
    fatfs_sd.o(i.SD_disk_initialize) refers to fatfs_sd.o(i.SD_PowerOn) for SD_PowerOn
    fatfs_sd.o(i.SD_disk_initialize) refers to fatfs_sd.o(i.SELECT) for SELECT
    fatfs_sd.o(i.SD_disk_initialize) refers to fatfs_sd.o(i.SD_SendCmd) for SD_SendCmd
    fatfs_sd.o(i.SD_disk_initialize) refers to fatfs_sd.o(i.SPI_RxByte) for SPI_RxByte
    fatfs_sd.o(i.SD_disk_initialize) refers to fatfs_sd.o(i.DESELECT) for DESELECT
    fatfs_sd.o(i.SD_disk_initialize) refers to fatfs_sd.o(.data) for .data
    fatfs_sd.o(i.SD_disk_initialize) refers to stm32f1xx_it.o(.data) for Timer1
    fatfs_sd.o(i.SD_disk_ioctl) refers to fatfs_sd.o(i.SD_PowerOn) for SD_PowerOn
    fatfs_sd.o(i.SD_disk_ioctl) refers to fatfs_sd.o(i.SELECT) for SELECT
    fatfs_sd.o(i.SD_disk_ioctl) refers to fatfs_sd.o(i.SD_SendCmd) for SD_SendCmd
    fatfs_sd.o(i.SD_disk_ioctl) refers to fatfs_sd.o(i.SD_RxDataBlock) for SD_RxDataBlock
    fatfs_sd.o(i.SD_disk_ioctl) refers to fatfs_sd.o(i.SD_ReadyWait) for SD_ReadyWait
    fatfs_sd.o(i.SD_disk_ioctl) refers to fatfs_sd.o(i.SPI_RxByte) for SPI_RxByte
    fatfs_sd.o(i.SD_disk_ioctl) refers to fatfs_sd.o(i.DESELECT) for DESELECT
    fatfs_sd.o(i.SD_disk_ioctl) refers to fatfs_sd.o(.data) for .data
    fatfs_sd.o(i.SD_disk_read) refers to fatfs_sd.o(i.SELECT) for SELECT
    fatfs_sd.o(i.SD_disk_read) refers to fatfs_sd.o(i.SD_SendCmd) for SD_SendCmd
    fatfs_sd.o(i.SD_disk_read) refers to fatfs_sd.o(i.SD_RxDataBlock) for SD_RxDataBlock
    fatfs_sd.o(i.SD_disk_read) refers to fatfs_sd.o(i.DESELECT) for DESELECT
    fatfs_sd.o(i.SD_disk_read) refers to fatfs_sd.o(i.SPI_RxByte) for SPI_RxByte
    fatfs_sd.o(i.SD_disk_read) refers to fatfs_sd.o(.data) for .data
    fatfs_sd.o(i.SD_disk_status) refers to fatfs_sd.o(.data) for .data
    fatfs_sd.o(i.SD_disk_write) refers to fatfs_sd.o(i.SELECT) for SELECT
    fatfs_sd.o(i.SD_disk_write) refers to fatfs_sd.o(i.SD_SendCmd) for SD_SendCmd
    fatfs_sd.o(i.SD_disk_write) refers to fatfs_sd.o(i.SD_TxDataBlock) for SD_TxDataBlock
    fatfs_sd.o(i.SD_disk_write) refers to fatfs_sd.o(i.DESELECT) for DESELECT
    fatfs_sd.o(i.SD_disk_write) refers to fatfs_sd.o(i.SPI_RxByte) for SPI_RxByte
    fatfs_sd.o(i.SD_disk_write) refers to fatfs_sd.o(.data) for .data
    fatfs_sd.o(i.SELECT) refers to stm32f1xx_hal_gpio.o(i.HAL_GPIO_WritePin) for HAL_GPIO_WritePin
    fatfs_sd.o(i.SPI_RxByte) refers to stm32f1xx_hal_spi.o(i.HAL_SPI_GetState) for HAL_SPI_GetState
    fatfs_sd.o(i.SPI_RxByte) refers to stm32f1xx_hal_spi.o(i.HAL_SPI_TransmitReceive) for HAL_SPI_TransmitReceive
    fatfs_sd.o(i.SPI_RxByte) refers to main.o(.bss) for hspi1
    fatfs_sd.o(i.SPI_TxByte) refers to stm32f1xx_hal_spi.o(i.HAL_SPI_GetState) for HAL_SPI_GetState
    fatfs_sd.o(i.SPI_TxByte) refers to stm32f1xx_hal_spi.o(i.HAL_SPI_Transmit) for HAL_SPI_Transmit
    fatfs_sd.o(i.SPI_TxByte) refers to main.o(.bss) for hspi1
    main.o(i.MX_GPIO_Init) refers to stm32f1xx_hal_gpio.o(i.HAL_GPIO_WritePin) for HAL_GPIO_WritePin
    main.o(i.MX_GPIO_Init) refers to stm32f1xx_hal_gpio.o(i.HAL_GPIO_Init) for HAL_GPIO_Init
    main.o(i.MX_SPI1_Init) refers to stm32f1xx_hal_spi.o(i.HAL_SPI_Init) for HAL_SPI_Init
    main.o(i.MX_SPI1_Init) refers to main.o(.bss) for .bss
    main.o(i.SystemClock_Config) refers to memseta.o(.text) for __aeabi_memclr4
    main.o(i.SystemClock_Config) refers to stm32f1xx_hal_rcc.o(i.HAL_RCC_OscConfig) for HAL_RCC_OscConfig
    main.o(i.SystemClock_Config) refers to stm32f1xx_hal_rcc.o(i.HAL_RCC_ClockConfig) for HAL_RCC_ClockConfig
[...]
    Removing fatfs.o(.rrx_text), (6 bytes).
    Removing fatfs.o(.bss), (4144 bytes).
    Removing fatfs.o(.bss), (4140 bytes).
    Removing stm32f1xx_it.o(.rev16_text), (4 bytes).
    Removing stm32f1xx_it.o(.revsh_text), (4 bytes).
    Removing stm32f1xx_it.o(.rrx_text), (6 bytes).
    Removing stm32f1xx_hal_msp.o(.rev16_text), (4 bytes).
    Removing stm32f1xx_hal_msp.o(.revsh_text), (4 bytes).
    Removing stm32f1xx_hal_msp.o(.rrx_text), (6 bytes).
    Removing stm32f1xx_hal_msp.o(i.HAL_SPI_MspDeInit), (40 bytes).
    Removing startup_stm32f103xb.o(HEAP), (512 bytes).
    Removing stm32f1xx_hal_gpio_ex.o(.rev16_text), (4 bytes).
    Removing stm32f1xx_hal_gpio_ex.o(.revsh_text), (4 bytes).
    Removing stm32f1xx_hal_gpio_ex.o(.rrx_text), (6 bytes).
    Removing stm32f1xx_hal_gpio_ex.o(i.HAL_GPIOEx_ConfigEventout), (20 bytes).
    Removing stm32f1xx_hal_gpio_ex.o(i.HAL_GPIOEx_DisableEventout), (16 bytes).
    Removing stm32f1xx_hal_gpio_ex.o(i.HAL_GPIOEx_EnableEventout), (16 bytes).
    Removing stm32f1xx_hal.o(.rev16_text), (4 bytes).
    Removing stm32f1xx_hal.o(.revsh_text), (4 bytes).
    Removing stm32f1xx_hal.o(.rrx_text), (6 bytes).
    Removing stm32f1xx_hal.o(i.HAL_DBGMCU_DisableDBGSleepMode), (16 bytes).
    Removing stm32f1xx_hal.o(i.HAL_DBGMCU_DisableDBGStandbyMode), (16 bytes).
    Removing stm32f1xx_hal.o(i.HAL_DBGMCU_DisableDBGStopMode), (16 bytes).
    Removing stm32f1xx_hal.o(i.HAL_DBGMCU_EnableDBGSleepMode), (16 bytes).
    Removing stm32f1xx_hal.o(i.HAL_DBGMCU_EnableDBGStandbyMode), (16 bytes).
    Removing stm32f1xx_hal.o(i.HAL_DBGMCU_EnableDBGStopMode), (16 bytes).
    Removing stm32f1xx_hal.o(i.HAL_DeInit), (32 bytes).
    Removing stm32f1xx_hal.o(i.HAL_Delay), (40 bytes).
    Removing stm32f1xx_hal.o(i.HAL_GetDEVID), (16 bytes).
    Removing stm32f1xx_hal.o(i.HAL_GetHalVersion), (8 bytes).
    Removing stm32f1xx_hal.o(i.HAL_GetREVID), (12 bytes).
    Removing stm32f1xx_hal.o(i.HAL_GetTickFreq), (12 bytes).
    Removing stm32f1xx_hal.o(i.HAL_GetTickPrio), (12 bytes).
    Removing stm32f1xx_hal.o(i.HAL_GetUIDw0), (12 bytes).
    Removing stm32f1xx_hal.o(i.HAL_GetUIDw1), (12 bytes).
    Removing stm32f1xx_hal.o(i.HAL_GetUIDw2), (12 bytes).
    Removing stm32f1xx_hal.o(i.HAL_MspDeInit), (2 bytes).
    Removing stm32f1xx_hal.o(i.HAL_MspInit), (2 bytes).
    Removing stm32f1xx_hal.o(i.HAL_ResumeTick), (14 bytes).
    Removing stm32f1xx_hal.o(i.HAL_SetTickFreq), (36 bytes).
    Removing stm32f1xx_hal.o(i.HAL_SuspendTick), (14 bytes).
    Removing stm32f1xx_hal_rcc.o(.rev16_text), (4 bytes).
    Removing stm32f1xx_hal_rcc.o(.revsh_text), (4 bytes).
    Removing stm32f1xx_hal_rcc.o(.rrx_text), (6 bytes).
    Removing stm32f1xx_hal_rcc.o(i.HAL_RCC_CSSCallback), (2 bytes).
    Removing stm32f1xx_hal_rcc.o(i.HAL_RCC_DeInit), (268 bytes).
    Removing stm32f1xx_hal_rcc.o(i.HAL_RCC_DisableCSS), (12 bytes).
    Removing stm32f1xx_hal_rcc.o(i.HAL_RCC_EnableCSS), (12 bytes).
    Removing stm32f1xx_hal_rcc.o(i.HAL_RCC_GetClockConfig), (60 bytes).
    Removing stm32f1xx_hal_rcc.o(i.HAL_RCC_GetHCLKFreq), (12 bytes).
    Removing stm32f1xx_hal_rcc.o(i.HAL_RCC_GetOscConfig), (172 bytes).
    Removing stm32f1xx_hal_rcc.o(i.HAL_RCC_GetPCLK1Freq), (32 bytes).
    Removing stm32f1xx_hal_rcc.o(i.HAL_RCC_GetPCLK2Freq), (32 bytes).
    Removing stm32f1xx_hal_rcc.o(i.HAL_RCC_MCOConfig), (72 bytes).
    Removing stm32f1xx_hal_rcc.o(i.HAL_RCC_NMI_IRQHandler), (28 bytes).
    Removing stm32f1xx_hal_rcc_ex.o(.rev16_text), (4 bytes).
    Removing stm32f1xx_hal_rcc_ex.o(.revsh_text), (4 bytes).
    Removing stm32f1xx_hal_rcc_ex.o(.rrx_text), (6 bytes).
    Removing stm32f1xx_hal_rcc_ex.o(i.HAL_RCCEx_GetPeriphCLKConfig), (44 bytes).
    Removing stm32f1xx_hal_rcc_ex.o(i.HAL_RCCEx_GetPeriphCLKFreq), (200 bytes).
    Removing stm32f1xx_hal_rcc_ex.o(i.HAL_RCCEx_PeriphCLKConfig), (304 bytes).
    Removing stm32f1xx_hal_rcc_ex.o(.constdata), (18 bytes).
    Removing stm32f1xx_hal_gpio.o(.rev16_text), (4 bytes).
    Removing stm32f1xx_hal_gpio.o(.revsh_text), (4 bytes).
    Removing stm32f1xx_hal_gpio.o(.rrx_text), (6 bytes).
    Removing stm32f1xx_hal_gpio.o(i.HAL_GPIO_DeInit), (300 bytes).
    Removing stm32f1xx_hal_gpio.o(i.HAL_GPIO_EXTI_Callback), (2 bytes).
    Removing stm32f1xx_hal_gpio.o(i.HAL_GPIO_EXTI_IRQHandler), (24 bytes).
    Removing stm32f1xx_hal_gpio.o(i.HAL_GPIO_LockPin), (42 bytes).
    Removing stm32f1xx_hal_gpio.o(i.HAL_GPIO_ReadPin), (14 bytes).
    Removing stm32f1xx_hal_gpio.o(i.HAL_GPIO_TogglePin), (16 bytes).
    Removing stm32f1xx_hal_dma.o(.rev16_text), (4 bytes).
    Removing stm32f1xx_hal_dma.o(.revsh_text), (4 bytes).
    Removing stm32f1xx_hal_dma.o(.rrx_text), (6 bytes).
    Removing stm32f1xx_hal_dma.o(i.DMA_SetConfig), (56 bytes).
    Removing stm32f1xx_hal_dma.o(i.HAL_DMA_Abort), (72 bytes).
    Removing stm32f1xx_hal_dma.o(i.HAL_DMA_Abort_IT), (164 bytes).
    Removing stm32f1xx_hal_dma.o(i.HAL_DMA_DeInit), (104 bytes).
    Removing stm32f1xx_hal_dma.o(i.HAL_DMA_GetError), (4 bytes).
    Removing stm32f1xx_hal_dma.o(i.HAL_DMA_GetState), (6 bytes).
    Removing stm32f1xx_hal_dma.o(i.HAL_DMA_IRQHandler), (368 bytes).
    Removing stm32f1xx_hal_dma.o(i.HAL_DMA_Init), (132 bytes).
    Removing stm32f1xx_hal_dma.o(i.HAL_DMA_PollForTransfer), (580 bytes).
    Removing stm32f1xx_hal_dma.o(i.HAL_DMA_RegisterCallback), (80 bytes).
    Removing stm32f1xx_hal_dma.o(i.HAL_DMA_Start), (88 bytes).
    Removing stm32f1xx_hal_dma.o(i.HAL_DMA_Start_IT), (124 bytes).
    Removing stm32f1xx_hal_dma.o(i.HAL_DMA_UnRegisterCallback), (86 bytes).
    Removing stm32f1xx_hal_cortex.o(.rev16_text), (4 bytes).
    Removing stm32f1xx_hal_cortex.o(.revsh_text), (4 bytes).
    Removing stm32f1xx_hal_cortex.o(.rrx_text), (6 bytes).
    Removing stm32f1xx_hal_cortex.o(i.HAL_NVIC_ClearPendingIRQ), (28 bytes).
    Removing stm32f1xx_hal_cortex.o(i.HAL_NVIC_DisableIRQ), (36 bytes).
    Removing stm32f1xx_hal_cortex.o(i.HAL_NVIC_EnableIRQ), (28 bytes).
    Removing stm32f1xx_hal_cortex.o(i.HAL_NVIC_GetActive), (42 bytes).
    Removing stm32f1xx_hal_cortex.o(i.HAL_NVIC_GetPendingIRQ), (42 bytes).
    Removing stm32f1xx_hal_cortex.o(i.HAL_NVIC_GetPriority), (94 bytes).
    Removing stm32f1xx_hal_cortex.o(i.HAL_NVIC_GetPriorityGrouping), (16 bytes).
    Removing stm32f1xx_hal_cortex.o(i.HAL_NVIC_SetPendingIRQ), (28 bytes).
    Removing stm32f1xx_hal_cortex.o(i.HAL_NVIC_SystemReset), (36 bytes).
    Removing stm32f1xx_hal_cortex.o(i.HAL_SYSTICK_CLKSourceConfig), (28 bytes).
    Removing stm32f1xx_hal_cortex.o(i.HAL_SYSTICK_Callback), (2 bytes).
    Removing stm32f1xx_hal_cortex.o(i.HAL_SYSTICK_IRQHandler), (8 bytes).
    Removing stm32f1xx_hal_pwr.o(.rev16_text), (4 bytes).
    Removing stm32f1xx_hal_pwr.o(.revsh_text), (4 bytes).
    Removing stm32f1xx_hal_pwr.o(.rrx_text), (6 bytes).
    Removing stm32f1xx_hal_pwr.o(i.HAL_PWR_ConfigPVD), (148 bytes).
    Removing stm32f1xx_hal_pwr.o(i.HAL_PWR_DeInit), (24 bytes).
    Removing stm32f1xx_hal_pwr.o(i.HAL_PWR_DisableBkUpAccess), (12 bytes).
    Removing stm32f1xx_hal_pwr.o(i.HAL_PWR_DisablePVD), (12 bytes).
    Removing stm32f1xx_hal_pwr.o(i.HAL_PWR_DisableSEVOnPend), (16 bytes).
    Removing stm32f1xx_hal_pwr.o(i.HAL_PWR_DisableSleepOnExit), (16 bytes).
    Removing stm32f1xx_hal_pwr.o(i.HAL_PWR_DisableWakeUpPin), (26 bytes).
    Removing stm32f1xx_hal_pwr.o(i.HAL_PWR_EnableBkUpAccess), (12 bytes).
    Removing stm32f1xx_hal_pwr.o(i.HAL_PWR_EnablePVD), (12 bytes).
    Removing stm32f1xx_hal_pwr.o(i.HAL_PWR_EnableSEVOnPend), (16 bytes).
    Removing stm32f1xx_hal_pwr.o(i.HAL_PWR_EnableSleepOnExit), (16 bytes).
    Removing stm32f1xx_hal_pwr.o(i.HAL_PWR_EnableWakeUpPin), (26 bytes).
    Removing stm32f1xx_hal_pwr.o(i.HAL_PWR_EnterSLEEPMode), (32 bytes).
    Removing stm32f1xx_hal_pwr.o(i.HAL_PWR_EnterSTANDBYMode), (32 bytes).
    Removing stm32f1xx_hal_pwr.o(i.HAL_PWR_EnterSTOPMode), (68 bytes).
    Removing stm32f1xx_hal_pwr.o(i.HAL_PWR_PVDCallback), (2 bytes).
    Removing stm32f1xx_hal_pwr.o(i.HAL_PWR_PVD_IRQHandler), (28 bytes).
    Removing stm32f1xx_hal_pwr.o(i.PWR_OverloadWfe), (6 bytes).
    Removing stm32f1xx_hal_flash.o(.rev16_text), (4 bytes).
    Removing stm32f1xx_hal_flash.o(.revsh_text), (4 bytes).
    Removing stm32f1xx_hal_flash.o(.rrx_text), (6 bytes).
    Removing stm32f1xx_hal_flash.o(i.FLASH_Program_HalfWord), (28 bytes).
    Removing stm32f1xx_hal_flash.o(i.FLASH_SetErrorCode), (100 bytes).
    Removing stm32f1xx_hal_flash.o(i.FLASH_WaitForLastOperation), (104 bytes).
    Removing stm32f1xx_hal_flash.o(i.HAL_FLASH_EndOfOperationCallback), (2 bytes).
    Removing stm32f1xx_hal_flash.o(i.HAL_FLASH_GetError), (12 bytes).
    Removing stm32f1xx_hal_flash.o(i.HAL_FLASH_IRQHandler), (284 bytes).
    Removing stm32f1xx_hal_flash.o(i.HAL_FLASH_Lock), (20 bytes).
    Removing stm32f1xx_hal_flash.o(i.HAL_FLASH_OB_Launch), (4 bytes).
    Removing stm32f1xx_hal_flash.o(i.HAL_FLASH_OB_Lock), (20 bytes).
    Removing stm32f1xx_hal_flash.o(i.HAL_FLASH_OB_Unlock), (40 bytes).
    Removing stm32f1xx_hal_flash.o(i.HAL_FLASH_OperationErrorCallback), (2 bytes).
    Removing stm32f1xx_hal_flash.o(i.HAL_FLASH_Program), (148 bytes).
    Removing stm32f1xx_hal_flash.o(i.HAL_FLASH_Program_IT), (104 bytes).
    Removing stm32f1xx_hal_flash.o(i.HAL_FLASH_Unlock), (44 bytes).
    Removing stm32f1xx_hal_flash.o(.bss), (32 bytes).
    Removing stm32f1xx_hal_flash_ex.o(.rev16_text), (4 bytes).
    Removing stm32f1xx_hal_flash_ex.o(.revsh_text), (4 bytes).
    Removing stm32f1xx_hal_flash_ex.o(.rrx_text), (6 bytes).
    Removing stm32f1xx_hal_flash_ex.o(i.FLASH_MassErase), (36 bytes).
    Removing stm32f1xx_hal_flash_ex.o(i.FLASH_OB_DisableWRP), (192 bytes).
    Removing stm32f1xx_hal_flash_ex.o(i.FLASH_OB_EnableWRP), (192 bytes).
    Removing stm32f1xx_hal_flash_ex.o(i.FLASH_OB_GetRDP), (24 bytes).
    Removing stm32f1xx_hal_flash_ex.o(i.FLASH_OB_GetUser), (16 bytes).
    Removing stm32f1xx_hal_flash_ex.o(i.FLASH_OB_GetWRP), (12 bytes).
    Removing stm32f1xx_hal_flash_ex.o(i.FLASH_OB_ProgramData), (60 bytes).
    Removing stm32f1xx_hal_flash_ex.o(i.FLASH_OB_RDP_LevelConfig), (100 bytes).
    Removing stm32f1xx_hal_flash_ex.o(i.FLASH_OB_UserConfig), (68 bytes).
    Removing stm32f1xx_hal_flash_ex.o(i.FLASH_PageErase), (36 bytes).
    Removing stm32f1xx_hal_flash_ex.o(i.HAL_FLASHEx_Erase), (180 bytes).
    Removing stm32f1xx_hal_flash_ex.o(i.HAL_FLASHEx_Erase_IT), (88 bytes).
    Removing stm32f1xx_hal_flash_ex.o(i.HAL_FLASHEx_OBErase), (84 bytes).
    Removing stm32f1xx_hal_flash_ex.o(i.HAL_FLASHEx_OBGetConfig), (28 bytes).
    Removing stm32f1xx_hal_flash_ex.o(i.HAL_FLASHEx_OBGetUserData), (32 bytes).
    Removing stm32f1xx_hal_flash_ex.o(i.HAL_FLASHEx_OBProgram), (132 bytes).
    Removing stm32f1xx_hal_exti.o(.rev16_text), (4 bytes).
    Removing stm32f1xx_hal_exti.o(.revsh_text), (4 bytes).
    Removing stm32f1xx_hal_exti.o(.rrx_text), (6 bytes).
    Removing stm32f1xx_hal_exti.o(i.HAL_EXTI_ClearConfigLine), (132 bytes).
    Removing stm32f1xx_hal_exti.o(i.HAL_EXTI_ClearPending), (24 bytes).
    Removing stm32f1xx_hal_exti.o(i.HAL_EXTI_GenerateSWI), (24 bytes).
    Removing stm32f1xx_hal_exti.o(i.HAL_EXTI_GetConfigLine), (180 bytes).
    Removing stm32f1xx_hal_exti.o(i.HAL_EXTI_GetHandle), (14 bytes).
    Removing stm32f1xx_hal_exti.o(i.HAL_EXTI_GetPending), (28 bytes).
    Removing stm32f1xx_hal_exti.o(i.HAL_EXTI_IRQHandler), (40 bytes).
    Removing stm32f1xx_hal_exti.o(i.HAL_EXTI_RegisterCallback), (16 bytes).
    Removing stm32f1xx_hal_exti.o(i.HAL_EXTI_SetConfigLine), (232 bytes).
    Removing stm32f1xx_hal_spi.o(.rev16_text), (4 bytes).
    Removing stm32f1xx_hal_spi.o(.revsh_text), (4 bytes).
    Removing stm32f1xx_hal_spi.o(.rrx_text), (6 bytes).
    Removing stm32f1xx_hal_spi.o(i.HAL_SPI_Abort), (304 bytes).
    Removing stm32f1xx_hal_spi.o(i.HAL_SPI_AbortCpltCallback), (2 bytes).
    Removing stm32f1xx_hal_spi.o(i.HAL_SPI_Abort_IT), (316 bytes).
    Removing stm32f1xx_hal_spi.o(i.HAL_SPI_DMAPause), (38 bytes).
    Removing stm32f1xx_hal_spi.o(i.HAL_SPI_DMAResume), (38 bytes).
    Removing stm32f1xx_hal_spi.o(i.HAL_SPI_DMAStop), (68 bytes).
    Removing stm32f1xx_hal_spi.o(i.HAL_SPI_DeInit), (48 bytes).
    Removing stm32f1xx_hal_spi.o(i.HAL_SPI_ErrorCallback), (2 bytes).
    Removing stm32f1xx_hal_spi.o(i.HAL_SPI_GetError), (4 bytes).
    Removing stm32f1xx_hal_spi.o(i.HAL_SPI_IRQHandler), (256 bytes).
    Removing stm32f1xx_hal_spi.o(i.HAL_SPI_MspDeInit), (2 bytes).
    Removing stm32f1xx_hal_spi.o(i.HAL_SPI_MspInit), (2 bytes).
    Removing stm32f1xx_hal_spi.o(i.HAL_SPI_Receive), (364 bytes).
    Removing stm32f1xx_hal_spi.o(i.HAL_SPI_Receive_DMA), (244 bytes).
    Removing stm32f1xx_hal_spi.o(i.HAL_SPI_Receive_IT), (188 bytes).
    Removing stm32f1xx_hal_spi.o(i.HAL_SPI_RxCpltCallback), (2 bytes).
    Removing stm32f1xx_hal_spi.o(i.HAL_SPI_RxHalfCpltCallback), (2 bytes).
    Removing stm32f1xx_hal_spi.o(i.HAL_SPI_TransmitReceive_DMA), (304 bytes).
    Removing stm32f1xx_hal_spi.o(i.HAL_SPI_TransmitReceive_IT), (176 bytes).
    Removing stm32f1xx_hal_spi.o(i.HAL_SPI_Transmit_DMA), (212 bytes).
    Removing stm32f1xx_hal_spi.o(i.HAL_SPI_Transmit_IT), (172 bytes).
    Removing stm32f1xx_hal_spi.o(i.HAL_SPI_TxCpltCallback), (2 bytes).
    Removing stm32f1xx_hal_spi.o(i.HAL_SPI_TxHalfCpltCallback), (2 bytes).
    Removing stm32f1xx_hal_spi.o(i.HAL_SPI_TxRxCpltCallback), (2 bytes).
    Removing stm32f1xx_hal_spi.o(i.HAL_SPI_TxRxHalfCpltCallback), (2 bytes).
    Removing stm32f1xx_hal_spi.o(i.SPI_2linesRxISR_16BIT), (48 bytes).
    Removing stm32f1xx_hal_spi.o(i.SPI_2linesRxISR_8BIT), (48 bytes).
    Removing stm32f1xx_hal_spi.o(i.SPI_2linesTxISR_16BIT), (48 bytes).
    Removing stm32f1xx_hal_spi.o(i.SPI_2linesTxISR_8BIT), (48 bytes).
    Removing stm32f1xx_hal_spi.o(i.SPI_AbortRx_ISR), (92 bytes).
    Removing stm32f1xx_hal_spi.o(i.SPI_AbortTx_ISR), (28 bytes).
    Removing stm32f1xx_hal_spi.o(i.SPI_CloseRxTx_ISR), (164 bytes).
    Removing stm32f1xx_hal_spi.o(i.SPI_CloseRx_ISR), (76 bytes).
    Removing stm32f1xx_hal_spi.o(i.SPI_CloseTx_ISR), (136 bytes).
    Removing stm32f1xx_hal_spi.o(i.SPI_DMAAbortOnError), (16 bytes).
    Removing stm32f1xx_hal_spi.o(i.SPI_DMAError), (34 bytes).
    Removing stm32f1xx_hal_spi.o(i.SPI_DMAHalfReceiveCplt), (10 bytes).
    Removing stm32f1xx_hal_spi.o(i.SPI_DMAHalfTransmitCplt), (10 bytes).
    Removing stm32f1xx_hal_spi.o(i.SPI_DMAHalfTransmitReceiveCplt), (10 bytes).
    Removing stm32f1xx_hal_spi.o(i.SPI_DMAReceiveCplt), (110 bytes).
    Removing stm32f1xx_hal_spi.o(i.SPI_DMARxAbortCallback), (98 bytes).
    Removing stm32f1xx_hal_spi.o(i.SPI_DMATransmitCplt), (102 bytes).
    Removing stm32f1xx_hal_spi.o(i.SPI_DMATransmitReceiveCplt), (92 bytes).
    Removing stm32f1xx_hal_spi.o(i.SPI_DMATxAbortCallback), (120 bytes).
    Removing stm32f1xx_hal_spi.o(i.SPI_EndRxTransaction), (112 bytes).
    Removing stm32f1xx_hal_spi.o(i.SPI_RxISR_16BIT), (32 bytes).
    Removing stm32f1xx_hal_spi.o(i.SPI_RxISR_8BIT), (32 bytes).
    Removing stm32f1xx_hal_spi.o(i.SPI_TxISR_16BIT), (32 bytes).
    Removing stm32f1xx_hal_spi.o(i.SPI_TxISR_8BIT), (32 bytes).
    Removing stm32f1xx_hal_tim.o(.rev16_text), (4 bytes).
    Removing stm32f1xx_hal_tim.o(.revsh_text), (4 bytes).
    Removing stm32f1xx_hal_tim.o(.rrx_text), (6 bytes).
    Removing stm32f1xx_hal_tim_ex.o(.rev16_text), (4 bytes).
    Removing stm32f1xx_hal_tim_ex.o(.revsh_text), (4 bytes).
    Removing stm32f1xx_hal_tim_ex.o(.rrx_text), (6 bytes).
    Removing system_stm32f1xx.o(.rev16_text), (4 bytes).
    Removing system_stm32f1xx.o(.revsh_text), (4 bytes).
    Removing system_stm32f1xx.o(.rrx_text), (6 bytes).
    Removing system_stm32f1xx.o(i.SystemCoreClockUpdate), (128 bytes).
    Removing system_stm32f1xx.o(.constdata), (8 bytes).
    Removing diskio.o(.rev16_text), (4 bytes).
    Removing diskio.o(.revsh_text), (4 bytes).
    Removing diskio.o(.rrx_text), (6 bytes).
    Removing diskio.o(i.get_fattime), (4 bytes).
    Removing ff.o(.rev16_text), (4 bytes).
    Removing ff.o(.revsh_text), (4 bytes).
    Removing ff.o(.rrx_text), (6 bytes).
    Removing ff.o(i.dir_read), (192 bytes).
    Removing ff.o(i.dir_remove), (110 bytes).
    Removing ff.o(i.f_chmod), (128 bytes).
    Removing ff.o(i.f_closedir), (38 bytes).
    Removing ff.o(i.f_lseek), (734 bytes).
    Removing ff.o(i.f_mkdir), (440 bytes).
    Removing ff.o(i.f_mkfs), (1528 bytes).
    Removing ff.o(i.f_opendir), (152 bytes).
    Removing ff.o(i.f_printf), (624 bytes).
    Removing ff.o(i.f_putc), (62 bytes).
    Removing ff.o(i.f_readdir), (100 bytes).
    Removing ff.o(i.f_rename), (380 bytes).
    Removing ff.o(i.f_stat), (88 bytes).
    Removing ff.o(i.f_truncate), (196 bytes).
    Removing ff.o(i.f_unlink), (232 bytes).
    Removing ff.o(i.f_utime), (128 bytes).
    Removing ff.o(i.get_fileinfo), (232 bytes).
    Removing ff.o(i.pick_lfn), (132 bytes).
    Removing ff_gen_drv.o(.rev16_text), (4 bytes).
    Removing ff_gen_drv.o(.revsh_text), (4 bytes).
    Removing ff_gen_drv.o(.rrx_text), (6 bytes).
    Removing ff_gen_drv.o(i.FATFS_GetAttachedDriversNbr), (12 bytes).
    Removing ff_gen_drv.o(i.FATFS_UnLinkDriver), (6 bytes).
    Removing ff_gen_drv.o(i.FATFS_UnLinkDriverEx), (56 bytes).
    Removing syscall.o(.rev16_text), (4 bytes).
    Removing syscall.o(.revsh_text), (4 bytes).
    Removing syscall.o(.rrx_text), (6 bytes).
    Removing ccsbcs.o(.rev16_text), (4 bytes).
    Removing ccsbcs.o(.revsh_text), (4 bytes).
    Removing ccsbcs.o(.rrx_text), (6 bytes).
    Removing dadd.o(.text), (334 bytes).
    Removing dmul.o(.text), (228 bytes).
    Removing ddiv.o(.text), (222 bytes).
    Removing dfixul.o(.text), (48 bytes).
    Removing cdrcmple.o(.text), (48 bytes).

290 unused section(s) (total 27795 bytes) removed from the image.

==============================================================================

Image Symbol Table

    Local Symbols

    Symbol Name                              Value     Ov Type        Size  Object(Section)

    ../Drivers/STM32F1xx_HAL_Driver/Src/stm32f1xx_hal.c 0x00000000   Number         0  stm32f1xx_hal.o ABSOLUTE
    ../Drivers/STM32F1xx_HAL_Driver/Src/stm32f1xx_hal_cortex.c 0x00000000   Number         0  stm32f1xx_hal_cortex.o ABSOLUTE
    ../Drivers/STM32F1xx_HAL_Driver/Src/stm32f1xx_hal_dma.c 0x00000000   Number         0  stm32f1xx_hal_dma.o ABSOLUTE
    ../Drivers/STM32F1xx_HAL_Driver/Src/stm32f1xx_hal_exti.c 0x00000000   Number         0  stm32f1xx_hal_exti.o ABSOLUTE
    ../Drivers/STM32F1xx_HAL_Driver/Src/stm32f1xx_hal_flash.c 0x00000000   Number         0  stm32f1xx_hal_flash.o ABSOLUTE
    ../Drivers/STM32F1xx_HAL_Driver/Src/stm32f1xx_hal_flash_ex.c 0x00000000   Number         0  stm32f1xx_hal_flash_ex.o ABSOLUTE
    ../Drivers/STM32F1xx_HAL_Driver/Src/stm32f1xx_hal_gpio.c 0x00000000   Number         0  stm32f1xx_hal_gpio.o ABSOLUTE
    ../Drivers/STM32F1xx_HAL_Driver/Src/stm32f1xx_hal_gpio_ex.c 0x00000000   Number         0  stm32f1xx_hal_gpio_ex.o ABSOLUTE
    ../Drivers/STM32F1xx_HAL_Driver/Src/stm32f1xx_hal_pwr.c 0x00000000   Number         0  stm32f1xx_hal_pwr.o ABSOLUTE
    ../Drivers/STM32F1xx_HAL_Driver/Src/stm32f1xx_hal_rcc.c 0x00000000   Number         0  stm32f1xx_hal_rcc.o ABSOLUTE
    ../Drivers/STM32F1xx_HAL_Driver/Src/stm32f1xx_hal_rcc_ex.c 0x00000000   Number         0  stm32f1xx_hal_rcc_ex.o ABSOLUTE
    ../Drivers/STM32F1xx_HAL_Driver/Src/stm32f1xx_hal_spi.c 0x00000000   Number         0  stm32f1xx_hal_spi.o ABSOLUTE
    ../Drivers/STM32F1xx_HAL_Driver/Src/stm32f1xx_hal_tim.c 0x00000000   Number         0  stm32f1xx_hal_tim.o ABSOLUTE
    ../Drivers/STM32F1xx_HAL_Driver/Src/stm32f1xx_hal_tim_ex.c 0x00000000   Number         0  stm32f1xx_hal_tim_ex.o ABSOLUTE
    ../Middlewares/Third_Party/FatFs/src/diskio.c 0x00000000   Number         0  diskio.o ABSOLUTE
    ../Middlewares/Third_Party/FatFs/src/ff.c 0x00000000   Number         0  ff.o ABSOLUTE
    ../Middlewares/Third_Party/FatFs/src/ff_gen_drv.c 0x00000000   Number         0  ff_gen_drv.o ABSOLUTE
    ../Middlewares/Third_Party/FatFs/src/option/ccsbcs.c 0x00000000   Number         0  ccsbcs.o ABSOLUTE
    ../Middlewares/Third_Party/FatFs/src/option/syscall.c 0x00000000   Number         0  syscall.o ABSOLUTE
    ../Src/fatfs.c                           0x00000000   Number         0  fatfs.o ABSOLUTE
    ../Src/main.c                            0x00000000   Number         0  main.o ABSOLUTE
    ../Src/stm32f1xx_hal_msp.c               0x00000000   Number         0  stm32f1xx_hal_msp.o ABSOLUTE
    ../Src/stm32f1xx_it.c                    0x00000000   Number         0  stm32f1xx_it.o ABSOLUTE
    ../Src/system_stm32f1xx.c                0x00000000   Number         0  system_stm32f1xx.o ABSOLUTE
    ../Src/user_diskio.c                     0x00000000   Number         0  user_diskio.o ABSOLUTE
    ../clib/microlib/division.c              0x00000000   Number         0  uidiv.o ABSOLUTE
    ../clib/microlib/division.c              0x00000000   Number         0  uldiv.o ABSOLUTE
    ../clib/microlib/init/entry.s            0x00000000   Number         0  entry9b.o ABSOLUTE
    ../clib/microlib/init/entry.s            0x00000000   Number         0  entry8a.o ABSOLUTE
    ../clib/microlib/init/entry.s            0x00000000   Number         0  entry7b.o ABSOLUTE
    ../clib/microlib/init/entry.s            0x00000000   Number         0  entry12a.o ABSOLUTE
    ../clib/microlib/init/entry.s            0x00000000   Number         0  entry11b.o ABSOLUTE
    ../clib/microlib/init/entry.s            0x00000000   Number         0  entry11a.o ABSOLUTE
    ../clib/microlib/init/entry.s            0x00000000   Number         0  entry10b.o ABSOLUTE
    ../clib/microlib/init/entry.s            0x00000000   Number         0  entry7a.o ABSOLUTE
    ../clib/microlib/init/entry.s            0x00000000   Number         0  entry9a.o ABSOLUTE
    ../clib/microlib/init/entry.s            0x00000000   Number         0  entry2.o ABSOLUTE
    ../clib/microlib/init/entry.s            0x00000000   Number         0  entry5.o ABSOLUTE
    ../clib/microlib/init/entry.s            0x00000000   Number         0  entry12b.o ABSOLUTE
    ../clib/microlib/init/entry.s            0x00000000   Number         0  entry8b.o ABSOLUTE
    ../clib/microlib/init/entry.s            0x00000000   Number         0  entry.o ABSOLUTE
    ../clib/microlib/init/entry.s            0x00000000   Number         0  entry10a.o ABSOLUTE
    ../clib/microlib/longlong.c              0x00000000   Number         0  llsshr.o ABSOLUTE
    ../clib/microlib/longlong.c              0x00000000   Number         0  llshl.o ABSOLUTE
    ../clib/microlib/longlong.c              0x00000000   Number         0  llushr.o ABSOLUTE
    ../clib/microlib/printf/printf.c         0x00000000   Number         0  printf2.o ABSOLUTE
    ../clib/microlib/printf/printf.c         0x00000000   Number         0  printf4.o ABSOLUTE
    ../clib/microlib/printf/printf.c         0x00000000   Number         0  printf5.o ABSOLUTE
    ../clib/microlib/printf/printf.c         0x00000000   Number         0  printf1.o ABSOLUTE
    ../clib/microlib/printf/printf.c         0x00000000   Number         0  printf0.o ABSOLUTE
    ../clib/microlib/printf/printf.c         0x00000000   Number         0  printfb.o ABSOLUTE
    ../clib/microlib/printf/printf.c         0x00000000   Number         0  printf6.o ABSOLUTE
    ../clib/microlib/printf/printf.c         0x00000000   Number         0  printf7.o ABSOLUTE
    ../clib/microlib/printf/printf.c         0x00000000   Number         0  printf8.o ABSOLUTE
    ../clib/microlib/printf/printf.c         0x00000000   Number         0  printfa.o ABSOLUTE
    ../clib/microlib/printf/printf.c         0x00000000   Number         0  printf3.o ABSOLUTE
    ../clib/microlib/printf/stubs.s          0x00000000   Number         0  stubs.o ABSOLUTE
    ../clib/microlib/stdio/fputc.c           0x00000000   Number         0  fputc.o ABSOLUTE
    ../clib/microlib/stdio/semi.s            0x00000000   Number         0  semi.o ABSOLUTE
    ../clib/microlib/stdio/streams.c         0x00000000   Number         0  stdout.o ABSOLUTE
    ../clib/microlib/string/memset.c         0x00000000   Number         0  memseta.o ABSOLUTE
    ../clib/microlib/stubs.s                 0x00000000   Number         0  iusefp.o ABSOLUTE
    ../clib/microlib/stubs.s                 0x00000000   Number         0  iusesemip.o ABSOLUTE
    ../fplib/microlib/fpadd.c                0x00000000   Number         0  dadd.o ABSOLUTE
    ../fplib/microlib/fpdiv.c                0x00000000   Number         0  ddiv.o ABSOLUTE
    ../fplib/microlib/fpepilogue.c           0x00000000   Number         0  depilogue.o ABSOLUTE
    ../fplib/microlib/fpfix.c                0x00000000   Number         0  dfixui.o ABSOLUTE
    ../fplib/microlib/fpfix.c                0x00000000   Number         0  dfixul.o ABSOLUTE
    ../fplib/microlib/fpflt.c                0x00000000   Number         0  dfltui.o ABSOLUTE
    ../fplib/microlib/fpmul.c                0x00000000   Number         0  dmul.o ABSOLUTE
    ../fplib/microlib/fpscalb.c              0x00000000   Number         0  dscalb.o ABSOLUTE
    ..\Drivers\STM32F1xx_HAL_Driver\Src\stm32f1xx_hal.c 0x00000000   Number         0  stm32f1xx_hal.o ABSOLUTE
    ..\Drivers\STM32F1xx_HAL_Driver\Src\stm32f1xx_hal_cortex.c 0x00000000   Number         0  stm32f1xx_hal_cortex.o ABSOLUTE
    ..\Drivers\STM32F1xx_HAL_Driver\Src\stm32f1xx_hal_dma.c 0x00000000   Number         0  stm32f1xx_hal_dma.o ABSOLUTE
    ..\Drivers\STM32F1xx_HAL_Driver\Src\stm32f1xx_hal_exti.c 0x00000000   Number         0  stm32f1xx_hal_exti.o ABSOLUTE
    ..\Drivers\STM32F1xx_HAL_Driver\Src\stm32f1xx_hal_flash.c 0x00000000   Number         0  stm32f1xx_hal_flash.o ABSOLUTE
    ..\Drivers\STM32F1xx_HAL_Driver\Src\stm32f1xx_hal_flash_ex.c 0x00000000   Number         0  stm32f1xx_hal_flash_ex.o ABSOLUTE
    ..\Drivers\STM32F1xx_HAL_Driver\Src\stm32f1xx_hal_gpio.c 0x00000000   Number         0  stm32f1xx_hal_gpio.o ABSOLUTE
    ..\Drivers\STM32F1xx_HAL_Driver\Src\stm32f1xx_hal_gpio_ex.c 0x00000000   Number         0  stm32f1xx_hal_gpio_ex.o ABSOLUTE
    ..\Drivers\STM32F1xx_HAL_Driver\Src\stm32f1xx_hal_pwr.c 0x00000000   Number         0  stm32f1xx_hal_pwr.o ABSOLUTE
    ..\Drivers\STM32F1xx_HAL_Driver\Src\stm32f1xx_hal_rcc.c 0x00000000   Number         0  stm32f1xx_hal_rcc.o ABSOLUTE
    ..\Drivers\STM32F1xx_HAL_Driver\Src\stm32f1xx_hal_rcc_ex.c 0x00000000   Number         0  stm32f1xx_hal_rcc_ex.o ABSOLUTE
    ..\Drivers\STM32F1xx_HAL_Driver\Src\stm32f1xx_hal_spi.c 0x00000000   Number         0  stm32f1xx_hal_spi.o ABSOLUTE
    ..\Drivers\STM32F1xx_HAL_Driver\Src\stm32f1xx_hal_tim.c 0x00000000   Number         0  stm32f1xx_hal_tim.o ABSOLUTE
    ..\Drivers\STM32F1xx_HAL_Driver\Src\stm32f1xx_hal_tim_ex.c 0x00000000   Number         0  stm32f1xx_hal_tim_ex.o ABSOLUTE
    ..\Middlewares\Third_Party\FatFs\src\diskio.c 0x00000000   Number         0  diskio.o ABSOLUTE
    ..\Middlewares\Third_Party\FatFs\src\ff.c 0x00000000   Number         0  ff.o ABSOLUTE
    ..\Middlewares\Third_Party\FatFs\src\ff_gen_drv.c 0x00000000   Number         0  ff_gen_drv.o ABSOLUTE
    ..\Middlewares\Third_Party\FatFs\src\option\ccsbcs.c 0x00000000   Number         0  ccsbcs.o ABSOLUTE
    ..\Middlewares\Third_Party\FatFs\src\option\syscall.c 0x00000000   Number         0  syscall.o ABSOLUTE
    ..\Src\fatfs.c                           0x00000000   Number         0  fatfs.o ABSOLUTE
    ..\Src\fatfs_sd.c                        0x00000000   Number         0  fatfs_sd.o ABSOLUTE
    ..\Src\main.c                            0x00000000   Number         0  main.o ABSOLUTE
    ..\Src\stm32f1xx_hal_msp.c               0x00000000   Number         0  stm32f1xx_hal_msp.o ABSOLUTE
    ..\Src\stm32f1xx_it.c                    0x00000000   Number         0  stm32f1xx_it.o ABSOLUTE
    ..\Src\system_stm32f1xx.c                0x00000000   Number         0  system_stm32f1xx.o ABSOLUTE
    ..\Src\user_diskio.c                     0x00000000   Number         0  user_diskio.o ABSOLUTE
    ..\\Src\\fatfs_sd.c                      0x00000000   Number         0  fatfs_sd.o ABSOLUTE
    cdrcmple.s                               0x00000000   Number         0  cdrcmple.o ABSOLUTE
    dc.s                                     0x00000000   Number         0  dc.o ABSOLUTE
    handlers.s                               0x00000000   Number         0  handlers.o ABSOLUTE
    init.s                                   0x00000000   Number         0  init.o ABSOLUTE
    startup_stm32f103xb.s                    0x00000000   Number         0  startup_stm32f103xb.o ABSOLUTE
    RESET                                    0x08000000   Section      236  startup_stm32f103xb.o(RESET)
    .ARM.Collect$$$$00000000                 0x080000ec   Section        0  entry.o(.ARM.Collect$$$$00000000)
    .ARM.Collect$$$$00000001                 0x080000ec   Section        4  entry2.o(.ARM.Collect$$$$00000001)
    .ARM.Collect$$$$00000004                 0x080000f0   Section        4  entry5.o(.ARM.Collect$$$$00000004)
    .ARM.Collect$$$$00000008                 0x080000f4   Section        0  entry7b.o(.ARM.Collect$$$$00000008)
    .ARM.Collect$$$$0000000A                 0x080000f4   Section        0  entry8b.o(.ARM.Collect$$$$0000000A)
    .ARM.Collect$$$$0000000B                 0x080000f4   Section        8  entry9a.o(.ARM.Collect$$$$0000000B)
    .ARM.Collect$$$$0000000E                 0x080000fc   Section        4  entry12b.o(.ARM.Collect$$$$0000000E)
    .ARM.Collect$$$$0000000F                 0x08000100   Section        0  entry10a.o(.ARM.Collect$$$$0000000F)
    .ARM.Collect$$$$00000011                 0x08000100   Section        0  entry11a.o(.ARM.Collect$$$$00000011)
    .ARM.Collect$$$$00002712                 0x08000100   Section        4  entry2.o(.ARM.Collect$$$$00002712)
    __lit__00000000                          0x08000100   Data           4  entry2.o(.ARM.Collect$$$$00002712)
    .text                                    0x08000104   Section       36  startup_stm32f103xb.o(.text)
    .text                                    0x08000128   Section        0  llushr.o(.text)
    .text                                    0x08000148   Section        0  memseta.o(.text)
    .text                                    0x0800016c   Section        0  dscalb.o(.text)
    .text                                    0x0800019a   Section        0  dfltui.o(.text)
    .text                                    0x080001b4   Section        0  dfixui.o(.text)
    .text                                    0x080001e6   Section        0  iusefp.o(.text)
    .text                                    0x080001e6   Section        0  depilogue.o(.text)
    .text                                    0x080002a0   Section       36  init.o(.text)
    .text                                    0x080002c4   Section        0  semi.o(.text)
    .text                                    0x080002c4   Section        0  llshl.o(.text)
    .text                                    0x080002e2   Section        0  iusesemip.o(.text)
    i.DESELECT                               0x080002e4   Section        0  fatfs_sd.o(i.DESELECT)
    DESELECT                                 0x080002e5   Thumb Code    10  fatfs_sd.o(i.DESELECT)
    i.FATFS_LinkDriver                       0x080002f4   Section        0  ff_gen_drv.o(i.FATFS_LinkDriver)
    i.FATFS_LinkDriverEx                     0x080002fc   Section        0  ff_gen_drv.o(i.FATFS_LinkDriverEx)
    i.HAL_GPIO_Init                          0x08000344   Section        0  stm32f1xx_hal_gpio.o(i.HAL_GPIO_Init)
    i.HAL_GPIO_WritePin                      0x08000540   Section        0  stm32f1xx_hal_gpio.o(i.HAL_GPIO_WritePin)
    i.HAL_GetTick                            0x08000550   Section        0  stm32f1xx_hal.o(i.HAL_GetTick)
    i.HAL_IncTick                            0x0800055c   Section        0  stm32f1xx_hal.o(i.HAL_IncTick)
    i.HAL_Init                               0x0800056c   Section        0  stm32f1xx_hal.o(i.HAL_Init)
    i.HAL_InitTick                           0x08000590   Section        0  stm32f1xx_hal.o(i.HAL_InitTick)
    i.HAL_MspInit                            0x080005d4   Section        0  stm32f1xx_hal_msp.o(i.HAL_MspInit)
    i.HAL_NVIC_SetPriority                   0x08000600   Section        0  stm32f1xx_hal_cortex.o(i.HAL_NVIC_SetPriority)
    i.HAL_NVIC_SetPriorityGrouping           0x08000668   Section        0  stm32f1xx_hal_cortex.o(i.HAL_NVIC_SetPriorityGrouping)
    i.HAL_RCC_ClockConfig                    0x0800068c   Section        0  stm32f1xx_hal_rcc.o(i.HAL_RCC_ClockConfig)
    i.HAL_RCC_GetSysClockFreq                0x0800080c   Section        0  stm32f1xx_hal_rcc.o(i.HAL_RCC_GetSysClockFreq)
    i.HAL_RCC_OscConfig                      0x0800085c   Section        0  stm32f1xx_hal_rcc.o(i.HAL_RCC_OscConfig)
    i.HAL_SPI_GetState                       0x08000c88   Section        0  stm32f1xx_hal_spi.o(i.HAL_SPI_GetState)
    i.HAL_SPI_Init                           0x08000c8e   Section        0  stm32f1xx_hal_spi.o(i.HAL_SPI_Init)
    i.HAL_SPI_MspInit                        0x08000d44   Section        0  stm32f1xx_hal_msp.o(i.HAL_SPI_MspInit)
    i.HAL_SPI_Transmit                       0x08000db4   Section        0  stm32f1xx_hal_spi.o(i.HAL_SPI_Transmit)
    i.HAL_SPI_TransmitReceive                0x08000f5a   Section        0  stm32f1xx_hal_spi.o(i.HAL_SPI_TransmitReceive)
    i.HAL_SYSTICK_Config                     0x08001168   Section        0  stm32f1xx_hal_cortex.o(i.HAL_SYSTICK_Config)
    i.MX_FATFS_Init                          0x08001190   Section        0  fatfs.o(i.MX_FATFS_Init)
    i.MX_GPIO_Init                           0x080011ac   Section        0  main.o(i.MX_GPIO_Init)
    MX_GPIO_Init                             0x080011ad   Thumb Code   140  main.o(i.MX_GPIO_Init)
    i.MX_SPI1_Init                           0x08001244   Section        0  main.o(i.MX_SPI1_Init)
    MX_SPI1_Init                             0x08001245   Thumb Code    56  main.o(i.MX_SPI1_Init)
    i.PendSV_Handler                         0x08001284   Section        0  stm32f1xx_it.o(i.PendSV_Handler)
    i.RCC_Delay                              0x08001288   Section        0  stm32f1xx_hal_rcc.o(i.RCC_Delay)
    RCC_Delay                                0x08001289   Thumb Code    32  stm32f1xx_hal_rcc.o(i.RCC_Delay)
    i.SDTimer_Handler                        0x080012ac   Section        0  stm32f1xx_it.o(i.SDTimer_Handler)
    i.SD_PowerOn                             0x080012cc   Section        0  fatfs_sd.o(i.SD_PowerOn)
    SD_PowerOn                               0x080012cd   Thumb Code   108  fatfs_sd.o(i.SD_PowerOn)
    i.SD_ReadyWait                           0x0800133c   Section        0  fatfs_sd.o(i.SD_ReadyWait)
    SD_ReadyWait                             0x0800133d   Thumb Code    28  fatfs_sd.o(i.SD_ReadyWait)
    i.SD_RxDataBlock                         0x0800135c   Section        0  fatfs_sd.o(i.SD_RxDataBlock)
    SD_RxDataBlock                           0x0800135d   Thumb Code    68  fatfs_sd.o(i.SD_RxDataBlock)
    i.SD_SendCmd                             0x080013a4   Section        0  fatfs_sd.o(i.SD_SendCmd)
    SD_SendCmd                               0x080013a5   Thumb Code   102  fatfs_sd.o(i.SD_SendCmd)
    i.SD_TxDataBlock                         0x0800140a   Section        0  fatfs_sd.o(i.SD_TxDataBlock)
    SD_TxDataBlock                           0x0800140b   Thumb Code   110  fatfs_sd.o(i.SD_TxDataBlock)
    i.SD_disk_initialize                     0x08001478   Section        0  fatfs_sd.o(i.SD_disk_initialize)
    i.SD_disk_ioctl                          0x080015b0   Section        0  fatfs_sd.o(i.SD_disk_ioctl)
    i.SD_disk_read                           0x080016f4   Section        0  fatfs_sd.o(i.SD_disk_read)
    i.SD_disk_status                         0x0800177c   Section        0  fatfs_sd.o(i.SD_disk_status)
    i.SD_disk_write                          0x0800178c   Section        0  fatfs_sd.o(i.SD_disk_write)
    i.SELECT                                 0x08001834   Section        0  fatfs_sd.o(i.SELECT)
    SELECT                                   0x08001835   Thumb Code    10  fatfs_sd.o(i.SELECT)
    i.SPI_EndRxTxTransaction                 0x08001844   Section        0  stm32f1xx_hal_spi.o(i.SPI_EndRxTxTransaction)
    SPI_EndRxTxTransaction                   0x08001845   Thumb Code    36  stm32f1xx_hal_spi.o(i.SPI_EndRxTxTransaction)
    i.SPI_RxByte                             0x08001868   Section        0  fatfs_sd.o(i.SPI_RxByte)
    SPI_RxByte                               0x08001869   Thumb Code    48  fatfs_sd.o(i.SPI_RxByte)
    i.SPI_TxByte                             0x0800189c   Section        0  fatfs_sd.o(i.SPI_TxByte)
    SPI_TxByte                               0x0800189d   Thumb Code    28  fatfs_sd.o(i.SPI_TxByte)
    i.SPI_WaitFlagStateUntilTimeout          0x080018bc   Section        0  stm32f1xx_hal_spi.o(i.SPI_WaitFlagStateUntilTimeout)
    SPI_WaitFlagStateUntilTimeout            0x080018bd   Thumb Code   210  stm32f1xx_hal_spi.o(i.SPI_WaitFlagStateUntilTimeout)
    i.SVC_Handler                            0x08001994   Section        0  stm32f1xx_it.o(i.SVC_Handler)
    i.SysTick_Handler                        0x08001998   Section        0  stm32f1xx_it.o(i.SysTick_Handler)
    i.SystemClock_Config                     0x080019bc   Section        0  main.o(i.SystemClock_Config)
    i.SystemInit                             0x08001a14   Section        0  system_stm32f1xx.o(i.SystemInit)
    i.USER_initialize                        0x08001a5c   Section        0  user_diskio.o(i.USER_initialize)
    i.USER_ioctl                             0x08001a60   Section        0  user_diskio.o(i.USER_ioctl)
    i.USER_read                              0x08001a64   Section        0  user_diskio.o(i.USER_read)
    i.USER_status                            0x08001a68   Section        0  user_diskio.o(i.USER_status)
    i.USER_write                             0x08001a6c   Section        0  user_diskio.o(i.USER_write)
    i.__0printf$2                            0x08001a70   Section        0  printf2.o(i.__0printf$2)
    i.__scatterload_copy                     0x08001a90   Section       14  handlers.o(i.__scatterload_copy)
    i.__scatterload_null                     0x08001a9e   Section        2  handlers.o(i.__scatterload_null)
    i.__scatterload_zeroinit                 0x08001aa0   Section       14  handlers.o(i.__scatterload_zeroinit)
    i._printf_core                           0x08001aae   Section        0  printf2.o(i._printf_core)
    _printf_core                             0x08001aaf   Thumb Code   214  printf2.o(i._printf_core)
    i.check_fs                               0x08001b84   Section        0  ff.o(i.check_fs)
    check_fs                                 0x08001b85   Thumb Code   138  ff.o(i.check_fs)
    i.chk_chr                                0x08001c14   Section        0  ff.o(i.chk_chr)
    chk_chr                                  0x08001c15   Thumb Code    16  ff.o(i.chk_chr)
    i.chk_lock                               0x08001c24   Section        0  ff.o(i.chk_lock)
    chk_lock                                 0x08001c25   Thumb Code   120  ff.o(i.chk_lock)
    i.clear_lock                             0x08001ca0   Section        0  ff.o(i.clear_lock)
    clear_lock                               0x08001ca1   Thumb Code    34  ff.o(i.clear_lock)
    i.clmt_clust                             0x08001cc8   Section        0  ff.o(i.clmt_clust)
    clmt_clust                               0x08001cc9   Thumb Code    50  ff.o(i.clmt_clust)
    i.clust2sect                             0x08001cfa   Section        0  ff.o(i.clust2sect)
    i.cmp_lfn                                0x08001d18   Section        0  ff.o(i.cmp_lfn)
    cmp_lfn                                  0x08001d19   Thumb Code   132  ff.o(i.cmp_lfn)
    i.create_chain                           0x08001da0   Section        0  ff.o(i.create_chain)
    create_chain                             0x08001da1   Thumb Code   184  ff.o(i.create_chain)
    i.create_name                            0x08001e58   Section        0  ff.o(i.create_name)
    create_name                              0x08001e59   Thumb Code   488  ff.o(i.create_name)
    i.dec_lock                               0x08002058   Section        0  ff.o(i.dec_lock)
    dec_lock                                 0x08002059   Thumb Code    50  ff.o(i.dec_lock)
    i.dir_alloc                              0x08002090   Section        0  ff.o(i.dir_alloc)
    dir_alloc                                0x08002091   Thumb Code    76  ff.o(i.dir_alloc)
    i.dir_find                               0x080020dc   Section        0  ff.o(i.dir_find)
    dir_find                                 0x080020dd   Thumb Code   208  ff.o(i.dir_find)
    i.dir_next                               0x080021ac   Section        0  ff.o(i.dir_next)
    dir_next                                 0x080021ad   Thumb Code   346  ff.o(i.dir_next)
    i.dir_register                           0x08002308   Section        0  ff.o(i.dir_register)
    dir_register                             0x08002309   Thumb Code   298  ff.o(i.dir_register)
    i.dir_sdi                                0x08002438   Section        0  ff.o(i.dir_sdi)
    dir_sdi                                  0x08002439   Thumb Code   174  ff.o(i.dir_sdi)
    i.disk_initialize                        0x080024e8   Section        0  diskio.o(i.disk_initialize)
    i.disk_ioctl                             0x08002514   Section        0  diskio.o(i.disk_ioctl)
    i.disk_read                              0x08002530   Section        0  diskio.o(i.disk_read)
    i.disk_status                            0x08002550   Section        0  diskio.o(i.disk_status)
    i.disk_write                             0x08002568   Section        0  diskio.o(i.disk_write)
    i.enq_lock                               0x08002588   Section        0  ff.o(i.enq_lock)
    enq_lock                                 0x08002589   Thumb Code    36  ff.o(i.enq_lock)
    i.f_close                                0x080025b0   Section        0  ff.o(i.f_close)
    i.f_getfree                              0x080025dc   Section        0  ff.o(i.f_getfree)
    i.f_gets                                 0x080026be   Section        0  ff.o(i.f_gets)
    i.f_mount                                0x08002710   Section        0  ff.o(i.f_mount)
    i.f_open                                 0x08002780   Section        0  ff.o(i.f_open)
    i.f_puts                                 0x08002974   Section        0  ff.o(i.f_puts)
    i.f_read                                 0x080029c2   Section        0  ff.o(i.f_read)
    i.f_sync                                 0x08002b74   Section        0  ff.o(i.f_sync)
    i.f_write                                0x08002c22   Section        0  ff.o(i.f_write)
    i.ff_convert                             0x08002e14   Section        0  ccsbcs.o(i.ff_convert)
    i.ff_wtoupper                            0x08002e4c   Section        0  ccsbcs.o(i.ff_wtoupper)
    i.find_volume                            0x08002e78   Section        0  ff.o(i.find_volume)
    find_volume                              0x08002e79   Thumb Code   914  ff.o(i.find_volume)
    i.fit_lfn                                0x0800321c   Section        0  ff.o(i.fit_lfn)
    fit_lfn                                  0x0800321d   Thumb Code   110  ff.o(i.fit_lfn)
    i.follow_path                            0x08003290   Section        0  ff.o(i.follow_path)
    follow_path                              0x08003291   Thumb Code   122  ff.o(i.follow_path)
    i.fputc                                  0x0800330a   Section        0  fputc.o(i.fputc)
    i.gen_numname                            0x0800331c   Section        0  ff.o(i.gen_numname)
    gen_numname                              0x0800331d   Thumb Code   150  ff.o(i.gen_numname)
    i.get_fat                                0x080033b2   Section        0  ff.o(i.get_fat)
    i.get_fattime                            0x080034ae   Section        0  fatfs.o(i.get_fattime)
    i.get_ldnumber                           0x080034b2   Section        0  ff.o(i.get_ldnumber)
    get_ldnumber                             0x080034b3   Thumb Code    78  ff.o(i.get_ldnumber)
    i.inc_lock                               0x08003500   Section        0  ff.o(i.inc_lock)
    inc_lock                                 0x08003501   Thumb Code   172  ff.o(i.inc_lock)
    i.ld_clust                               0x080035b0   Section        0  ff.o(i.ld_clust)
    ld_clust                                 0x080035b1   Thumb Code    34  ff.o(i.ld_clust)
    i.main                                   0x080035d4   Section        0  main.o(i.main)
    i.mem_cmp                                0x08003704   Section        0  ff.o(i.mem_cmp)
    mem_cmp                                  0x08003705   Thumb Code    24  ff.o(i.mem_cmp)
    i.mem_cpy                                0x0800371c   Section        0  ff.o(i.mem_cpy)
    mem_cpy                                  0x0800371d   Thumb Code    18  ff.o(i.mem_cpy)
    i.mem_set                                0x0800372e   Section        0  ff.o(i.mem_set)
    mem_set                                  0x0800372f   Thumb Code    16  ff.o(i.mem_set)
    i.move_window                            0x0800373e   Section        0  ff.o(i.move_window)
    move_window                              0x0800373f   Thumb Code    58  ff.o(i.move_window)
    i.put_fat                                0x08003778   Section        0  ff.o(i.put_fat)
    i.putc_bfd                               0x080038ac   Section        0  ff.o(i.putc_bfd)
    putc_bfd                                 0x080038ad   Thumb Code    72  ff.o(i.putc_bfd)
    i.remove_chain                           0x080038f4   Section        0  ff.o(i.remove_chain)
    remove_chain                             0x080038f5   Thumb Code   110  ff.o(i.remove_chain)
    i.st_clust                               0x08003962   Section        0  ff.o(i.st_clust)
    st_clust                                 0x08003963   Thumb Code    16  ff.o(i.st_clust)
    i.sum_sfn                                0x08003972   Section        0  ff.o(i.sum_sfn)
    sum_sfn                                  0x08003973   Thumb Code    26  ff.o(i.sum_sfn)
    i.sync_fs                                0x0800398c   Section        0  ff.o(i.sync_fs)
    sync_fs                                  0x0800398d   Thumb Code   172  ff.o(i.sync_fs)
    i.sync_window                            0x08003a38   Section        0  ff.o(i.sync_window)
    sync_window                              0x08003a39   Thumb Code    86  ff.o(i.sync_window)
    i.validate                               0x08003a8e   Section        0  ff.o(i.validate)
    validate                                 0x08003a8f   Thumb Code    50  ff.o(i.validate)
    .constdata                               0x08003ac0   Section       18  stm32f1xx_hal_rcc.o(.constdata)
    aPredivFactorTable                       0x08003ac0   Data           2  stm32f1xx_hal_rcc.o(.constdata)
    aPLLMULFactorTable                       0x08003ac2   Data          16  stm32f1xx_hal_rcc.o(.constdata)
    .constdata                               0x08003ad2   Section       16  system_stm32f1xx.o(.constdata)
    .constdata                               0x08003ae2   Section      186  ff.o(.constdata)
    ExCvt                                    0x08003ae2   Data         128  ff.o(.constdata)
    LfnOfs                                   0x08003b62   Data          13  ff.o(.constdata)
    vst                                      0x08003b70   Data          22  ff.o(.constdata)
    cst                                      0x08003b86   Data          22  ff.o(.constdata)
    .constdata                               0x08003b9c   Section     1216  ccsbcs.o(.constdata)
    Tbl                                      0x08003b9c   Data         256  ccsbcs.o(.constdata)
    tbl_lower                                0x08003c9c   Data         480  ccsbcs.o(.constdata)
    tbl_upper                                0x08003e7c   Data         480  ccsbcs.o(.constdata)
    .data                                    0x20000000   Section        3  fatfs_sd.o(.data)
    Stat                                     0x20000000   Data           1  fatfs_sd.o(.data)
    PowerFlag                                0x20000001   Data           1  fatfs_sd.o(.data)
    CardType                                 0x20000002   Data           1  fatfs_sd.o(.data)
    .data                                    0x20000004   Section       16  main.o(.data)
    .data                                    0x20000014   Section       20  user_diskio.o(.data)
    .data                                    0x20000028   Section        5  fatfs.o(.data)
    .data                                    0x2000002d   Section        3  stm32f1xx_it.o(.data)
    .data                                    0x20000030   Section       12  stm32f1xx_hal.o(.data)
    .data                                    0x2000003c   Section        4  system_stm32f1xx.o(.data)
    .data                                    0x20000040   Section        8  ff.o(.data)
    Fsid                                     0x20000040   Data           2  ff.o(.data)
    FatFs                                    0x20000044   Data           4  ff.o(.data)
    .data                                    0x20000048   Section        4  stdout.o(.data)
    .bss                                     0x2000004c   Section     8472  main.o(.bss)
    .bss                                     0x20002164   Section      536  ff.o(.bss)
    Files                                    0x20002164   Data          24  ff.o(.bss)
    LfnBuf                                   0x2000217c   Data         512  ff.o(.bss)
    .bss                                     0x2000237c   Section       12  ff_gen_drv.o(.bss)
    STACK                                    0x20002388   Section     1024  startup_stm32f103xb.o(STACK)

    Global Symbols

    Symbol Name                              Value     Ov Type        Size  Object(Section)

    BuildAttributes$$THM_ISAv4$P$D$K$B$S$PE$A:L22UL41UL21$X:L11$S22US41US21$IEEE1$IW$USESV6$~STKCKD$USESV7$~SHL$OTIME$ROPI$EBA8$MICROLIB$REQ8$PRES8$EABIv2 0x00000000   Number         0  anon$$obj.o ABSOLUTE
    __ARM_use_no_argv                        0x00000000   Number         0  main.o ABSOLUTE
    _printf_a                                0x00000000   Number         0  stubs.o ABSOLUTE
    _printf_c                                0x00000000   Number         0  stubs.o ABSOLUTE
    _printf_charcount                        0x00000000   Number         0  stubs.o ABSOLUTE
    _printf_d                                0x00000000   Number         0  stubs.o ABSOLUTE
    _printf_e                                0x00000000   Number         0  stubs.o ABSOLUTE
    _printf_f                                0x00000000   Number         0  stubs.o ABSOLUTE
    _printf_flags                            0x00000000   Number         0  stubs.o ABSOLUTE
    _printf_fp_dec                           0x00000000   Number         0  stubs.o ABSOLUTE
    _printf_fp_hex                           0x00000000   Number         0  stubs.o ABSOLUTE
    _printf_g                                0x00000000   Number         0  stubs.o ABSOLUTE
    _printf_i                                0x00000000   Number         0  stubs.o ABSOLUTE
    _printf_int_dec                          0x00000000   Number         0  stubs.o ABSOLUTE
    _printf_l                                0x00000000   Number         0  stubs.o ABSOLUTE
    _printf_lc                               0x00000000   Number         0  stubs.o ABSOLUTE
    _printf_ll                               0x00000000   Number         0  stubs.o ABSOLUTE
    _printf_lld                              0x00000000   Number         0  stubs.o ABSOLUTE
    _printf_lli                              0x00000000   Number         0  stubs.o ABSOLUTE
    _printf_llo                              0x00000000   Number         0  stubs.o ABSOLUTE
    _printf_llu                              0x00000000   Number         0  stubs.o ABSOLUTE
    _printf_llx                              0x00000000   Number         0  stubs.o ABSOLUTE
    _printf_longlong_dec                     0x00000000   Number         0  stubs.o ABSOLUTE
    _printf_longlong_hex                     0x00000000   Number         0  stubs.o ABSOLUTE
    _printf_longlong_oct                     0x00000000   Number         0  stubs.o ABSOLUTE
    _printf_ls                               0x00000000   Number         0  stubs.o ABSOLUTE
    _printf_mbtowc                           0x00000000   Number         0  stubs.o ABSOLUTE
    _printf_n                                0x00000000   Number         0  stubs.o ABSOLUTE
    _printf_o                                0x00000000   Number         0  stubs.o ABSOLUTE
    _printf_p                                0x00000000   Number         0  stubs.o ABSOLUTE
    _printf_percent                          0x00000000   Number         0  stubs.o ABSOLUTE
    _printf_pre_padding                      0x00000000   Number         0  stubs.o ABSOLUTE
    _printf_return_value                     0x00000000   Number         0  stubs.o ABSOLUTE
    _printf_s                                0x00000000   Number         0  stubs.o ABSOLUTE
    _printf_sizespec                         0x00000000   Number         0  stubs.o ABSOLUTE
    _printf_str                              0x00000000   Number         0  stubs.o ABSOLUTE
    _printf_truncate_signed                  0x00000000   Number         0  stubs.o ABSOLUTE
    _printf_truncate_unsigned                0x00000000   Number         0  stubs.o ABSOLUTE
    _printf_u                                0x00000000   Number         0  stubs.o ABSOLUTE
    _printf_wc                               0x00000000   Number         0  stubs.o ABSOLUTE
    _printf_wctomb                           0x00000000   Number         0  stubs.o ABSOLUTE
    _printf_widthprec                        0x00000000   Number         0  stubs.o ABSOLUTE
    _printf_x                                0x00000000   Number         0  stubs.o ABSOLUTE
    __arm_fini_                               - Undefined Weak Reference
    __cpp_initialize__aeabi_                  - Undefined Weak Reference
    __cxa_finalize                            - Undefined Weak Reference
    __decompress                              - Undefined Weak Reference
    _clock_init                               - Undefined Weak Reference
    _microlib_exit                            - Undefined Weak Reference
    __Vectors_Size                           0x000000ec   Number         0  startup_stm32f103xb.o ABSOLUTE
    __Vectors                                0x08000000   Data           4  startup_stm32f103xb.o(RESET)
    __Vectors_End                            0x080000ec   Data           0  startup_stm32f103xb.o(RESET)
    __main                                   0x080000ed   Thumb Code     0  entry.o(.ARM.Collect$$$$00000000)
    _main_stk                                0x080000ed   Thumb Code     0  entry2.o(.ARM.Collect$$$$00000001)
    _main_scatterload                        0x080000f1   Thumb Code     0  entry5.o(.ARM.Collect$$$$00000004)
    __main_after_scatterload                 0x080000f5   Thumb Code     0  entry5.o(.ARM.Collect$$$$00000004)
    _main_clock                              0x080000f5   Thumb Code     0  entry7b.o(.ARM.Collect$$$$00000008)
    _main_cpp_init                           0x080000f5   Thumb Code     0  entry8b.o(.ARM.Collect$$$$0000000A)
    _main_init                               0x080000f5   Thumb Code     0  entry9a.o(.ARM.Collect$$$$0000000B)
    __rt_lib_shutdown_fini                   0x080000fd   Thumb Code     0  entry12b.o(.ARM.Collect$$$$0000000E)
    __rt_final_cpp                           0x08000101   Thumb Code     0  entry10a.o(.ARM.Collect$$$$0000000F)
    __rt_final_exit                          0x08000101   Thumb Code     0  entry11a.o(.ARM.Collect$$$$00000011)
    Reset_Handler                            0x08000105   Thumb Code     8  startup_stm32f103xb.o(.text)
    NMI_Handler                              0x0800010d   Thumb Code     2  startup_stm32f103xb.o(.text)
    HardFault_Handler                        0x0800010f   Thumb Code     2  startup_stm32f103xb.o(.text)
    MemManage_Handler                        0x08000111   Thumb Code     2  startup_stm32f103xb.o(.text)
    BusFault_Handler                         0x08000113   Thumb Code     2  startup_stm32f103xb.o(.text)
    UsageFault_Handler                       0x08000115   Thumb Code     2  startup_stm32f103xb.o(.text)
    DebugMon_Handler                         0x08000119   Thumb Code     2  startup_stm32f103xb.o(.text)
    ADC1_2_IRQHandler                        0x0800011f   Thumb Code     0  startup_stm32f103xb.o(.text)
    CAN1_RX1_IRQHandler                      0x0800011f   Thumb Code     0  startup_stm32f103xb.o(.text)
    CAN1_SCE_IRQHandler                      0x0800011f   Thumb Code     0  startup_stm32f103xb.o(.text)
    DMA1_Channel1_IRQHandler                 0x0800011f   Thumb Code     0  startup_stm32f103xb.o(.text)
    DMA1_Channel2_IRQHandler                 0x0800011f   Thumb Code     0  startup_stm32f103xb.o(.text)
    DMA1_Channel3_IRQHandler                 0x0800011f   Thumb Code     0  startup_stm32f103xb.o(.text)
    DMA1_Channel4_IRQHandler                 0x0800011f   Thumb Code     0  startup_stm32f103xb.o(.text)
    DMA1_Channel5_IRQHandler                 0x0800011f   Thumb Code     0  startup_stm32f103xb.o(.text)
    DMA1_Channel6_IRQHandler                 0x0800011f   Thumb Code     0  startup_stm32f103xb.o(.text)
    DMA1_Channel7_IRQHandler                 0x0800011f   Thumb Code     0  startup_stm32f103xb.o(.text)
    EXTI0_IRQHandler                         0x0800011f   Thumb Code     0  startup_stm32f103xb.o(.text)
    EXTI15_10_IRQHandler                     0x0800011f   Thumb Code     0  startup_stm32f103xb.o(.text)
    EXTI1_IRQHandler                         0x0800011f   Thumb Code     0  startup_stm32f103xb.o(.text)
    EXTI2_IRQHandler                         0x0800011f   Thumb Code     0  startup_stm32f103xb.o(.text)
    EXTI3_IRQHandler                         0x0800011f   Thumb Code     0  startup_stm32f103xb.o(.text)
    EXTI4_IRQHandler                         0x0800011f   Thumb Code     0  startup_stm32f103xb.o(.text)
    EXTI9_5_IRQHandler                       0x0800011f   Thumb Code     0  startup_stm32f103xb.o(.text)
    FLASH_IRQHandler                         0x0800011f   Thumb Code     0  startup_stm32f103xb.o(.text)
    I2C1_ER_IRQHandler                       0x0800011f   Thumb Code     0  startup_stm32f103xb.o(.text)
    I2C1_EV_IRQHandler                       0x0800011f   Thumb Code     0  startup_stm32f103xb.o(.text)
    I2C2_ER_IRQHandler                       0x0800011f   Thumb Code     0  startup_stm32f103xb.o(.text)
    I2C2_EV_IRQHandler                       0x0800011f   Thumb Code     0  startup_stm32f103xb.o(.text)
    PVD_IRQHandler                           0x0800011f   Thumb Code     0  startup_stm32f103xb.o(.text)
    RCC_IRQHandler                           0x0800011f   Thumb Code     0  startup_stm32f103xb.o(.text)
    RTC_Alarm_IRQHandler                     0x0800011f   Thumb Code     0  startup_stm32f103xb.o(.text)
    RTC_IRQHandler                           0x0800011f   Thumb Code     0  startup_stm32f103xb.o(.text)
    SPI1_IRQHandler                          0x0800011f   Thumb Code     0  startup_stm32f103xb.o(.text)
    SPI2_IRQHandler                          0x0800011f   Thumb Code     0  startup_stm32f103xb.o(.text)
    TAMPER_IRQHandler                        0x0800011f   Thumb Code     0  startup_stm32f103xb.o(.text)
    TIM1_BRK_IRQHandler                      0x0800011f   Thumb Code     0  startup_stm32f103xb.o(.text)
    TIM1_CC_IRQHandler                       0x0800011f   Thumb Code     0  startup_stm32f103xb.o(.text)
    TIM1_TRG_COM_IRQHandler                  0x0800011f   Thumb Code     0  startup_stm32f103xb.o(.text)
    TIM1_UP_IRQHandler                       0x0800011f   Thumb Code     0  startup_stm32f103xb.o(.text)
    TIM2_IRQHandler                          0x0800011f   Thumb Code     0  startup_stm32f103xb.o(.text)
    TIM3_IRQHandler                          0x0800011f   Thumb Code     0  startup_stm32f103xb.o(.text)
    TIM4_IRQHandler                          0x0800011f   Thumb Code     0  startup_stm32f103xb.o(.text)
    USART1_IRQHandler                        0x0800011f   Thumb Code     0  startup_stm32f103xb.o(.text)
    USART2_IRQHandler                        0x0800011f   Thumb Code     0  startup_stm32f103xb.o(.text)
    USART3_IRQHandler                        0x0800011f   Thumb Code     0  startup_stm32f103xb.o(.text)
    USBWakeUp_IRQHandler                     0x0800011f   Thumb Code     0  startup_stm32f103xb.o(.text)
    USB_HP_CAN1_TX_IRQHandler                0x0800011f   Thumb Code     0  startup_stm32f103xb.o(.text)
    USB_LP_CAN1_RX0_IRQHandler               0x0800011f   Thumb Code     0  startup_stm32f103xb.o(.text)
    WWDG_IRQHandler                          0x0800011f   Thumb Code     0  startup_stm32f103xb.o(.text)
    __aeabi_llsr                             0x08000129   Thumb Code    32  llushr.o(.text)
    _ll_ushift_r                             0x08000129   Thumb Code     0  llushr.o(.text)
    __aeabi_memset                           0x08000149   Thumb Code    14  memseta.o(.text)
    __aeabi_memset4                          0x08000149   Thumb Code     0  memseta.o(.text)
    __aeabi_memset8                          0x08000149   Thumb Code     0  memseta.o(.text)
    __aeabi_memclr                           0x08000157   Thumb Code     4  memseta.o(.text)
    __aeabi_memclr4                          0x08000157   Thumb Code     0  memseta.o(.text)
    __aeabi_memclr8                          0x08000157   Thumb Code     0  memseta.o(.text)
    _memset$wrapper                          0x0800015b   Thumb Code    18  memseta.o(.text)
    __ARM_scalbn                             0x0800016d   Thumb Code    46  dscalb.o(.text)
    scalbn                                   0x0800016d   Thumb Code     0  dscalb.o(.text)
    __aeabi_ui2d                             0x0800019b   Thumb Code    26  dfltui.o(.text)
    __aeabi_d2uiz                            0x080001b5   Thumb Code    50  dfixui.o(.text)
    __I$use$fp                               0x080001e7   Thumb Code     0  iusefp.o(.text)
    _double_round                            0x080001e7   Thumb Code    30  depilogue.o(.text)
    _double_epilogue                         0x08000205   Thumb Code   156  depilogue.o(.text)
    __scatterload                            0x080002a1   Thumb Code    28  init.o(.text)
    __scatterload_rt2                        0x080002a1   Thumb Code     0  init.o(.text)
    __aeabi_llsl                             0x080002c5   Thumb Code    30  llshl.o(.text)
    __semihosting_library_function           0x080002c5   Thumb Code     0  semi.o(.text)
    _ll_shift_l                              0x080002c5   Thumb Code     0  llshl.o(.text)
    __I$use$semihosting$fputc                0x080002e3   Thumb Code     0  iusesemip.o(.text)
    FATFS_LinkDriver                         0x080002f5   Thumb Code     6  ff_gen_drv.o(i.FATFS_LinkDriver)
    FATFS_LinkDriverEx                       0x080002fd   Thumb Code    66  ff_gen_drv.o(i.FATFS_LinkDriverEx)
    HAL_GPIO_Init                            0x08000345   Thumb Code   496  stm32f1xx_hal_gpio.o(i.HAL_GPIO_Init)
    HAL_GPIO_WritePin                        0x08000541   Thumb Code    14  stm32f1xx_hal_gpio.o(i.HAL_GPIO_WritePin)
    HAL_GetTick                              0x08000551   Thumb Code     6  stm32f1xx_hal.o(i.HAL_GetTick)
    HAL_IncTick                              0x0800055d   Thumb Code    12  stm32f1xx_hal.o(i.HAL_IncTick)
    HAL_Init                                 0x0800056d   Thumb Code    32  stm32f1xx_hal.o(i.HAL_Init)
    HAL_InitTick                             0x08000591   Thumb Code    58  stm32f1xx_hal.o(i.HAL_InitTick)
    HAL_MspInit                              0x080005d5   Thumb Code    38  stm32f1xx_hal_msp.o(i.HAL_MspInit)
    HAL_NVIC_SetPriority                     0x08000601   Thumb Code    98  stm32f1xx_hal_cortex.o(i.HAL_NVIC_SetPriority)
    HAL_NVIC_SetPriorityGrouping             0x08000669   Thumb Code    30  stm32f1xx_hal_cortex.o(i.HAL_NVIC_SetPriorityGrouping)
    HAL_RCC_ClockConfig                      0x0800068d   Thumb Code   364  stm32f1xx_hal_rcc.o(i.HAL_RCC_ClockConfig)
    HAL_RCC_GetSysClockFreq                  0x0800080d   Thumb Code    58  stm32f1xx_hal_rcc.o(i.HAL_RCC_GetSysClockFreq)
    HAL_RCC_OscConfig                        0x0800085d   Thumb Code  1068  stm32f1xx_hal_rcc.o(i.HAL_RCC_OscConfig)
    HAL_SPI_GetState                         0x08000c89   Thumb Code     6  stm32f1xx_hal_spi.o(i.HAL_SPI_GetState)
    HAL_SPI_Init                             0x08000c8f   Thumb Code   180  stm32f1xx_hal_spi.o(i.HAL_SPI_Init)
    HAL_SPI_MspInit                          0x08000d45   Thumb Code    98  stm32f1xx_hal_msp.o(i.HAL_SPI_MspInit)
    HAL_SPI_Transmit                         0x08000db5   Thumb Code   422  stm32f1xx_hal_spi.o(i.HAL_SPI_Transmit)
    HAL_SPI_TransmitReceive                  0x08000f5b   Thumb Code   526  stm32f1xx_hal_spi.o(i.HAL_SPI_TransmitReceive)
    HAL_SYSTICK_Config                       0x08001169   Thumb Code    36  stm32f1xx_hal_cortex.o(i.HAL_SYSTICK_Config)
    MX_FATFS_Init                            0x08001191   Thumb Code    18  fatfs.o(i.MX_FATFS_Init)
    PendSV_Handler                           0x08001285   Thumb Code     2  stm32f1xx_it.o(i.PendSV_Handler)
    SDTimer_Handler                          0x080012ad   Thumb Code    26  stm32f1xx_it.o(i.SDTimer_Handler)
    SD_disk_initialize                       0x08001479   Thumb Code   302  fatfs_sd.o(i.SD_disk_initialize)
    SD_disk_ioctl                            0x080015b1   Thumb Code   318  fatfs_sd.o(i.SD_disk_ioctl)
    SD_disk_read                             0x080016f5   Thumb Code   132  fatfs_sd.o(i.SD_disk_read)
    SD_disk_status                           0x0800177d   Thumb Code    12  fatfs_sd.o(i.SD_disk_status)
    SD_disk_write                            0x0800178d   Thumb Code   164  fatfs_sd.o(i.SD_disk_write)
    SVC_Handler                              0x08001995   Thumb Code     2  stm32f1xx_it.o(i.SVC_Handler)
    SysTick_Handler                          0x08001999   Thumb Code    32  stm32f1xx_it.o(i.SysTick_Handler)
    SystemClock_Config                       0x080019bd   Thumb Code    88  main.o(i.SystemClock_Config)
    SystemInit                               0x08001a15   Thumb Code    60  system_stm32f1xx.o(i.SystemInit)
    USER_initialize                          0x08001a5d   Thumb Code     4  user_diskio.o(i.USER_initialize)
    USER_ioctl                               0x08001a61   Thumb Code     4  user_diskio.o(i.USER_ioctl)
    USER_read                                0x08001a65   Thumb Code     4  user_diskio.o(i.USER_read)
    USER_status                              0x08001a69   Thumb Code     4  user_diskio.o(i.USER_status)
    USER_write                               0x08001a6d   Thumb Code     4  user_diskio.o(i.USER_write)
    __0printf$2                              0x08001a71   Thumb Code    22  printf2.o(i.__0printf$2)
    __1printf$2                              0x08001a71   Thumb Code     0  printf2.o(i.__0printf$2)
    __2printf                                0x08001a71   Thumb Code     0  printf2.o(i.__0printf$2)
    __scatterload_copy                       0x08001a91   Thumb Code    14  handlers.o(i.__scatterload_copy)
    __scatterload_null                       0x08001a9f   Thumb Code     2  handlers.o(i.__scatterload_null)
    __scatterload_zeroinit                   0x08001aa1   Thumb Code    14  handlers.o(i.__scatterload_zeroinit)
    clust2sect                               0x08001cfb   Thumb Code    28  ff.o(i.clust2sect)
    disk_initialize                          0x080024e9   Thumb Code    38  diskio.o(i.disk_initialize)
    disk_ioctl                               0x08002515   Thumb Code    22  diskio.o(i.disk_ioctl)
    disk_read                                0x08002531   Thumb Code    28  diskio.o(i.disk_read)
    disk_status                              0x08002551   Thumb Code    18  diskio.o(i.disk_status)
    disk_write                               0x08002569   Thumb Code    28  diskio.o(i.disk_write)
    f_close                                  0x080025b1   Thumb Code    44  ff.o(i.f_close)
    f_getfree                                0x080025dd   Thumb Code   226  ff.o(i.f_getfree)
    f_gets                                   0x080026bf   Thumb Code    82  ff.o(i.f_gets)
    f_mount                                  0x08002711   Thumb Code   106  ff.o(i.f_mount)
    f_open                                   0x08002781   Thumb Code   496  ff.o(i.f_open)
    f_puts                                   0x08002975   Thumb Code    78  ff.o(i.f_puts)
    f_read                                   0x080029c3   Thumb Code   434  ff.o(i.f_read)
    f_sync                                   0x08002b75   Thumb Code   174  ff.o(i.f_sync)
    f_write                                  0x08002c23   Thumb Code   496  ff.o(i.f_write)
    ff_convert                               0x08002e15   Thumb Code    52  ccsbcs.o(i.ff_convert)
    ff_wtoupper                              0x08002e4d   Thumb Code    34  ccsbcs.o(i.ff_wtoupper)
    fputc                                    0x0800330b   Thumb Code    18  fputc.o(i.fputc)
    get_fat                                  0x080033b3   Thumb Code   252  ff.o(i.get_fat)
    get_fattime                              0x080034af   Thumb Code     4  fatfs.o(i.get_fattime)
    main                                     0x080035d5   Thumb Code   210  main.o(i.main)
    put_fat                                  0x08003779   Thumb Code   308  ff.o(i.put_fat)
    AHBPrescTable                            0x08003ad2   Data          16  system_stm32f1xx.o(.constdata)
    Region$$Table$$Base                      0x0800405c   Number         0  anon$$obj.o(Region$$Table)
    Region$$Table$$Limit                     0x0800407c   Number         0  anon$$obj.o(Region$$Table)
    pfs                                      0x20000004   Data           4  main.o(.data)
    fre_clust                                0x20000008   Data           4  main.o(.data)
    total                                    0x2000000c   Data           4  main.o(.data)
    free                                     0x20000010   Data           4  main.o(.data)
    USER_Driver                              0x20000014   Data          20  user_diskio.o(.data)
    retUSER                                  0x20000028   Data           1  fatfs.o(.data)
    USERPath                                 0x20000029   Data           4  fatfs.o(.data)
    FatFsCnt                                 0x2000002d   Data           1  stm32f1xx_it.o(.data)
    Timer1                                   0x2000002e   Data           1  stm32f1xx_it.o(.data)
    Timer2                                   0x2000002f   Data           1  stm32f1xx_it.o(.data)
    uwTickFreq                               0x20000030   Data           1  stm32f1xx_hal.o(.data)
    uwTickPrio                               0x20000034   Data           4  stm32f1xx_hal.o(.data)
    uwTick                                   0x20000038   Data           4  stm32f1xx_hal.o(.data)
    SystemCoreClock                          0x2000003c   Data           4  system_stm32f1xx.o(.data)
    __stdout                                 0x20000048   Data           4  stdout.o(.data)
    hspi1                                    0x2000004c   Data          88  main.o(.bss)
    fs                                       0x200000a4   Data        4144  main.o(.bss)
    fil                                      0x200010d4   Data        4140  main.o(.bss)
    buffer                                   0x20002100   Data         100  main.o(.bss)
    disk                                     0x2000237c   Data          12  ff_gen_drv.o(.bss)
    __initial_sp                             0x20002788   Data           0  startup_stm32f103xb.o(STACK)



==============================================================================

Memory Map of the image

  Image Entry point : 0x080000ed

  Load Region LR_IROM1 (Base: 0x08000000, Size: 0x000040c8, Max: 0x00020000, ABSOLUTE)

    Execution Region ER_IROM1 (Exec base: 0x08000000, Load base: 0x08000000, Size: 0x0000407c, Max: 0x00020000, ABSOLUTE)

    Exec Addr    Load Addr    Size         Type   Attr      Idx    E Section Name        Object

    0x08000000   0x08000000   0x000000ec   Data   RO          443    RESET               startup_stm32f103xb.o
    0x080000ec   0x080000ec   0x00000000   Code   RO         2412  * .ARM.Collect$$$$00000000  mc_w.l(entry.o)
    0x080000ec   0x080000ec   0x00000004   Code   RO         2686    .ARM.Collect$$$$00000001  mc_w.l(entry2.o)
    0x080000f0   0x080000f0   0x00000004   Code   RO         2689    .ARM.Collect$$$$00000004  mc_w.l(entry5.o)
    0x080000f4   0x080000f4   0x00000000   Code   RO         2691    .ARM.Collect$$$$00000008  mc_w.l(entry7b.o)
    0x080000f4   0x080000f4   0x00000000   Code   RO         2693    .ARM.Collect$$$$0000000A  mc_w.l(entry8b.o)
    0x080000f4   0x080000f4   0x00000008   Code   RO         2694    .ARM.Collect$$$$0000000B  mc_w.l(entry9a.o)
    0x080000fc   0x080000fc   0x00000004   Code   RO         2701    .ARM.Collect$$$$0000000E  mc_w.l(entry12b.o)
    0x08000100   0x08000100   0x00000000   Code   RO         2696    .ARM.Collect$$$$0000000F  mc_w.l(entry10a.o)
    0x08000100   0x08000100   0x00000000   Code   RO         2698    .ARM.Collect$$$$00000011  mc_w.l(entry11a.o)
    0x08000100   0x08000100   0x00000004   Code   RO         2687    .ARM.Collect$$$$00002712  mc_w.l(entry2.o)
    0x08000104   0x08000104   0x00000024   Code   RO          444    .text               startup_stm32f103xb.o
    0x08000128   0x08000128   0x00000020   Code   RO         2415    .text               mc_w.l(llushr.o)
    0x08000148   0x08000148   0x00000024   Code   RO         2417    .text               mc_w.l(memseta.o)
    0x0800016c   0x0800016c   0x0000002e   Code   RO         2680    .text               mf_w.l(dscalb.o)
    0x0800019a   0x0800019a   0x0000001a   Code   RO         2682    .text               mf_w.l(dfltui.o)
    0x080001b4   0x080001b4   0x00000032   Code   RO         2684    .text               mf_w.l(dfixui.o)
    0x080001e6   0x080001e6   0x00000000   Code   RO         2709    .text               mc_w.l(iusefp.o)
    0x080001e6   0x080001e6   0x000000ba   Code   RO         2710    .text               mf_w.l(depilogue.o)
    0x080002a0   0x080002a0   0x00000024   Code   RO         2722    .text               mc_w.l(init.o)
    0x080002c4   0x080002c4   0x00000000   Code   RO         2724    .text               mc_w.l(semi.o)
    0x080002c4   0x080002c4   0x0000001e   Code   RO         2725    .text               mc_w.l(llshl.o)
    0x080002e2   0x080002e2   0x00000000   Code   RO         2729    .text               mc_w.l(iusesemip.o)
    0x080002e2   0x080002e2   0x00000002   PAD
    0x080002e4   0x080002e4   0x00000010   Code   RO            4    i.DESELECT          fatfs_sd.o
    0x080002f4   0x080002f4   0x00000006   Code   RO         2303    i.FATFS_LinkDriver  ff_gen_drv.o
    0x080002fa   0x080002fa   0x00000002   PAD
    0x080002fc   0x080002fc   0x00000048   Code   RO         2304    i.FATFS_LinkDriverEx  ff_gen_drv.o
    0x08000344   0x08000344   0x000001fc   Code   RO          809    i.HAL_GPIO_Init     stm32f1xx_hal_gpio.o
    0x08000540   0x08000540   0x0000000e   Code   RO          813    i.HAL_GPIO_WritePin  stm32f1xx_hal_gpio.o
    0x0800054e   0x0800054e   0x00000002   PAD
    0x08000550   0x08000550   0x0000000c   Code   RO          498    i.HAL_GetTick       stm32f1xx_hal.o
    0x0800055c   0x0800055c   0x00000010   Code   RO          504    i.HAL_IncTick       stm32f1xx_hal.o
    0x0800056c   0x0800056c   0x00000024   Code   RO          505    i.HAL_Init          stm32f1xx_hal.o
    0x08000590   0x08000590   0x00000044   Code   RO          506    i.HAL_InitTick      stm32f1xx_hal.o
    0x080005d4   0x080005d4   0x0000002c   Code   RO          408    i.HAL_MspInit       stm32f1xx_hal_msp.o
    0x08000600   0x08000600   0x00000068   Code   RO          975    i.HAL_NVIC_SetPriority  stm32f1xx_hal_cortex.o
    0x08000668   0x08000668   0x00000024   Code   RO          976    i.HAL_NVIC_SetPriorityGrouping  stm32f1xx_hal_cortex.o
    0x0800068c   0x0800068c   0x00000180   Code   RO          662    i.HAL_RCC_ClockConfig  stm32f1xx_hal_rcc.o
    0x0800080c   0x0800080c   0x00000050   Code   RO          671    i.HAL_RCC_GetSysClockFreq  stm32f1xx_hal_rcc.o
    0x0800085c   0x0800085c   0x0000042c   Code   RO          674    i.HAL_RCC_OscConfig  stm32f1xx_hal_rcc.o
    0x08000c88   0x08000c88   0x00000006   Code   RO         1494    i.HAL_SPI_GetState  stm32f1xx_hal_spi.o
    0x08000c8e   0x08000c8e   0x000000b4   Code   RO         1496    i.HAL_SPI_Init      stm32f1xx_hal_spi.o
    0x08000d42   0x08000d42   0x00000002   PAD
    0x08000d44   0x08000d44   0x00000070   Code   RO          410    i.HAL_SPI_MspInit   stm32f1xx_hal_msp.o
    0x08000db4   0x08000db4   0x000001a6   Code   RO         1504    i.HAL_SPI_Transmit  stm32f1xx_hal_spi.o
    0x08000f5a   0x08000f5a   0x0000020e   Code   RO         1505    i.HAL_SPI_TransmitReceive  stm32f1xx_hal_spi.o
    0x08001168   0x08001168   0x00000028   Code   RO          980    i.HAL_SYSTICK_Config  stm32f1xx_hal_cortex.o
    0x08001190   0x08001190   0x0000001c   Code   RO          322    i.MX_FATFS_Init     fatfs.o
    0x080011ac   0x080011ac   0x00000098   Code   RO          194    i.MX_GPIO_Init      main.o
    0x08001244   0x08001244   0x00000040   Code   RO          195    i.MX_SPI1_Init      main.o
    0x08001284   0x08001284   0x00000002   Code   RO          360    i.PendSV_Handler    stm32f1xx_it.o
    0x08001286   0x08001286   0x00000002   PAD
    0x08001288   0x08001288   0x00000024   Code   RO          675    i.RCC_Delay         stm32f1xx_hal_rcc.o
    0x080012ac   0x080012ac   0x00000020   Code   RO          361    i.SDTimer_Handler   stm32f1xx_it.o
    0x080012cc   0x080012cc   0x00000070   Code   RO            5    i.SD_PowerOn        fatfs_sd.o
    0x0800133c   0x0800133c   0x00000020   Code   RO            6    i.SD_ReadyWait      fatfs_sd.o
    0x0800135c   0x0800135c   0x00000048   Code   RO            7    i.SD_RxDataBlock    fatfs_sd.o
    0x080013a4   0x080013a4   0x00000066   Code   RO            8    i.SD_SendCmd        fatfs_sd.o
    0x0800140a   0x0800140a   0x0000006e   Code   RO            9    i.SD_TxDataBlock    fatfs_sd.o
    0x08001478   0x08001478   0x00000138   Code   RO           10    i.SD_disk_initialize  fatfs_sd.o
    0x080015b0   0x080015b0   0x00000144   Code   RO           11    i.SD_disk_ioctl     fatfs_sd.o
    0x080016f4   0x080016f4   0x00000088   Code   RO           12    i.SD_disk_read      fatfs_sd.o
    0x0800177c   0x0800177c   0x00000010   Code   RO           13    i.SD_disk_status    fatfs_sd.o
    0x0800178c   0x0800178c   0x000000a8   Code   RO           14    i.SD_disk_write     fatfs_sd.o
    0x08001834   0x08001834   0x00000010   Code   RO           15    i.SELECT            fatfs_sd.o
    0x08001844   0x08001844   0x00000024   Code   RO         1534    i.SPI_EndRxTxTransaction  stm32f1xx_hal_spi.o
    0x08001868   0x08001868   0x00000034   Code   RO           16    i.SPI_RxByte        fatfs_sd.o
    0x0800189c   0x0800189c   0x00000020   Code   RO           17    i.SPI_TxByte        fatfs_sd.o
    0x080018bc   0x080018bc   0x000000d8   Code   RO         1539    i.SPI_WaitFlagStateUntilTimeout  stm32f1xx_hal_spi.o
    0x08001994   0x08001994   0x00000002   Code   RO          362    i.SVC_Handler       stm32f1xx_it.o
    0x08001996   0x08001996   0x00000002   PAD
    0x08001998   0x08001998   0x00000024   Code   RO          363    i.SysTick_Handler   stm32f1xx_it.o
    0x080019bc   0x080019bc   0x00000058   Code   RO          196    i.SystemClock_Config  main.o
    0x08001a14   0x08001a14   0x00000048   Code   RO         1844    i.SystemInit        system_stm32f1xx.o
    0x08001a5c   0x08001a5c   0x00000004   Code   RO          265    i.USER_initialize   user_diskio.o
    0x08001a60   0x08001a60   0x00000004   Code   RO          266    i.USER_ioctl        user_diskio.o
    0x08001a64   0x08001a64   0x00000004   Code   RO          267    i.USER_read         user_diskio.o
    0x08001a68   0x08001a68   0x00000004   Code   RO          268    i.USER_status       user_diskio.o
    0x08001a6c   0x08001a6c   0x00000004   Code   RO          269    i.USER_write        user_diskio.o
    0x08001a70   0x08001a70   0x00000020   Code   RO         2486    i.__0printf$2       mc_w.l(printf2.o)
    0x08001a90   0x08001a90   0x0000000e   Code   RO         2732    i.__scatterload_copy  mc_w.l(handlers.o)
    0x08001a9e   0x08001a9e   0x00000002   Code   RO         2733    i.__scatterload_null  mc_w.l(handlers.o)
    0x08001aa0   0x08001aa0   0x0000000e   Code   RO         2734    i.__scatterload_zeroinit  mc_w.l(handlers.o)
    0x08001aae   0x08001aae   0x000000d6   Code   RO         2493    i._printf_core      mc_w.l(printf2.o)
    0x08001b84   0x08001b84   0x00000090   Code   RO         1936    i.check_fs          ff.o
    0x08001c14   0x08001c14   0x00000010   Code   RO         1937    i.chk_chr           ff.o
    0x08001c24   0x08001c24   0x0000007c   Code   RO         1938    i.chk_lock          ff.o
    0x08001ca0   0x08001ca0   0x00000028   Code   RO         1939    i.clear_lock        ff.o
    0x08001cc8   0x08001cc8   0x00000032   Code   RO         1940    i.clmt_clust        ff.o
    0x08001cfa   0x08001cfa   0x0000001c   Code   RO         1941    i.clust2sect        ff.o
    0x08001d16   0x08001d16   0x00000002   PAD
    0x08001d18   0x08001d18   0x00000088   Code   RO         1942    i.cmp_lfn           ff.o
    0x08001da0   0x08001da0   0x000000b8   Code   RO         1943    i.create_chain      ff.o
    0x08001e58   0x08001e58   0x00000200   Code   RO         1944    i.create_name       ff.o
    0x08002058   0x08002058   0x00000038   Code   RO         1945    i.dec_lock          ff.o
    0x08002090   0x08002090   0x0000004c   Code   RO         1946    i.dir_alloc         ff.o
    0x080020dc   0x080020dc   0x000000d0   Code   RO         1947    i.dir_find          ff.o
    0x080021ac   0x080021ac   0x0000015a   Code   RO         1948    i.dir_next          ff.o
    0x08002306   0x08002306   0x00000002   PAD
    0x08002308   0x08002308   0x00000130   Code   RO         1950    i.dir_register      ff.o
    0x08002438   0x08002438   0x000000ae   Code   RO         1952    i.dir_sdi           ff.o
    0x080024e6   0x080024e6   0x00000002   PAD
    0x080024e8   0x080024e8   0x0000002c   Code   RO         1881    i.disk_initialize   diskio.o
    0x08002514   0x08002514   0x0000001c   Code   RO         1882    i.disk_ioctl        diskio.o
    0x08002530   0x08002530   0x00000020   Code   RO         1883    i.disk_read         diskio.o
    0x08002550   0x08002550   0x00000018   Code   RO         1884    i.disk_status       diskio.o
    0x08002568   0x08002568   0x00000020   Code   RO         1885    i.disk_write        diskio.o
    0x08002588   0x08002588   0x00000028   Code   RO         1953    i.enq_lock          ff.o
    0x080025b0   0x080025b0   0x0000002c   Code   RO         1955    i.f_close           ff.o
    0x080025dc   0x080025dc   0x000000e2   Code   RO         1957    i.f_getfree         ff.o
    0x080026be   0x080026be   0x00000052   Code   RO         1958    i.f_gets            ff.o
    0x08002710   0x08002710   0x00000070   Code   RO         1962    i.f_mount           ff.o
    0x08002780   0x08002780   0x000001f4   Code   RO         1963    i.f_open            ff.o
    0x08002974   0x08002974   0x0000004e   Code   RO         1967    i.f_puts            ff.o
    0x080029c2   0x080029c2   0x000001b2   Code   RO         1968    i.f_read            ff.o
    0x08002b74   0x08002b74   0x000000ae   Code   RO         1972    i.f_sync            ff.o
    0x08002c22   0x08002c22   0x000001f0   Code   RO         1976    i.f_write           ff.o
    0x08002e12   0x08002e12   0x00000002   PAD
    0x08002e14   0x08002e14   0x00000038   Code   RO         2383    i.ff_convert        ccsbcs.o
    0x08002e4c   0x08002e4c   0x0000002c   Code   RO         2384    i.ff_wtoupper       ccsbcs.o
    0x08002e78   0x08002e78   0x000003a4   Code   RO         1977    i.find_volume       ff.o
    0x0800321c   0x0800321c   0x00000074   Code   RO         1978    i.fit_lfn           ff.o
    0x08003290   0x08003290   0x0000007a   Code   RO         1979    i.follow_path       ff.o
    0x0800330a   0x0800330a   0x00000012   Code   RO         2702    i.fputc             mc_w.l(fputc.o)
    0x0800331c   0x0800331c   0x00000096   Code   RO         1980    i.gen_numname       ff.o
    0x080033b2   0x080033b2   0x000000fc   Code   RO         1981    i.get_fat           ff.o
    0x080034ae   0x080034ae   0x00000004   Code   RO          323    i.get_fattime       fatfs.o
    0x080034b2   0x080034b2   0x0000004e   Code   RO         1983    i.get_ldnumber      ff.o
    0x08003500   0x08003500   0x000000b0   Code   RO         1984    i.inc_lock          ff.o
    0x080035b0   0x080035b0   0x00000022   Code   RO         1985    i.ld_clust          ff.o
    0x080035d2   0x080035d2   0x00000002   PAD
    0x080035d4   0x080035d4   0x00000130   Code   RO          197    i.main              main.o
    0x08003704   0x08003704   0x00000018   Code   RO         1986    i.mem_cmp           ff.o
    0x0800371c   0x0800371c   0x00000012   Code   RO         1987    i.mem_cpy           ff.o
    0x0800372e   0x0800372e   0x00000010   Code   RO         1988    i.mem_set           ff.o
    0x0800373e   0x0800373e   0x0000003a   Code   RO         1989    i.move_window       ff.o
    0x08003778   0x08003778   0x00000134   Code   RO         1991    i.put_fat           ff.o
    0x080038ac   0x080038ac   0x00000048   Code   RO         1992    i.putc_bfd          ff.o
    0x080038f4   0x080038f4   0x0000006e   Code   RO         1993    i.remove_chain      ff.o
    0x08003962   0x08003962   0x00000010   Code   RO         1994    i.st_clust          ff.o
    0x08003972   0x08003972   0x0000001a   Code   RO         1995    i.sum_sfn           ff.o
    0x0800398c   0x0800398c   0x000000ac   Code   RO         1996    i.sync_fs           ff.o
    0x08003a38   0x08003a38   0x00000056   Code   RO         1997    i.sync_window       ff.o
    0x08003a8e   0x08003a8e   0x00000032   Code   RO         1998    i.validate          ff.o
    0x08003ac0   0x08003ac0   0x00000012   Data   RO          676    .constdata          stm32f1xx_hal_rcc.o
    0x08003ad2   0x08003ad2   0x00000010   Data   RO         1845    .constdata          system_stm32f1xx.o
    0x08003ae2   0x08003ae2   0x000000ba   Data   RO         2000    .constdata          ff.o
    0x08003b9c   0x08003b9c   0x000004c0   Data   RO         2385    .constdata          ccsbcs.o
    0x0800405c   0x0800405c   0x00000020   Data   RO         2730    Region$$Table       anon$$obj.o


    Execution Region RW_IRAM1 (Exec base: 0x20000000, Load base: 0x0800407c, Size: 0x00002788, Max: 0x00005000, ABSOLUTE)

    Exec Addr    Load Addr    Size         Type   Attr      Idx    E Section Name        Object

    0x20000000   0x0800407c   0x00000003   Data   RW           18    .data               fatfs_sd.o
    0x20000003   0x0800407f   0x00000001   PAD
    0x20000004   0x08004080   0x00000010   Data   RW          199    .data               main.o
    0x20000014   0x08004090   0x00000014   Data   RW          270    .data               user_diskio.o
    0x20000028   0x080040a4   0x00000005   Data   RW          326    .data               fatfs.o
    0x2000002d   0x080040a9   0x00000003   Data   RW          364    .data               stm32f1xx_it.o
    0x20000030   0x080040ac   0x0000000c   Data   RW          512    .data               stm32f1xx_hal.o
    0x2000003c   0x080040b8   0x00000004   Data   RW         1847    .data               system_stm32f1xx.o
    0x20000040   0x080040bc   0x00000008   Data   RW         2001    .data               ff.o
    0x20000048   0x080040c4   0x00000004   Data   RW         2704    .data               mc_w.l(stdout.o)
    0x2000004c        -       0x00002118   Zero   RW          198    .bss                main.o
    0x20002164        -       0x00000218   Zero   RW         1999    .bss                ff.o
    0x2000237c        -       0x0000000c   Zero   RW         2307    .bss                ff_gen_drv.o
    0x20002388        -       0x00000400   Zero   RW          441    STACK               startup_stm32f103xb.o


==============================================================================

Image component sizes


      Code (inc. data)   RO Data    RW Data    ZI Data      Debug   Object Name

       100         14       1216          0          0       2111   ccsbcs.o
       160         26          0          0          0       3661   diskio.o
        32         10          0          5          0       1532   fatfs.o
      1500         60          0          3          0     403455   fatfs_sd.o
      7400         98        186          8        536      47945   ff.o
        78          6          0          0         12       1659   ff_gen_drv.o
       608        114          0         16       8472       6936   main.o
        36          8        236          0       1024        792   startup_stm32f103xb.o
       132         24          0         12          0       5449   stm32f1xx_hal.o
       180         16          0          0          0      28122   stm32f1xx_hal_cortex.o
       522         12          0          0          0       2936   stm32f1xx_hal_gpio.o
       156         20          0          0          0       1552   stm32f1xx_hal_msp.o
      1568         62         18          0          0       5276   stm32f1xx_hal_rcc.o
      1386          6          0          0          0       6639   stm32f1xx_hal_spi.o
        72         10          0          3          0       2484   stm32f1xx_it.o
         0          0          0          0          0        540   syscall.o
        72         12         16          4          0       1223   system_stm32f1xx.o
        20          0          0         20          0       3436   user_diskio.o

    ----------------------------------------------------------------------
     14042        498       1704         72      10044     525748   Object Totals
         0          0         32          0          0          0   (incl. Generated)
        20          0          0          1          0          0   (incl. Padding)

    ----------------------------------------------------------------------

      Code (inc. data)   RO Data    RW Data    ZI Data      Debug   Library Member Name

         0          0          0          0          0          0   entry.o
         0          0          0          0          0          0   entry10a.o
         0          0          0          0          0          0   entry11a.o
         4          0          0          0          0          0   entry12b.o
         8          4          0          0          0          0   entry2.o
         4          0          0          0          0          0   entry5.o
         0          0          0          0          0          0   entry7b.o
         0          0          0          0          0          0   entry8b.o
         8          4          0          0          0          0   entry9a.o
        18          0          0          0          0         80   fputc.o
        30          0          0          0          0          0   handlers.o
        36          8          0          0          0         68   init.o
         0          0          0          0          0          0   iusefp.o
         0          0          0          0          0          0   iusesemip.o
        30          0          0          0          0         68   llshl.o
        32          0          0          0          0         68   llushr.o
        36          0          0          0          0        108   memseta.o
       246         10          0          0          0        176   printf2.o
         0          0          0          0          0          0   semi.o
         0          0          0          4          0          0   stdout.o
       186          0          0          0          0        176   depilogue.o
        50          0          0          0          0         76   dfixui.o
        26          0          0          0          0         76   dfltui.o
        46          0          0          0          0         80   dscalb.o

    ----------------------------------------------------------------------
       762         26          0          4          0        976   Library Totals
         2          0          0          0          0          0   (incl. Padding)

    ----------------------------------------------------------------------

      Code (inc. data)   RO Data    RW Data    ZI Data      Debug   Library Name

       452         26          0          4          0        568   mc_w.l
       308          0          0          0          0        408   mf_w.l

    ----------------------------------------------------------------------
       762         26          0          4          0        976   Library Totals

    ----------------------------------------------------------------------

==============================================================================


      Code (inc. data)   RO Data    RW Data    ZI Data      Debug   

     14804        524       1704         76      10044     521260   Grand Totals
     14804        524       1704         76      10044     521260   ELF Image Totals
     14804        524       1704         76          0          0   ROM Totals

==============================================================================

    Total RO  Size (Code + RO Data)                16508 (  16.12kB)
    Total RW  Size (RW Data + ZI Data)             10120 (   9.88kB)
    Total ROM Size (Code + RO Data + RW Data)      16584 (  16.20kB)

==============================================================================

