<html>
<body>
<pre>
<h1>µVision Build Log</h1>
<h2>Tool Versions:</h2>
IDE-Version: µVision V5.28.0.0
Copyright (C) 2019 ARM Ltd and ARM Germany GmbH. All rights reserved.
License Information: MinhNhan ADMIN, STM34, LIC=----
 
Tool Versions:
Toolchain:       MDK-Lite  Version: 5.28.0.0
Toolchain Path:  C:\Keil_v5\ARM\ARMCC\Bin
C Compiler:      Armcc.exe V5.06 update 6 (build 750)
Assembler:       Armasm.exe V5.06 update 6 (build 750)
Linker/Locator:  ArmLink.exe V5.06 update 6 (build 750)
Library Manager: ArmAr.exe V5.06 update 6 (build 750)
Hex Converter:   FromElf.exe V5.06 update 6 (build 750)
CPU DLL:         SARMCM3.DLL V5.28.0.0
Dialog DLL:      DCM.DLL V1.17.3.0
Target DLL:      STLink\ST-LINKIII-KEIL_SWO.dll V3.0.6.0
Dialog DLL:      TCM.DLL V1.36.2.0
 
<h2>Project:</h2>
D:\Automative\STM32\STM32F103C8T6\SPI_Autosar\SPI_Autosar_Master\SPI_Autosar.uvprojx
Project File Date:  07/04/2023

<h2>Output:</h2>
*** Using Compiler 'V5.06 update 6 (build 750)', folder: 'C:\Keil_v5\ARM\ARMCC\Bin'
Rebuild target 'Target 1'
compiling spi_Autosar.c...
compiling dio.c...
..\SPI_Autosar_Master\dio.h(51): warning:  #1-D: last line of file ends without a newline
  #endif
dio.c: 1 warning, 0 errors
compiling delay.c...
..\SPI_Autosar_Master\delay.h(10): warning:  #1295-D: Deprecated declaration Init_TIMER - give arg types
  void Init_TIMER();
..\SPI_Autosar_Master\delay.h(11): warning:  #1295-D: Deprecated declaration Delay_1ms - give arg types
  void Delay_1ms();
..\SPI_Autosar_Master\delay.h(15): warning:  #1-D: last line of file ends without a newline
  #endif
delay.c(54): warning:  #1-D: last line of file ends without a newline
  			}
delay.c: 4 warnings, 0 errors
compiling stm32f10x_gpio.c...
compiling main.c...
..\SPI_Autosar_Master\delay.h(10): warning:  #1295-D: Deprecated declaration Init_TIMER - give arg types
  void Init_TIMER();
..\SPI_Autosar_Master\delay.h(11): warning:  #1295-D: Deprecated declaration Delay_1ms - give arg types
  void Delay_1ms();
..\SPI_Autosar_Master\delay.h(15): warning:  #1-D: last line of file ends without a newline
  #endif
..\SPI_Autosar_Master\dio.h(51): warning:  #1-D: last line of file ends without a newline
  #endif
main.c(99): warning:  #167-D: argument of type "Spi_ConfigType **" is incompatible with parameter of type "SPI_InitTypeDef *"
  	  SPI_Init(SPI2,&ConfigPtr);
main.c(111): warning:  #111-D: statement is unreachable
  	if(spi2) {
main.c(117): warning:  #111-D: statement is unreachable
  	return E_NOT_OK;
main.c(135): warning:  #111-D: statement is unreachable
  		break;
main.c(147): warning:  #111-D: statement is unreachable
  			break;
main.c(163): warning:  #111-D: statement is unreachable
  			 break;
main.c(172): warning:  #111-D: statement is unreachable
  				break;
main.c(191): warning:  #1-D: last line of file ends without a newline
  	
main.c: 12 warnings, 0 errors
compiling stm32f10x_rcc.c...
compiling misc.c...
compiling stm32f10x_spi.c...
assembling startup_stm32f10x_md.s...
compiling system_stm32f10x.c...
compiling stm32f10x_tim.c...
linking...
Program Size: Code=2360 RO-data=268 RW-data=4 ZI-data=1636  
FromELF: creating hex file...
".\Objects\SPI_Autosar.axf" - 0 Error(s), 17 Warning(s).

<h2>Software Packages used:</h2>

Package Vendor: ARM
                http://www.keil.com/pack/ARM.CMSIS.5.9.0.pack
                ARM.CMSIS.5.9.0
                CMSIS (Common Microcontroller Software Interface Standard)
   * Component: CORE Version: 5.6.0

Package Vendor: Keil
                https://www.keil.com/pack/Keil.STM32F1xx_DFP.2.4.1.pack
                Keil.STM32F1xx_DFP.2.4.1
                STMicroelectronics STM32F1 Series Device Support, Drivers and Examples
   * Component: Startup Version: 1.0.0
   * Component: Framework Version: 3.6.0
   * Component: GPIO Version: 3.6.0
   * Component: RCC Version: 3.6.0
   * Component: SPI Version: 3.6.0
   * Component: TIM Version: 3.6.0

<h2>Collection of Component include folders:</h2>
  .\RTE\Device\STM32F103C8
  .\RTE\_Target_1
  C:\Users\ADMIN\AppData\Local\Arm\Packs\ARM\CMSIS\5.9.0\CMSIS\Core\Include
  C:\Users\ADMIN\AppData\Local\Arm\Packs\Keil\STM32F1xx_DFP\2.4.1\Device\Include
  C:\Users\ADMIN\AppData\Local\Arm\Packs\Keil\STM32F1xx_DFP\2.4.1\Device\StdPeriph_Driver\inc

<h2>Collection of Component Files used:</h2>

   * Component: ARM::CMSIS:CORE:5.6.0

   * Component: Keil::Device:Startup:1.0.0
      Source file:   Device\Source\system_stm32f10x.c
      Include file:  RTE_Driver\Config\RTE_Device.h
      Source file:   Device\Source\ARM\startup_stm32f10x_md.s
      Source file:   Device\Source\ARM\STM32F1xx_OPT.s

   * Component: Keil::Device:StdPeriph Drivers:Framework:3.6.0
      Source file:   Device\StdPeriph_Driver\src\misc.c
      Source file:   Device\StdPeriph_Driver\templates\stm32f10x_conf.h
      Include file:  Device\StdPeriph_Driver\templates\stm32f10x_it.h
      Include file:  Device\StdPeriph_Driver\inc\misc.h
      Source file:   Device\StdPeriph_Driver\templates\stm32f10x_it.c

   * Component: Keil::Device:StdPeriph Drivers:GPIO:3.6.0
      Source file:   Device\StdPeriph_Driver\src\stm32f10x_gpio.c
      Include file:  Device\StdPeriph_Driver\inc\stm32f10x_gpio.h

   * Component: Keil::Device:StdPeriph Drivers:RCC:3.6.0
      Source file:   Device\StdPeriph_Driver\src\stm32f10x_rcc.c
      Include file:  Device\StdPeriph_Driver\inc\stm32f10x_rcc.h

   * Component: Keil::Device:StdPeriph Drivers:SPI:3.6.0
      Source file:   Device\StdPeriph_Driver\src\stm32f10x_spi.c
      Include file:  Device\StdPeriph_Driver\inc\stm32f10x_spi.h

   * Component: Keil::Device:StdPeriph Drivers:TIM:3.6.0
      Include file:  Device\StdPeriph_Driver\inc\stm32f10x_tim.h
      Source file:   Device\StdPeriph_Driver\src\stm32f10x_tim.c
Build Time Elapsed:  00:00:02
</pre>
</body>
</html>
